../Core/Src/main.c:157:5:main	24	static
../Core/Src/main.c:226:6:SystemClock_Config	88	static
../Core/Src/main.c:273:13:MX_TIM1_Init	80	static
../Core/Src/main.c:338:13:MX_TIM2_Init	56	static
../Core/Src/main.c:387:13:MX_TIM3_Init	32	static
../Core/Src/main.c:432:13:MX_TIM11_Init	8	static
../Core/Src/main.c:463:13:MX_USART2_UART_Init	8	static
../Core/Src/main.c:496:13:MX_GPIO_Init	48	static
../Core/Src/main.c:525:6:EncoderRead	8	static
../Core/Src/main.c:541:10:PWMAbs	16	static
../Core/Src/main.c:551:6:Drivemotor	24	static
../Core/Src/main.c:567:6:HAL_TIM_PeriodElapsedCallback	24	static
../Core/Src/main.c:579:10:Micros	12	static
../Core/Src/main.c:588:6:Error_Handler	4	static,ignoring_inline_asm
