../Core/Src/main.c:259:5:main	24	static
../Core/Src/main.c:342:6:SystemClock_Config	88	static
../Core/Src/main.c:388:13:MX_I2C1_Init	8	static
../Core/Src/main.c:422:13:MX_TIM1_Init	80	static
../Core/Src/main.c:487:13:MX_TIM2_Init	56	static
../Core/Src/main.c:536:13:MX_TIM3_Init	32	static
../Core/Src/main.c:581:13:MX_TIM4_Init	32	static
../Core/Src/main.c:626:13:MX_TIM11_Init	8	static
../Core/Src/main.c:657:13:MX_USART2_UART_Init	8	static
../Core/Src/main.c:688:13:MX_DMA_Init	16	static
../Core/Src/main.c:709:13:MX_GPIO_Init	48	static
../Core/Src/main.c:767:6:EncoderRead	8	static
../Core/Src/main.c:784:10:Int32Abs	16	static
../Core/Src/main.c:794:6:Drivemotor	24	static
../Core/Src/main.c:811:6:ControllLoopAndErrorHandler	16	static
../Core/Src/main.c:849:6:HAL_TIM_PeriodElapsedCallback	24	static
../Core/Src/main.c:855:10:Micros	12	static
../Core/Src/main.c:860:6:Ringbuf_Init	8	static
../Core/Src/main.c:874:6:Ringbuf_Reset	8	static
../Core/Src/main.c:884:6:checkSum	24	static
../Core/Src/main.c:913:9:checkAck	16	static
../Core/Src/main.c:919:6:HAL_UARTEx_RxEventCallback	16	static
../Core/Src/main.c:950:6:UARTstateManagement	24	static
../Core/Src/main.c:1102:6:RobotstateManagement	8	static
../Core/Src/main.c:1163:6:I2CWriteFcn	16	static
../Core/Src/main.c:1171:6:I2CReadFcn	16	static
../Core/Src/main.c:1178:6:EndEffstateManagement	8	static
../Core/Src/main.c:1263:6:HAL_GPIO_EXTI_Callback	16	static
../Core/Src/main.c:1301:6:RobotRunToPositon	16	static
../Core/Src/main.c:1310:6:TIM_ResetCounter	16	static
../Core/Src/main.c:1324:6:Error_Handler	4	static,ignoring_inline_asm
