../Core/Src/main.c:176:5:main	8	static
../Core/Src/main.c:238:6:SystemClock_Config	88	static
../Core/Src/main.c:285:13:MX_TIM1_Init	80	static
../Core/Src/main.c:350:13:MX_TIM2_Init	56	static
../Core/Src/main.c:399:13:MX_TIM3_Init	32	static
../Core/Src/main.c:444:13:MX_TIM11_Init	8	static
../Core/Src/main.c:475:13:MX_USART2_UART_Init	8	static
../Core/Src/main.c:508:13:MX_GPIO_Init	48	static
../Core/Src/main.c:537:6:EncoderRead	8	static
../Core/Src/main.c:554:10:PWMAbs	16	static
../Core/Src/main.c:564:6:Drivemotor	24	static
../Core/Src/main.c:580:7:AbsVal	16	static
../Core/Src/main.c:592:6:ControllLoopAndErrorHandler	16	static
../Core/Src/main.c:618:6:HAL_TIM_PeriodElapsedCallback	32	static
../Core/Src/main.c:631:10:Micros	12	static
../Core/Src/main.c:635:9:UARTRecieveIT	8	static
../Core/Src/main.c:674:6:Error_Handler	4	static,ignoring_inline_asm
