../Core/Src/main.c:165:5:main	24	static
../Core/Src/main.c:234:6:SystemClock_Config	88	static
../Core/Src/main.c:281:13:MX_TIM1_Init	80	static
../Core/Src/main.c:346:13:MX_TIM2_Init	56	static
../Core/Src/main.c:395:13:MX_TIM3_Init	32	static
../Core/Src/main.c:440:13:MX_TIM4_Init	32	static
../Core/Src/main.c:485:13:MX_TIM11_Init	8	static
../Core/Src/main.c:516:13:MX_USART2_UART_Init	8	static
../Core/Src/main.c:549:13:MX_GPIO_Init	48	static
../Core/Src/main.c:578:6:EncoderRead	8	static
../Core/Src/main.c:595:10:PWMAbs	16	static
../Core/Src/main.c:605:6:Drivemotor	24	static
../Core/Src/main.c:621:6:HAL_TIM_PeriodElapsedCallback	32	static
../Core/Src/main.c:642:10:Micros	12	static
../Core/Src/main.c:651:6:Error_Handler	4	static,ignoring_inline_asm
