../Core/Src/main.c:236:5:main	8	static
../Core/Src/main.c:306:6:SystemClock_Config	88	static
../Core/Src/main.c:353:13:MX_I2C1_Init	8	static
../Core/Src/main.c:387:13:MX_TIM1_Init	80	static
../Core/Src/main.c:452:13:MX_TIM2_Init	56	static
../Core/Src/main.c:501:13:MX_TIM3_Init	32	static
../Core/Src/main.c:546:13:MX_TIM4_Init	32	static
../Core/Src/main.c:591:13:MX_TIM11_Init	8	static
../Core/Src/main.c:622:13:MX_USART2_UART_Init	8	static
../Core/Src/main.c:653:13:MX_DMA_Init	16	static
../Core/Src/main.c:674:13:MX_GPIO_Init	48	static
../Core/Src/main.c:732:6:EncoderRead	8	static
../Core/Src/main.c:757:10:PWMAbs	16	static
../Core/Src/main.c:767:6:Drivemotor	24	static
../Core/Src/main.c:784:6:ControllLoopAndErrorHandler	16	static
../Core/Src/main.c:811:6:I2CWriteFcn	16	static
../Core/Src/main.c:820:6:I2CReadFcn	16	static
../Core/Src/main.c:830:6:HAL_GPIO_EXTI_Callback	16	static
../Core/Src/main.c:856:6:HAL_TIM_PeriodElapsedCallback	32	static
../Core/Src/main.c:875:10:Micros	12	static
../Core/Src/main.c:880:6:Ringbuf_Init	8	static
../Core/Src/main.c:894:6:Ringbuf_Reset	8	static
../Core/Src/main.c:904:9:checkSum	24	static
../Core/Src/main.c:921:9:checkAck	24	static
../Core/Src/main.c:930:6:HAL_UARTEx_RxEventCallback	24	static
../Core/Src/main.c:976:6:stateManagement	24	static
../Core/Src/main.c:1141:6:Error_Handler	4	static,ignoring_inline_asm
