../Core/Src/main.c:237:5:main	24	static
../Core/Src/main.c:302:6:SystemClock_Config	88	static
../Core/Src/main.c:349:13:MX_TIM1_Init	80	static
../Core/Src/main.c:414:13:MX_TIM2_Init	56	static
../Core/Src/main.c:463:13:MX_TIM3_Init	32	static
../Core/Src/main.c:508:13:MX_TIM11_Init	8	static
../Core/Src/main.c:539:13:MX_USART2_UART_Init	8	static
../Core/Src/main.c:572:13:MX_GPIO_Init	48	static
../Core/Src/main.c:601:6:KalmanMatrixInit	8	static
../Core/Src/main.c:643:6:KalmanFilterFunction	8	static
../Core/Src/main.c:742:10:aaabs	16	static
../Core/Src/main.c:752:6:Drivemotor	24	static
../Core/Src/main.c:768:6:HAL_TIM_PeriodElapsedCallback	24	static
../Core/Src/main.c:777:10:Micros	12	static
../Core/Src/main.c:786:6:Error_Handler	4	static,ignoring_inline_asm
