../Core/Src/main.c:152:5:main	24	static
../Core/Src/main.c:216:6:SystemClock_Config	88	static
../Core/Src/main.c:263:13:MX_TIM1_Init	80	static
../Core/Src/main.c:328:13:MX_TIM2_Init	56	static
../Core/Src/main.c:377:13:MX_TIM3_Init	32	static
../Core/Src/main.c:422:13:MX_TIM11_Init	8	static
../Core/Src/main.c:453:13:MX_USART2_UART_Init	8	static
../Core/Src/main.c:486:13:MX_GPIO_Init	48	static
../Core/Src/main.c:515:6:EncoderRead	8	static
../Core/Src/main.c:531:10:aaabs	16	static
../Core/Src/main.c:541:6:Drivemotor	24	static
../Core/Src/main.c:557:6:HAL_TIM_PeriodElapsedCallback	24	static
../Core/Src/main.c:567:10:Micros	12	static
../Core/Src/main.c:576:6:Error_Handler	4	static,ignoring_inline_asm
