../Core/Src/main.c:171:5:main	8	static
../Core/Src/main.c:231:6:SystemClock_Config	88	static
../Core/Src/main.c:278:13:MX_TIM1_Init	80	static
../Core/Src/main.c:343:13:MX_TIM2_Init	56	static
../Core/Src/main.c:392:13:MX_TIM3_Init	32	static
../Core/Src/main.c:437:13:MX_TIM11_Init	8	static
../Core/Src/main.c:468:13:MX_USART2_UART_Init	8	static
../Core/Src/main.c:501:13:MX_GPIO_Init	48	static
../Core/Src/main.c:530:6:EncoderRead	8	static
../Core/Src/main.c:547:10:PWMAbs	16	static
../Core/Src/main.c:556:6:Drivemotor	24	static
../Core/Src/main.c:572:7:AbsVal	16	static
../Core/Src/main.c:584:6:ControllLoopAndErrorHandler	16	static
../Core/Src/main.c:614:6:HAL_TIM_PeriodElapsedCallback	32	static
../Core/Src/main.c:627:10:Micros	12	static
../Core/Src/main.c:636:6:Error_Handler	4	static,ignoring_inline_asm
