../Core/Src/main.c:239:5:main	24	static
../Core/Src/main.c:303:6:SystemClock_Config	88	static
../Core/Src/main.c:350:13:MX_TIM1_Init	80	static
../Core/Src/main.c:415:13:MX_TIM2_Init	56	static
../Core/Src/main.c:464:13:MX_TIM3_Init	32	static
../Core/Src/main.c:509:13:MX_TIM11_Init	8	static
../Core/Src/main.c:540:13:MX_USART2_UART_Init	8	static
../Core/Src/main.c:573:13:MX_GPIO_Init	48	static
../Core/Src/main.c:602:6:KalmanMatrixInit	8	static
../Core/Src/main.c:644:6:KalmanFilterFunction	8	static
../Core/Src/main.c:675:6:EncoderRead	8	static
../Core/Src/main.c:691:10:aaabs	16	static
../Core/Src/main.c:701:6:Drivemotor	24	static
../Core/Src/main.c:717:6:HAL_TIM_PeriodElapsedCallback	24	static
../Core/Src/main.c:727:10:Micros	12	static
../Core/Src/main.c:736:6:Error_Handler	4	static,ignoring_inline_asm
