../Core/Src/main.c:271:5:main	24	static
../Core/Src/main.c:354:6:SystemClock_Config	88	static
../Core/Src/main.c:400:13:MX_I2C1_Init	8	static
../Core/Src/main.c:434:13:MX_TIM1_Init	80	static
../Core/Src/main.c:499:13:MX_TIM2_Init	56	static
../Core/Src/main.c:548:13:MX_TIM3_Init	32	static
../Core/Src/main.c:593:13:MX_TIM4_Init	32	static
../Core/Src/main.c:638:13:MX_TIM11_Init	8	static
../Core/Src/main.c:669:13:MX_USART2_UART_Init	8	static
../Core/Src/main.c:700:13:MX_DMA_Init	16	static
../Core/Src/main.c:721:13:MX_GPIO_Init	48	static
../Core/Src/main.c:779:6:EncoderRead	8	static
../Core/Src/main.c:796:10:Int32Abs	16	static
../Core/Src/main.c:806:6:Drivemotor	24	static
../Core/Src/main.c:823:6:ControllLoopAndErrorHandler	16	static
../Core/Src/main.c:861:7:InverseTFofMotor	16	static
../Core/Src/main.c:867:6:HAL_TIM_PeriodElapsedCallback	24	static
../Core/Src/main.c:873:10:Micros	12	static
../Core/Src/main.c:878:6:Ringbuf_Init	8	static
../Core/Src/main.c:892:6:Ringbuf_Reset	8	static
../Core/Src/main.c:902:6:checkSum	24	static
../Core/Src/main.c:931:9:checkAck	16	static
../Core/Src/main.c:937:6:HAL_UARTEx_RxEventCallback	16	static
../Core/Src/main.c:968:6:UARTstateManagement	24	static
../Core/Src/main.c:1164:6:RobotstateManagement	8	static
../Core/Src/main.c:1244:6:I2CWriteFcn	16	static
../Core/Src/main.c:1252:6:I2CReadFcn	16	static
../Core/Src/main.c:1259:6:EndEffstateManagement	16	static
../Core/Src/main.c:1363:6:HAL_GPIO_EXTI_Callback	16	static
../Core/Src/main.c:1402:6:RobotRunToPositon	16	static
../Core/Src/main.c:1411:6:TIM_ResetCounter	16	static
../Core/Src/main.c:1425:6:Error_Handler	4	static,ignoring_inline_asm
