../Core/Src/main.c:269:5:main	24	static
../Core/Src/main.c:352:6:SystemClock_Config	88	static
../Core/Src/main.c:398:13:MX_I2C1_Init	8	static
../Core/Src/main.c:432:13:MX_TIM1_Init	80	static
../Core/Src/main.c:497:13:MX_TIM2_Init	56	static
../Core/Src/main.c:546:13:MX_TIM3_Init	32	static
../Core/Src/main.c:591:13:MX_TIM4_Init	32	static
../Core/Src/main.c:636:13:MX_TIM11_Init	8	static
../Core/Src/main.c:667:13:MX_USART2_UART_Init	8	static
../Core/Src/main.c:698:13:MX_DMA_Init	16	static
../Core/Src/main.c:719:13:MX_GPIO_Init	48	static
../Core/Src/main.c:777:6:EncoderRead	8	static
../Core/Src/main.c:794:10:Int32Abs	16	static
../Core/Src/main.c:804:6:Drivemotor	24	static
../Core/Src/main.c:821:6:ControllLoopAndErrorHandler	16	static
../Core/Src/main.c:859:7:InverseTFofMotor	16	static
../Core/Src/main.c:865:6:HAL_TIM_PeriodElapsedCallback	24	static
../Core/Src/main.c:871:10:Micros	12	static
../Core/Src/main.c:876:6:Ringbuf_Init	8	static
../Core/Src/main.c:890:6:Ringbuf_Reset	8	static
../Core/Src/main.c:900:6:checkSum	24	static
../Core/Src/main.c:929:9:checkAck	16	static
../Core/Src/main.c:935:6:HAL_UARTEx_RxEventCallback	16	static
../Core/Src/main.c:966:6:UARTstateManagement	24	static
../Core/Src/main.c:1158:6:RobotstateManagement	8	static
../Core/Src/main.c:1238:6:I2CWriteFcn	16	static
../Core/Src/main.c:1246:6:I2CReadFcn	16	static
../Core/Src/main.c:1253:6:EndEffstateManagement	8	static
../Core/Src/main.c:1350:6:HAL_GPIO_EXTI_Callback	16	static
../Core/Src/main.c:1386:6:RobotRunToPositon	16	static
../Core/Src/main.c:1395:6:TIM_ResetCounter	16	static
../Core/Src/main.c:1409:6:Error_Handler	4	static,ignoring_inline_asm
