../Core/Src/main.c:184:5:main	8	static
../Core/Src/main.c:250:6:SystemClock_Config	88	static
../Core/Src/main.c:297:13:MX_I2C1_Init	8	static
../Core/Src/main.c:331:13:MX_TIM1_Init	80	static
../Core/Src/main.c:396:13:MX_TIM2_Init	56	static
../Core/Src/main.c:445:13:MX_TIM3_Init	32	static
../Core/Src/main.c:490:13:MX_TIM4_Init	32	static
../Core/Src/main.c:535:13:MX_TIM11_Init	8	static
../Core/Src/main.c:566:13:MX_USART2_UART_Init	8	static
../Core/Src/main.c:599:13:MX_GPIO_Init	48	static
../Core/Src/main.c:657:6:EncoderRead	8	static
../Core/Src/main.c:674:10:PWMAbs	16	static
../Core/Src/main.c:684:6:Drivemotor	24	static
../Core/Src/main.c:701:6:ControllLoopAndErrorHandler	16	static
../Core/Src/main.c:730:6:I2CWriteFcn	16	static
../Core/Src/main.c:739:6:I2CReadFcn	16	static
../Core/Src/main.c:749:6:HAL_GPIO_EXTI_Callback	16	static
../Core/Src/main.c:775:6:HAL_TIM_PeriodElapsedCallback	32	static
../Core/Src/main.c:798:10:Micros	12	static
../Core/Src/main.c:807:6:Error_Handler	4	static,ignoring_inline_asm
