../Core/Src/main.c:167:5:main	8	static
../Core/Src/main.c:227:6:SystemClock_Config	88	static
../Core/Src/main.c:274:13:MX_TIM1_Init	80	static
../Core/Src/main.c:339:13:MX_TIM2_Init	56	static
../Core/Src/main.c:388:13:MX_TIM3_Init	32	static
../Core/Src/main.c:433:13:MX_TIM11_Init	8	static
../Core/Src/main.c:464:13:MX_USART2_UART_Init	8	static
../Core/Src/main.c:497:13:MX_GPIO_Init	48	static
../Core/Src/main.c:526:6:EncoderRead	8	static
../Core/Src/main.c:543:10:PWMAbs	16	static
../Core/Src/main.c:553:6:Drivemotor	24	static
../Core/Src/main.c:568:6:HAL_TIM_PeriodElapsedCallback	40	static
../Core/Src/main.c:592:10:Micros	12	static
../Core/Src/main.c:601:6:Error_Handler	4	static,ignoring_inline_asm
