../Core/Src/main.c:217:5:main	24	static
../Core/Src/main.c:311:6:SystemClock_Config	88	static
../Core/Src/main.c:358:13:MX_TIM1_Init	80	static
../Core/Src/main.c:423:13:MX_TIM2_Init	56	static
../Core/Src/main.c:472:13:MX_TIM3_Init	32	static
../Core/Src/main.c:517:13:MX_TIM11_Init	8	static
../Core/Src/main.c:548:13:MX_USART2_UART_Init	8	static
../Core/Src/main.c:581:13:MX_GPIO_Init	48	static
../Core/Src/main.c:610:6:KalmanFilterFunction	8	static
../Core/Src/main.c:707:10:aaabs	16	static
../Core/Src/main.c:717:6:Drivemotor	24	static
../Core/Src/main.c:733:6:HAL_TIM_PeriodElapsedCallback	24	static
../Core/Src/main.c:742:10:Micros	12	static
../Core/Src/main.c:751:6:Error_Handler	4	static,ignoring_inline_asm
