../Core/Src/main.c:154:5:main	24	static
../Core/Src/main.c:219:6:SystemClock_Config	88	static
../Core/Src/main.c:266:13:MX_TIM1_Init	80	static
../Core/Src/main.c:331:13:MX_TIM2_Init	56	static
../Core/Src/main.c:380:13:MX_TIM3_Init	32	static
../Core/Src/main.c:425:13:MX_TIM11_Init	8	static
../Core/Src/main.c:456:13:MX_USART2_UART_Init	8	static
../Core/Src/main.c:489:13:MX_GPIO_Init	48	static
../Core/Src/main.c:518:6:EncoderRead	8	static
../Core/Src/main.c:534:10:aaabs	16	static
../Core/Src/main.c:544:6:Drivemotor	24	static
../Core/Src/main.c:560:6:HAL_TIM_PeriodElapsedCallback	24	static
../Core/Src/main.c:570:10:Micros	12	static
../Core/Src/main.c:579:6:Error_Handler	4	static,ignoring_inline_asm
