../Core/Src/main.c:235:5:main	8	static
../Core/Src/main.c:305:6:SystemClock_Config	88	static
../Core/Src/main.c:352:13:MX_I2C1_Init	8	static
../Core/Src/main.c:386:13:MX_TIM1_Init	80	static
../Core/Src/main.c:451:13:MX_TIM2_Init	56	static
../Core/Src/main.c:500:13:MX_TIM3_Init	32	static
../Core/Src/main.c:545:13:MX_TIM4_Init	32	static
../Core/Src/main.c:590:13:MX_TIM11_Init	8	static
../Core/Src/main.c:621:13:MX_USART2_UART_Init	8	static
../Core/Src/main.c:652:13:MX_DMA_Init	16	static
../Core/Src/main.c:670:13:MX_GPIO_Init	48	static
../Core/Src/main.c:728:6:EncoderRead	8	static
../Core/Src/main.c:753:10:PWMAbs	16	static
../Core/Src/main.c:763:6:Drivemotor	24	static
../Core/Src/main.c:780:6:ControllLoopAndErrorHandler	16	static
../Core/Src/main.c:807:6:I2CWriteFcn	16	static
../Core/Src/main.c:816:6:I2CReadFcn	16	static
../Core/Src/main.c:826:6:HAL_GPIO_EXTI_Callback	16	static
../Core/Src/main.c:852:6:HAL_TIM_PeriodElapsedCallback	32	static
../Core/Src/main.c:871:10:Micros	12	static
../Core/Src/main.c:876:6:Ringbuf_Init	8	static
../Core/Src/main.c:890:6:Ringbuf_Reset	8	static
../Core/Src/main.c:900:9:checkSum	24	static
../Core/Src/main.c:917:9:checkAck	24	static
../Core/Src/main.c:926:6:HAL_UARTEx_RxEventCallback	24	static
../Core/Src/main.c:972:6:stateManagement	24	static
../Core/Src/main.c:1137:6:Error_Handler	4	static,ignoring_inline_asm
