../Core/Src/main.c:264:5:main	8	static
../Core/Src/main.c:334:6:SystemClock_Config	88	static
../Core/Src/main.c:381:13:MX_I2C1_Init	8	static
../Core/Src/main.c:415:13:MX_TIM1_Init	80	static
../Core/Src/main.c:480:13:MX_TIM2_Init	56	static
../Core/Src/main.c:529:13:MX_TIM3_Init	32	static
../Core/Src/main.c:574:13:MX_TIM4_Init	32	static
../Core/Src/main.c:619:13:MX_TIM11_Init	8	static
../Core/Src/main.c:650:13:MX_USART2_UART_Init	8	static
../Core/Src/main.c:681:13:MX_DMA_Init	16	static
../Core/Src/main.c:702:13:MX_GPIO_Init	48	static
../Core/Src/main.c:760:6:EncoderRead	8	static
../Core/Src/main.c:777:10:PWMAbs	16	static
../Core/Src/main.c:787:6:Drivemotor	24	static
../Core/Src/main.c:804:6:ControllLoopAndErrorHandler	16	static
../Core/Src/main.c:842:6:HAL_TIM_PeriodElapsedCallback	32	static
../Core/Src/main.c:863:10:Micros	12	static
../Core/Src/main.c:868:6:Ringbuf_Init	8	static
../Core/Src/main.c:882:6:Ringbuf_Reset	8	static
../Core/Src/main.c:892:9:checkSum	24	static
../Core/Src/main.c:909:9:checkAck	24	static
../Core/Src/main.c:925:6:HAL_UARTEx_RxEventCallback	24	static
../Core/Src/main.c:971:6:UARTstateManagement	24	static
../Core/Src/main.c:1138:6:RobotstateManagement	8	static
../Core/Src/main.c:1199:6:I2CWriteFcn	16	static
../Core/Src/main.c:1208:6:I2CReadFcn	16	static
../Core/Src/main.c:1217:6:HAL_I2C_MasterTxCpltCallback	16	static
../Core/Src/main.c:1222:6:HAL_I2C_MasterRxCpltCallback	16	static
../Core/Src/main.c:1227:6:EndEffstateManagement	8	static
../Core/Src/main.c:1315:6:HAL_GPIO_EXTI_Callback	16	static
../Core/Src/main.c:1362:6:RobotRunToPositon	16	static
../Core/Src/main.c:1371:6:TIM_ResetCounter	16	static
../Core/Src/main.c:1385:6:Error_Handler	4	static,ignoring_inline_asm
