../Core/Src/main.c:163:5:main	8	static
../Core/Src/main.c:223:6:SystemClock_Config	88	static
../Core/Src/main.c:270:13:MX_TIM1_Init	80	static
../Core/Src/main.c:335:13:MX_TIM2_Init	56	static
../Core/Src/main.c:384:13:MX_TIM3_Init	32	static
../Core/Src/main.c:429:13:MX_TIM11_Init	8	static
../Core/Src/main.c:460:13:MX_USART2_UART_Init	8	static
../Core/Src/main.c:493:13:MX_GPIO_Init	48	static
../Core/Src/main.c:522:6:EncoderRead	8	static
../Core/Src/main.c:539:10:PWMAbs	16	static
../Core/Src/main.c:549:6:Drivemotor	24	static
../Core/Src/main.c:565:7:AbsVal	16	static
../Core/Src/main.c:577:6:ControllLoopAndErrorHandler	16	static
../Core/Src/main.c:603:6:HAL_TIM_PeriodElapsedCallback	32	static
../Core/Src/main.c:616:10:Micros	12	static
../Core/Src/main.c:625:6:Error_Handler	4	static,ignoring_inline_asm
