../Core/Src/main.c:234:5:main	8	static
../Core/Src/main.c:304:6:SystemClock_Config	88	static
../Core/Src/main.c:351:13:MX_I2C1_Init	8	static
../Core/Src/main.c:385:13:MX_TIM1_Init	80	static
../Core/Src/main.c:450:13:MX_TIM2_Init	56	static
../Core/Src/main.c:499:13:MX_TIM3_Init	32	static
../Core/Src/main.c:544:13:MX_TIM4_Init	32	static
../Core/Src/main.c:589:13:MX_TIM11_Init	8	static
../Core/Src/main.c:620:13:MX_USART2_UART_Init	8	static
../Core/Src/main.c:651:13:MX_DMA_Init	16	static
../Core/Src/main.c:669:13:MX_GPIO_Init	48	static
../Core/Src/main.c:727:6:EncoderRead	8	static
../Core/Src/main.c:752:10:PWMAbs	16	static
../Core/Src/main.c:762:6:Drivemotor	24	static
../Core/Src/main.c:779:6:ControllLoopAndErrorHandler	16	static
../Core/Src/main.c:806:6:I2CWriteFcn	16	static
../Core/Src/main.c:815:6:I2CReadFcn	16	static
../Core/Src/main.c:825:6:HAL_GPIO_EXTI_Callback	16	static
../Core/Src/main.c:851:6:HAL_TIM_PeriodElapsedCallback	32	static
../Core/Src/main.c:870:10:Micros	12	static
../Core/Src/main.c:875:6:Ringbuf_Init	8	static
../Core/Src/main.c:889:6:Ringbuf_Reset	8	static
../Core/Src/main.c:899:9:checkSum	24	static
../Core/Src/main.c:916:6:HAL_UARTEx_RxEventCallback	24	static
../Core/Src/main.c:962:6:stateManagement	24	static
../Core/Src/main.c:1108:6:Error_Handler	4	static,ignoring_inline_asm
