../Core/Src/main.c:163:5:main	24	static
../Core/Src/main.c:232:6:SystemClock_Config	88	static
../Core/Src/main.c:279:13:MX_TIM1_Init	80	static
../Core/Src/main.c:344:13:MX_TIM2_Init	56	static
../Core/Src/main.c:393:13:MX_TIM3_Init	32	static
../Core/Src/main.c:438:13:MX_TIM4_Init	32	static
../Core/Src/main.c:483:13:MX_TIM11_Init	8	static
../Core/Src/main.c:514:13:MX_USART2_UART_Init	8	static
../Core/Src/main.c:547:13:MX_GPIO_Init	48	static
../Core/Src/main.c:576:6:EncoderRead	8	static
../Core/Src/main.c:592:10:PWMAbs	16	static
../Core/Src/main.c:602:6:Drivemotor	24	static
../Core/Src/main.c:618:6:HAL_TIM_PeriodElapsedCallback	32	static
../Core/Src/main.c:639:10:Micros	12	static
../Core/Src/main.c:648:6:Error_Handler	4	static,ignoring_inline_asm
