../Core/Src/main.c:154:5:main	24	static
../Core/Src/main.c:218:6:SystemClock_Config	88	static
../Core/Src/main.c:265:13:MX_TIM1_Init	80	static
../Core/Src/main.c:330:13:MX_TIM2_Init	56	static
../Core/Src/main.c:379:13:MX_TIM3_Init	32	static
../Core/Src/main.c:424:13:MX_TIM11_Init	8	static
../Core/Src/main.c:455:13:MX_USART2_UART_Init	8	static
../Core/Src/main.c:488:13:MX_GPIO_Init	48	static
../Core/Src/main.c:517:6:EncoderRead	8	static
../Core/Src/main.c:533:10:aaabs	16	static
../Core/Src/main.c:543:6:Drivemotor	24	static
../Core/Src/main.c:559:6:HAL_TIM_PeriodElapsedCallback	24	static
../Core/Src/main.c:569:10:Micros	12	static
../Core/Src/main.c:578:6:Error_Handler	4	static,ignoring_inline_asm
