../Core/Src/main.c:256:5:main	8	static
../Core/Src/main.c:324:6:SystemClock_Config	88	static
../Core/Src/main.c:371:13:MX_I2C1_Init	8	static
../Core/Src/main.c:405:13:MX_TIM1_Init	80	static
../Core/Src/main.c:470:13:MX_TIM2_Init	56	static
../Core/Src/main.c:519:13:MX_TIM3_Init	32	static
../Core/Src/main.c:564:13:MX_TIM4_Init	32	static
../Core/Src/main.c:609:13:MX_TIM11_Init	8	static
../Core/Src/main.c:640:13:MX_USART2_UART_Init	8	static
../Core/Src/main.c:671:13:MX_DMA_Init	16	static
../Core/Src/main.c:692:13:MX_GPIO_Init	48	static
../Core/Src/main.c:750:6:EncoderRead	8	static
../Core/Src/main.c:767:10:Int32Abs	16	static
../Core/Src/main.c:777:6:Drivemotor	24	static
../Core/Src/main.c:794:6:ControllLoopAndErrorHandler	16	static
../Core/Src/main.c:832:6:HAL_TIM_PeriodElapsedCallback	32	static
../Core/Src/main.c:853:10:Micros	12	static
../Core/Src/main.c:858:6:Ringbuf_Init	8	static
../Core/Src/main.c:872:6:Ringbuf_Reset	8	static
../Core/Src/main.c:882:9:checkSum	32	static
../Core/Src/main.c:935:6:HAL_UARTEx_RxEventCallback	24	static
../Core/Src/main.c:983:6:UARTstateManagement	24	static
../Core/Src/main.c:1150:6:RobotstateManagement	8	static
../Core/Src/main.c:1211:6:I2CWriteFcn	16	static
../Core/Src/main.c:1219:6:I2CReadFcn	16	static
../Core/Src/main.c:1226:6:EndEffstateManagement	8	static
../Core/Src/main.c:1311:6:HAL_GPIO_EXTI_Callback	16	static
../Core/Src/main.c:1349:6:RobotRunToPositon	16	static
../Core/Src/main.c:1358:6:TIM_ResetCounter	16	static
../Core/Src/main.c:1372:6:Error_Handler	4	static,ignoring_inline_asm
