../Core/Src/main.c:263:5:main	24	static
../Core/Src/main.c:346:6:SystemClock_Config	88	static
../Core/Src/main.c:392:13:MX_I2C1_Init	8	static
../Core/Src/main.c:426:13:MX_TIM1_Init	80	static
../Core/Src/main.c:491:13:MX_TIM2_Init	56	static
../Core/Src/main.c:540:13:MX_TIM3_Init	32	static
../Core/Src/main.c:585:13:MX_TIM4_Init	32	static
../Core/Src/main.c:630:13:MX_TIM11_Init	8	static
../Core/Src/main.c:661:13:MX_USART2_UART_Init	8	static
../Core/Src/main.c:692:13:MX_DMA_Init	16	static
../Core/Src/main.c:713:13:MX_GPIO_Init	48	static
../Core/Src/main.c:771:6:EncoderRead	8	static
../Core/Src/main.c:788:10:Int32Abs	16	static
../Core/Src/main.c:798:6:Drivemotor	24	static
../Core/Src/main.c:815:6:ControllLoopAndErrorHandler	16	static
../Core/Src/main.c:853:6:HAL_TIM_PeriodElapsedCallback	24	static
../Core/Src/main.c:859:10:Micros	12	static
../Core/Src/main.c:864:6:Ringbuf_Init	8	static
../Core/Src/main.c:878:6:Ringbuf_Reset	8	static
../Core/Src/main.c:888:6:checkSum	24	static
../Core/Src/main.c:922:9:checkAck	16	static
../Core/Src/main.c:928:6:HAL_UARTEx_RxEventCallback	16	static
../Core/Src/main.c:954:6:UARTstateManagement	24	static
../Core/Src/main.c:1125:6:RobotstateManagement	8	static
../Core/Src/main.c:1186:6:I2CWriteFcn	16	static
../Core/Src/main.c:1194:6:I2CReadFcn	16	static
../Core/Src/main.c:1201:6:EndEffstateManagement	8	static
../Core/Src/main.c:1286:6:HAL_GPIO_EXTI_Callback	16	static
../Core/Src/main.c:1324:6:RobotRunToPositon	16	static
../Core/Src/main.c:1333:6:TIM_ResetCounter	16	static
../Core/Src/main.c:1347:6:Error_Handler	4	static,ignoring_inline_asm
