../Core/Src/main.c:157:5:main	24	static
../Core/Src/main.c:225:6:SystemClock_Config	88	static
../Core/Src/main.c:272:13:MX_TIM1_Init	80	static
../Core/Src/main.c:337:13:MX_TIM2_Init	56	static
../Core/Src/main.c:386:13:MX_TIM3_Init	32	static
../Core/Src/main.c:431:13:MX_TIM11_Init	8	static
../Core/Src/main.c:462:13:MX_USART2_UART_Init	8	static
../Core/Src/main.c:495:13:MX_GPIO_Init	48	static
../Core/Src/main.c:524:6:EncoderRead	8	static
../Core/Src/main.c:540:10:PWMAbs	16	static
../Core/Src/main.c:550:6:Drivemotor	24	static
../Core/Src/main.c:566:6:HAL_TIM_PeriodElapsedCallback	24	static
../Core/Src/main.c:578:10:Micros	12	static
../Core/Src/main.c:587:6:Error_Handler	4	static,ignoring_inline_asm
