../Core/Src/main.c:254:5:main	24	static
../Core/Src/main.c:332:6:SystemClock_Config	88	static
../Core/Src/main.c:379:13:MX_I2C1_Init	8	static
../Core/Src/main.c:413:13:MX_TIM1_Init	80	static
../Core/Src/main.c:478:13:MX_TIM2_Init	56	static
../Core/Src/main.c:527:13:MX_TIM11_Init	8	static
../Core/Src/main.c:558:13:MX_USART2_UART_Init	8	static
../Core/Src/main.c:589:13:MX_DMA_Init	16	static
../Core/Src/main.c:610:13:MX_GPIO_Init	48	static
../Core/Src/main.c:668:6:EncoderRead	8	static
../Core/Src/main.c:685:10:Int32Abs	16	static
../Core/Src/main.c:695:6:Drivemotor	24	static
../Core/Src/main.c:712:6:ControllLoopAndErrorHandler	16	static
../Core/Src/main.c:750:6:HAL_TIM_PeriodElapsedCallback	24	static
../Core/Src/main.c:756:10:Micros	12	static
../Core/Src/main.c:761:6:Ringbuf_Init	8	static
../Core/Src/main.c:775:6:Ringbuf_Reset	8	static
../Core/Src/main.c:785:9:checkSum	32	static
../Core/Src/main.c:838:6:HAL_UARTEx_RxEventCallback	16	static
../Core/Src/main.c:867:6:UARTstateManagement	24	static
../Core/Src/main.c:1034:6:RobotstateManagement	8	static
../Core/Src/main.c:1095:6:I2CWriteFcn	16	static
../Core/Src/main.c:1103:6:I2CReadFcn	16	static
../Core/Src/main.c:1110:6:EndEffstateManagement	8	static
../Core/Src/main.c:1195:6:HAL_GPIO_EXTI_Callback	16	static
../Core/Src/main.c:1233:6:RobotRunToPositon	16	static
../Core/Src/main.c:1242:6:TIM_ResetCounter	16	static
../Core/Src/main.c:1256:6:Error_Handler	4	static,ignoring_inline_asm
