Archive member included to satisfy reference by file (symbol)

../Middlewares/Third_Party/ARM_CMSIS/CMSIS/DSP/Lib/GCC\libarm_cortexM4lf_math.a(arm_mat_trans_f32.o)
                              ./Core/Src/Kalman.o (arm_mat_trans_f32)
../Middlewares/Third_Party/ARM_CMSIS/CMSIS/DSP/Lib/GCC\libarm_cortexM4lf_math.a(arm_mat_sub_f32.o)
                              ./Core/Src/Kalman.o (arm_mat_sub_f32)
../Middlewares/Third_Party/ARM_CMSIS/CMSIS/DSP/Lib/GCC\libarm_cortexM4lf_math.a(arm_mat_mult_f32.o)
                              ./Core/Src/Kalman.o (arm_mat_mult_f32)
../Middlewares/Third_Party/ARM_CMSIS/CMSIS/DSP/Lib/GCC\libarm_cortexM4lf_math.a(arm_mat_inverse_f32.o)
                              ./Core/Src/Kalman.o (arm_mat_inverse_f32)
../Middlewares/Third_Party/ARM_CMSIS/CMSIS/DSP/Lib/GCC\libarm_cortexM4lf_math.a(arm_mat_init_f32.o)
                              ./Core/Src/Kalman.o (arm_mat_init_f32)
../Middlewares/Third_Party/ARM_CMSIS/CMSIS/DSP/Lib/GCC\libarm_cortexM4lf_math.a(arm_mat_add_f32.o)
                              ./Core/Src/Kalman.o (arm_mat_add_f32)
c:/st/stm32cubeide_1.8.0/stm32cubeide/plugins/com.st.stm32cube.ide.mcu.externaltools.gnu-tools-for-stm32.10.3-2021.10.win32_1.0.0.202111181127/tools/bin/../lib/gcc/arm-none-eabi/10.3.1/../../../../arm-none-eabi/lib/thumb/v7e-m+fp/hard\libc_nano.a(lib_a-calloc.o)
                              ./Core/Src/biquad.o (calloc)
c:/st/stm32cubeide_1.8.0/stm32cubeide/plugins/com.st.stm32cube.ide.mcu.externaltools.gnu-tools-for-stm32.10.3-2021.10.win32_1.0.0.202111181127/tools/bin/../lib/gcc/arm-none-eabi/10.3.1/../../../../arm-none-eabi/lib/thumb/v7e-m+fp/hard\libc_nano.a(lib_a-errno.o)
                              ./Core/Src/syscalls.o (__errno)
c:/st/stm32cubeide_1.8.0/stm32cubeide/plugins/com.st.stm32cube.ide.mcu.externaltools.gnu-tools-for-stm32.10.3-2021.10.win32_1.0.0.202111181127/tools/bin/../lib/gcc/arm-none-eabi/10.3.1/../../../../arm-none-eabi/lib/thumb/v7e-m+fp/hard\libc_nano.a(lib_a-exit.o)
                              c:/st/stm32cubeide_1.8.0/stm32cubeide/plugins/com.st.stm32cube.ide.mcu.externaltools.gnu-tools-for-stm32.10.3-2021.10.win32_1.0.0.202111181127/tools/bin/../lib/gcc/arm-none-eabi/10.3.1/../../../../arm-none-eabi/lib/thumb/v7e-m+fp/hard/crt0.o (exit)
c:/st/stm32cubeide_1.8.0/stm32cubeide/plugins/com.st.stm32cube.ide.mcu.externaltools.gnu-tools-for-stm32.10.3-2021.10.win32_1.0.0.202111181127/tools/bin/../lib/gcc/arm-none-eabi/10.3.1/../../../../arm-none-eabi/lib/thumb/v7e-m+fp/hard\libc_nano.a(lib_a-impure.o)
                              c:/st/stm32cubeide_1.8.0/stm32cubeide/plugins/com.st.stm32cube.ide.mcu.externaltools.gnu-tools-for-stm32.10.3-2021.10.win32_1.0.0.202111181127/tools/bin/../lib/gcc/arm-none-eabi/10.3.1/../../../../arm-none-eabi/lib/thumb/v7e-m+fp/hard\libc_nano.a(lib_a-exit.o) (_global_impure_ptr)
c:/st/stm32cubeide_1.8.0/stm32cubeide/plugins/com.st.stm32cube.ide.mcu.externaltools.gnu-tools-for-stm32.10.3-2021.10.win32_1.0.0.202111181127/tools/bin/../lib/gcc/arm-none-eabi/10.3.1/../../../../arm-none-eabi/lib/thumb/v7e-m+fp/hard\libc_nano.a(lib_a-init.o)
                              c:/st/stm32cubeide_1.8.0/stm32cubeide/plugins/com.st.stm32cube.ide.mcu.externaltools.gnu-tools-for-stm32.10.3-2021.10.win32_1.0.0.202111181127/tools/bin/../lib/gcc/arm-none-eabi/10.3.1/../../../../arm-none-eabi/lib/thumb/v7e-m+fp/hard/crt0.o (__libc_init_array)
c:/st/stm32cubeide_1.8.0/stm32cubeide/plugins/com.st.stm32cube.ide.mcu.externaltools.gnu-tools-for-stm32.10.3-2021.10.win32_1.0.0.202111181127/tools/bin/../lib/gcc/arm-none-eabi/10.3.1/../../../../arm-none-eabi/lib/thumb/v7e-m+fp/hard\libc_nano.a(lib_a-malloc.o)
                              ./Core/Src/biquad.o (free)
c:/st/stm32cubeide_1.8.0/stm32cubeide/plugins/com.st.stm32cube.ide.mcu.externaltools.gnu-tools-for-stm32.10.3-2021.10.win32_1.0.0.202111181127/tools/bin/../lib/gcc/arm-none-eabi/10.3.1/../../../../arm-none-eabi/lib/thumb/v7e-m+fp/hard\libc_nano.a(lib_a-memcpy-stub.o)
                              ./Core/Src/main.o (memcpy)
c:/st/stm32cubeide_1.8.0/stm32cubeide/plugins/com.st.stm32cube.ide.mcu.externaltools.gnu-tools-for-stm32.10.3-2021.10.win32_1.0.0.202111181127/tools/bin/../lib/gcc/arm-none-eabi/10.3.1/../../../../arm-none-eabi/lib/thumb/v7e-m+fp/hard\libc_nano.a(lib_a-memset.o)
                              c:/st/stm32cubeide_1.8.0/stm32cubeide/plugins/com.st.stm32cube.ide.mcu.externaltools.gnu-tools-for-stm32.10.3-2021.10.win32_1.0.0.202111181127/tools/bin/../lib/gcc/arm-none-eabi/10.3.1/../../../../arm-none-eabi/lib/thumb/v7e-m+fp/hard/crt0.o (memset)
c:/st/stm32cubeide_1.8.0/stm32cubeide/plugins/com.st.stm32cube.ide.mcu.externaltools.gnu-tools-for-stm32.10.3-2021.10.win32_1.0.0.202111181127/tools/bin/../lib/gcc/arm-none-eabi/10.3.1/../../../../arm-none-eabi/lib/thumb/v7e-m+fp/hard\libc_nano.a(lib_a-nano-callocr.o)
[...]
Memory Configuration

Name             Origin             Length             Attributes
RAM              0x0000000020000000 0x0000000000020000 xrw
FLASH            0x0000000008000000 0x0000000000080000 xr
*default*        0x0000000000000000 0xffffffffffffffff

Linker script and memory map

LOAD c:/st/stm32cubeide_1.8.0/stm32cubeide/plugins/com.st.stm32cube.ide.mcu.externaltools.gnu-tools-for-stm32.10.3-2021.10.win32_1.0.0.202111181127/tools/bin/../lib/gcc/arm-none-eabi/10.3.1/thumb/v7e-m+fp/hard/crti.o
LOAD c:/st/stm32cubeide_1.8.0/stm32cubeide/plugins/com.st.stm32cube.ide.mcu.externaltools.gnu-tools-for-stm32.10.3-2021.10.win32_1.0.0.202111181127/tools/bin/../lib/gcc/arm-none-eabi/10.3.1/thumb/v7e-m+fp/hard/crtbegin.o
LOAD c:/st/stm32cubeide_1.8.0/stm32cubeide/plugins/com.st.stm32cube.ide.mcu.externaltools.gnu-tools-for-stm32.10.3-2021.10.win32_1.0.0.202111181127/tools/bin/../lib/gcc/arm-none-eabi/10.3.1/../../../../arm-none-eabi/lib/thumb/v7e-m+fp/hard/crt0.o
LOAD ./Core/Src/Kalman.o
LOAD ./Core/Src/PID.o
LOAD ./Core/Src/PIDVelocity.o
LOAD ./Core/Src/Trajectory.o
LOAD ./Core/Src/biquad.o
LOAD ./Core/Src/main.o
LOAD ./Core/Src/stm32f4xx_hal_msp.o
LOAD ./Core/Src/stm32f4xx_it.o
LOAD ./Core/Src/syscalls.o
LOAD ./Core/Src/sysmem.o
LOAD ./Core/Src/system_stm32f4xx.o
LOAD ./Core/Startup/startup_stm32f411retx.o
LOAD ./Drivers/STM32F4xx_HAL_Driver/Src/stm32f4xx_hal.o
LOAD ./Drivers/STM32F4xx_HAL_Driver/Src/stm32f4xx_hal_cortex.o
LOAD ./Drivers/STM32F4xx_HAL_Driver/Src/stm32f4xx_hal_dma.o
LOAD ./Drivers/STM32F4xx_HAL_Driver/Src/stm32f4xx_hal_dma_ex.o
LOAD ./Drivers/STM32F4xx_HAL_Driver/Src/stm32f4xx_hal_exti.o
LOAD ./Drivers/STM32F4xx_HAL_Driver/Src/stm32f4xx_hal_flash.o
LOAD ./Drivers/STM32F4xx_HAL_Driver/Src/stm32f4xx_hal_flash_ex.o
LOAD ./Drivers/STM32F4xx_HAL_Driver/Src/stm32f4xx_hal_flash_ramfunc.o
LOAD ./Drivers/STM32F4xx_HAL_Driver/Src/stm32f4xx_hal_gpio.o
LOAD ./Drivers/STM32F4xx_HAL_Driver/Src/stm32f4xx_hal_i2c.o
LOAD ./Drivers/STM32F4xx_HAL_Driver/Src/stm32f4xx_hal_i2c_ex.o
LOAD ./Drivers/STM32F4xx_HAL_Driver/Src/stm32f4xx_hal_pwr.o
LOAD ./Drivers/STM32F4xx_HAL_Driver/Src/stm32f4xx_hal_pwr_ex.o
LOAD ./Drivers/STM32F4xx_HAL_Driver/Src/stm32f4xx_hal_rcc.o
LOAD ./Drivers/STM32F4xx_HAL_Driver/Src/stm32f4xx_hal_rcc_ex.o
LOAD ./Drivers/STM32F4xx_HAL_Driver/Src/stm32f4xx_hal_tim.o
LOAD ./Drivers/STM32F4xx_HAL_Driver/Src/stm32f4xx_hal_tim_ex.o
LOAD ./Drivers/STM32F4xx_HAL_Driver/Src/stm32f4xx_hal_uart.o
LOAD ../Middlewares/Third_Party/ARM_CMSIS/CMSIS/DSP/Lib/GCC\libarm_cortexM4lf_math.a
START GROUP
LOAD c:/st/stm32cubeide_1.8.0/stm32cubeide/plugins/com.st.stm32cube.ide.mcu.externaltools.gnu-tools-for-stm32.10.3-2021.10.win32_1.0.0.202111181127/tools/bin/../lib/gcc/arm-none-eabi/10.3.1/../../../../arm-none-eabi/lib/thumb/v7e-m+fp/hard\libc_nano.a
LOAD c:/st/stm32cubeide_1.8.0/stm32cubeide/plugins/com.st.stm32cube.ide.mcu.externaltools.gnu-tools-for-stm32.10.3-2021.10.win32_1.0.0.202111181127/tools/bin/../lib/gcc/arm-none-eabi/10.3.1/../../../../arm-none-eabi/lib/thumb/v7e-m+fp/hard\libm.a
END GROUP
START GROUP
LOAD c:/st/stm32cubeide_1.8.0/stm32cubeide/plugins/com.st.stm32cube.ide.mcu.externaltools.gnu-tools-for-stm32.10.3-2021.10.win32_1.0.0.202111181127/tools/bin/../lib/gcc/arm-none-eabi/10.3.1/thumb/v7e-m+fp/hard\libgcc.a
LOAD c:/st/stm32cubeide_1.8.0/stm32cubeide/plugins/com.st.stm32cube.ide.mcu.externaltools.gnu-tools-for-stm32.10.3-2021.10.win32_1.0.0.202111181127/tools/bin/../lib/gcc/arm-none-eabi/10.3.1/../../../../arm-none-eabi/lib/thumb/v7e-m+fp/hard\libc_nano.a
END GROUP
START GROUP
LOAD c:/st/stm32cubeide_1.8.0/stm32cubeide/plugins/com.st.stm32cube.ide.mcu.externaltools.gnu-tools-for-stm32.10.3-2021.10.win32_1.0.0.202111181127/tools/bin/../lib/gcc/arm-none-eabi/10.3.1/thumb/v7e-m+fp/hard\libgcc.a
LOAD c:/st/stm32cubeide_1.8.0/stm32cubeide/plugins/com.st.stm32cube.ide.mcu.externaltools.gnu-tools-for-stm32.10.3-2021.10.win32_1.0.0.202111181127/tools/bin/../lib/gcc/arm-none-eabi/10.3.1/../../../../arm-none-eabi/lib/thumb/v7e-m+fp/hard\libc_nano.a
LOAD c:/st/stm32cubeide_1.8.0/stm32cubeide/plugins/com.st.stm32cube.ide.mcu.externaltools.gnu-tools-for-stm32.10.3-2021.10.win32_1.0.0.202111181127/tools/bin/../lib/gcc/arm-none-eabi/10.3.1/../../../../arm-none-eabi/lib/thumb/v7e-m+fp/hard\libnosys.a
END GROUP
START GROUP
LOAD c:/st/stm32cubeide_1.8.0/stm32cubeide/plugins/com.st.stm32cube.ide.mcu.externaltools.gnu-tools-for-stm32.10.3-2021.10.win32_1.0.0.202111181127/tools/bin/../lib/gcc/arm-none-eabi/10.3.1/thumb/v7e-m+fp/hard\libgcc.a
LOAD c:/st/stm32cubeide_1.8.0/stm32cubeide/plugins/com.st.stm32cube.ide.mcu.externaltools.gnu-tools-for-stm32.10.3-2021.10.win32_1.0.0.202111181127/tools/bin/../lib/gcc/arm-none-eabi/10.3.1/../../../../arm-none-eabi/lib/thumb/v7e-m+fp/hard\libc_nano.a
LOAD c:/st/stm32cubeide_1.8.0/stm32cubeide/plugins/com.st.stm32cube.ide.mcu.externaltools.gnu-tools-for-stm32.10.3-2021.10.win32_1.0.0.202111181127/tools/bin/../lib/gcc/arm-none-eabi/10.3.1/../../../../arm-none-eabi/lib/thumb/v7e-m+fp/hard\libnosys.a
END GROUP
LOAD c:/st/stm32cubeide_1.8.0/stm32cubeide/plugins/com.st.stm32cube.ide.mcu.externaltools.gnu-tools-for-stm32.10.3-2021.10.win32_1.0.0.202111181127/tools/bin/../lib/gcc/arm-none-eabi/10.3.1/thumb/v7e-m+fp/hard/crtend.o
LOAD c:/st/stm32cubeide_1.8.0/stm32cubeide/plugins/com.st.stm32cube.ide.mcu.externaltools.gnu-tools-for-stm32.10.3-2021.10.win32_1.0.0.202111181127/tools/bin/../lib/gcc/arm-none-eabi/10.3.1/thumb/v7e-m+fp/hard/crtn.o
                0x0000000020020000                _estack = (ORIGIN (RAM) + LENGTH (RAM))
                0x0000000000000200                _Min_Heap_Size = 0x200
                0x0000000000000400                _Min_Stack_Size = 0x400

.isr_vector     0x0000000008000000      0x198
                0x0000000008000000                . = ALIGN (0x4)
 *(.isr_vector)
 .isr_vector    0x0000000008000000      0x198 ./Core/Startup/startup_stm32f411retx.o
                0x0000000008000000                g_pfnVectors
                0x0000000008000198                . = ALIGN (0x4)

.text           0x0000000008000198     0xb8ec
                0x0000000008000198                . = ALIGN (0x4)
 *(.text)
 .text          0x0000000008000198       0x40 c:/st/stm32cubeide_1.8.0/stm32cubeide/plugins/com.st.stm32cube.ide.mcu.externaltools.gnu-tools-for-stm32.10.3-2021.10.win32_1.0.0.202111181127/tools/bin/../lib/gcc/arm-none-eabi/10.3.1/thumb/v7e-m+fp/hard/crtbegin.o
 .text          0x00000000080001d8      0x378 c:/st/stm32cubeide_1.8.0/stm32cubeide/plugins/com.st.stm32cube.ide.mcu.externaltools.gnu-tools-for-stm32.10.3-2021.10.win32_1.0.0.202111181127/tools/bin/../lib/gcc/arm-none-eabi/10.3.1/thumb/v7e-m+fp/hard\libgcc.a(_arm_addsubdf3.o)
                0x00000000080001d8                __aeabi_drsub
                0x00000000080001e0                __aeabi_dsub
                0x00000000080001e0                __subdf3
                0x00000000080001e4                __aeabi_dadd
                0x00000000080001e4                __adddf3
                0x000000000800045c                __floatunsidf
                0x000000000800045c                __aeabi_ui2d
                0x000000000800047c                __floatsidf
                0x000000000800047c                __aeabi_i2d
                0x00000000080004a0                __aeabi_f2d
                0x00000000080004a0                __extendsfdf2
                0x00000000080004e4                __floatundidf
                0x00000000080004e4                __aeabi_ul2d
                0x00000000080004f4                __floatdidf
                0x00000000080004f4                __aeabi_l2d
 .text          0x0000000008000550      0x424 c:/st/stm32cubeide_1.8.0/stm32cubeide/plugins/com.st.stm32cube.ide.mcu.externaltools.gnu-tools-for-stm32.10.3-2021.10.win32_1.0.0.202111181127/tools/bin/../lib/gcc/arm-none-eabi/10.3.1/thumb/v7e-m+fp/hard\libgcc.a(_arm_muldivdf3.o)
                0x0000000008000550                __aeabi_dmul
                0x0000000008000550                __muldf3
                0x00000000080007a4                __divdf3
                0x00000000080007a4                __aeabi_ddiv
 .text          0x0000000008000974       0x40 c:/st/stm32cubeide_1.8.0/stm32cubeide/plugins/com.st.stm32cube.ide.mcu.externaltools.gnu-tools-for-stm32.10.3-2021.10.win32_1.0.0.202111181127/tools/bin/../lib/gcc/arm-none-eabi/10.3.1/thumb/v7e-m+fp/hard\libgcc.a(_arm_fixunsdfsi.o)
                0x0000000008000974                __aeabi_d2uiz
                0x0000000008000974                __fixunsdfsi
 .text          0x00000000080009b4       0xa0 c:/st/stm32cubeide_1.8.0/stm32cubeide/plugins/com.st.stm32cube.ide.mcu.externaltools.gnu-tools-for-stm32.10.3-2021.10.win32_1.0.0.202111181127/tools/bin/../lib/gcc/arm-none-eabi/10.3.1/thumb/v7e-m+fp/hard\libgcc.a(_arm_truncdfsf2.o)
                0x00000000080009b4                __truncdfsf2
                0x00000000080009b4                __aeabi_d2f
 .text          0x0000000008000a54       0x30 c:/st/stm32cubeide_1.8.0/stm32cubeide/plugins/com.st.stm32cube.ide.mcu.externaltools.gnu-tools-for-stm32.10.3-2021.10.win32_1.0.0.202111181127/tools/bin/../lib/gcc/arm-none-eabi/10.3.1/thumb/v7e-m+fp/hard\libgcc.a(_aeabi_uldivmod.o)
                0x0000000008000a54                __aeabi_uldivmod
 .text          0x0000000008000a84      0x2d0 c:/st/stm32cubeide_1.8.0/stm32cubeide/plugins/com.st.stm32cube.ide.mcu.externaltools.gnu-tools-for-stm32.10.3-2021.10.win32_1.0.0.202111181127/tools/bin/../lib/gcc/arm-none-eabi/10.3.1/thumb/v7e-m+fp/hard\libgcc.a(_udivmoddi4.o)
                0x0000000008000a84                __udivmoddi4
 .text          0x0000000008000d54        0x4 c:/st/stm32cubeide_1.8.0/stm32cubeide/plugins/com.st.stm32cube.ide.mcu.externaltools.gnu-tools-for-stm32.10.3-2021.10.win32_1.0.0.202111181127/tools/bin/../lib/gcc/arm-none-eabi/10.3.1/thumb/v7e-m+fp/hard\libgcc.a(_dvmd_tls.o)
                0x0000000008000d54                __aeabi_idiv0
                0x0000000008000d54                __aeabi_ldiv0
 *(.text*)
 .text.KalmanMatrixInit
                0x0000000008000d58      0x2c8 ./Core/Src/Kalman.o
                0x0000000008000d58                KalmanMatrixInit
 .text.KalmanMatrixReset
                0x0000000008001020       0xf4 ./Core/Src/Kalman.o
                0x0000000008001020                KalmanMatrixReset
 .text.KalmanFilterFunction
                0x0000000008001114      0x25a ./Core/Src/Kalman.o
                0x0000000008001114                KalmanFilterFunction
 *fill*         0x000000000800136e        0x2 
 .text.PIDAController_Init
                0x0000000008001370       0x60 ./Core/Src/PIDVelocity.o
                0x0000000008001370                PIDAController_Init
 .text.PIDAVelocityController_Update
                0x00000000080013d0      0x1bc ./Core/Src/PIDVelocity.o
                0x00000000080013d0                PIDAVelocityController_Update
 .text.PIDAPositonController_Update
                0x000000000800158c      0x1bc ./Core/Src/PIDVelocity.o
                0x000000000800158c                PIDAPositonController_Update
 .text.Robotinit
                0x0000000008001748       0x72 ./Core/Src/Trajectory.o
                0x0000000008001748                Robotinit
 .text.AbsVal   0x00000000080017ba       0x44 ./Core/Src/Trajectory.o
                0x00000000080017ba                AbsVal
 *fill*         0x00000000080017fe        0x2 
 .text.CoefficientAndTimeCalculation
                0x0000000008001800      0xc78 ./Core/Src/Trajectory.o
                0x0000000008001800                CoefficientAndTimeCalculation
 .text.TrajectoryEvaluation
                0x0000000008002478      0xab0 ./Core/Src/Trajectory.o
                0x0000000008002478                TrajectoryEvaluation
 .text.main     0x0000000008002f28      0x1a4 ./Core/Src/main.o
                0x0000000008002f28                main
 .text.SystemClock_Config
                0x00000000080030cc       0xd0 ./Core/Src/main.o
                0x00000000080030cc                SystemClock_Config
 .text.MX_I2C1_Init
                0x000000000800319c       0x5c ./Core/Src/main.o
 .text.MX_TIM1_Init
                0x00000000080031f8      0x108 ./Core/Src/main.o
 .text.MX_TIM2_Init
                0x0000000008003300       0xa8 ./Core/Src/main.o
 .text.MX_TIM5_Init
                0x00000000080033a8       0x9c ./Core/Src/main.o
 .text.MX_TIM11_Init
                0x0000000008003444       0x48 ./Core/Src/main.o
 .text.MX_USART2_UART_Init
                0x000000000800348c       0x58 ./Core/Src/main.o
 .text.MX_DMA_Init
                0x00000000080034e4       0x50 ./Core/Src/main.o
 .text.MX_GPIO_Init
                0x0000000008003534      0x164 ./Core/Src/main.o
 .text.Int32Abs
                0x0000000008003698       0x22 ./Core/Src/main.o
                0x0000000008003698                Int32Abs
 *fill*         0x00000000080036ba        0x6 
 .text.EncoderRead
                0x00000000080036c0       0xf8 ./Core/Src/main.o
                0x00000000080036c0                EncoderRead
 .text.Drivemotor
                0x00000000080037b8       0xb4 ./Core/Src/main.o
                0x00000000080037b8                Drivemotor
 *fill*         0x000000000800386c        0x4 
 .text.InverseTFofMotor
                0x0000000008003870      0x13c ./Core/Src/main.o
                0x0000000008003870                InverseTFofMotor
 .text.ControllLoopAndErrorHandler
                0x00000000080039ac      0x250 ./Core/Src/main.o
                0x00000000080039ac                ControllLoopAndErrorHandler
 .text.Ringbuf_Init
                0x0000000008003bfc       0x5c ./Core/Src/main.o
                0x0000000008003bfc                Ringbuf_Init
 .text.checkSum
                0x0000000008003c58      0x16c ./Core/Src/main.o
                0x0000000008003c58                checkSum
 .text.checkAck
                0x0000000008003dc4       0x44 ./Core/Src/main.o
                0x0000000008003dc4                checkAck
 .text.HAL_UARTEx_RxEventCallback
                0x0000000008003e08       0xd4 ./Core/Src/main.o
                0x0000000008003e08                HAL_UARTEx_RxEventCallback
 *fill*         0x0000000008003edc        0x4 
 .text.UARTstateManagement
                0x0000000008003ee0      0x728 ./Core/Src/main.o
                0x0000000008003ee0                UARTstateManagement
 .text.RobotstateManagement
                0x0000000008004608      0x2a0 ./Core/Src/main.o
                0x0000000008004608                RobotstateManagement
 .text.EndEffstateManagement
                0x00000000080048a8      0x2ec ./Core/Src/main.o
                0x00000000080048a8                EndEffstateManagement
 .text.I2CWriteFcn
                0x0000000008004b94       0x4c ./Core/Src/main.o
                0x0000000008004b94                I2CWriteFcn
 .text.I2CReadFcn
                0x0000000008004be0       0x40 ./Core/Src/main.o
                0x0000000008004be0                I2CReadFcn
 .text.HAL_GPIO_EXTI_Callback
                0x0000000008004c20      0x13c ./Core/Src/main.o
                0x0000000008004c20                HAL_GPIO_EXTI_Callback
 .text.RobotRunToPositon
                0x0000000008004d5c       0x74 ./Core/Src/main.o
                0x0000000008004d5c                RobotRunToPositon
 .text.RobotResetAll
                0x0000000008004dd0       0xd8 ./Core/Src/main.o
                0x0000000008004dd0                RobotResetAll
 .text.TIM_ResetCounter
                0x0000000008004ea8       0x1a ./Core/Src/main.o
                0x0000000008004ea8                TIM_ResetCounter
 *fill*         0x0000000008004ec2        0x2 
 .text.HAL_TIM_PeriodElapsedCallback
                0x0000000008004ec4      0x158 ./Core/Src/main.o
                0x0000000008004ec4                HAL_TIM_PeriodElapsedCallback
 .text.Micros   0x000000000800501c       0x30 ./Core/Src/main.o
                0x000000000800501c                Micros
 .text.Error_Handler
                0x000000000800504c        0xa ./Core/Src/main.o
                0x000000000800504c                Error_Handler
 *fill*         0x0000000008005056        0x2 
 .text.HAL_MspInit
                0x0000000008005058       0x50 ./Core/Src/stm32f4xx_hal_msp.o
                0x0000000008005058                HAL_MspInit
 .text.HAL_I2C_MspInit
                0x00000000080050a8       0xb0 ./Core/Src/stm32f4xx_hal_msp.o
                0x00000000080050a8                HAL_I2C_MspInit
 .text.HAL_TIM_PWM_MspInit
                0x0000000008005158       0x50 ./Core/Src/stm32f4xx_hal_msp.o
                0x0000000008005158                HAL_TIM_PWM_MspInit
 .text.HAL_TIM_Encoder_MspInit
                0x00000000080051a8       0x8c ./Core/Src/stm32f4xx_hal_msp.o
                0x00000000080051a8                HAL_TIM_Encoder_MspInit
 .text.HAL_TIM_Base_MspInit
                0x0000000008005234       0x8c ./Core/Src/stm32f4xx_hal_msp.o
                0x0000000008005234                HAL_TIM_Base_MspInit
 .text.HAL_TIM_MspPostInit
                0x00000000080052c0       0x74 ./Core/Src/stm32f4xx_hal_msp.o
                0x00000000080052c0                HAL_TIM_MspPostInit
 .text.HAL_UART_MspInit
                0x0000000008005334      0x168 ./Core/Src/stm32f4xx_hal_msp.o
                0x0000000008005334                HAL_UART_MspInit
 .text.NMI_Handler
                0x000000000800549c        0x6 ./Core/Src/stm32f4xx_it.o
                0x000000000800549c                NMI_Handler
 .text.HardFault_Handler
                0x00000000080054a2        0x6 ./Core/Src/stm32f4xx_it.o
                0x00000000080054a2                HardFault_Handler
 .text.MemManage_Handler
                0x00000000080054a8        0x6 ./Core/Src/stm32f4xx_it.o
                0x00000000080054a8                MemManage_Handler
 .text.BusFault_Handler
                0x00000000080054ae        0x6 ./Core/Src/stm32f4xx_it.o
                0x00000000080054ae                BusFault_Handler
 .text.UsageFault_Handler
                0x00000000080054b4        0x6 ./Core/Src/stm32f4xx_it.o
                0x00000000080054b4                UsageFault_Handler
 .text.SVC_Handler
                0x00000000080054ba        0xe ./Core/Src/stm32f4xx_it.o
                0x00000000080054ba                SVC_Handler
 .text.DebugMon_Handler
                0x00000000080054c8        0xe ./Core/Src/stm32f4xx_it.o
                0x00000000080054c8                DebugMon_Handler
 .text.PendSV_Handler
                0x00000000080054d6        0xe ./Core/Src/stm32f4xx_it.o
                0x00000000080054d6                PendSV_Handler
 .text.SysTick_Handler
                0x00000000080054e4        0xc ./Core/Src/stm32f4xx_it.o
                0x00000000080054e4                SysTick_Handler
 .text.DMA1_Stream5_IRQHandler
                0x00000000080054f0       0x14 ./Core/Src/stm32f4xx_it.o
                0x00000000080054f0                DMA1_Stream5_IRQHandler
 .text.DMA1_Stream6_IRQHandler
                0x0000000008005504       0x14 ./Core/Src/stm32f4xx_it.o
                0x0000000008005504                DMA1_Stream6_IRQHandler
 .text.EXTI9_5_IRQHandler
                0x0000000008005518        0xe ./Core/Src/stm32f4xx_it.o
                0x0000000008005518                EXTI9_5_IRQHandler
 *fill*         0x0000000008005526        0x2 
 .text.TIM1_TRG_COM_TIM11_IRQHandler
                0x0000000008005528       0x1c ./Core/Src/stm32f4xx_it.o
                0x0000000008005528                TIM1_TRG_COM_TIM11_IRQHandler
 .text.I2C1_EV_IRQHandler
                0x0000000008005544       0x14 ./Core/Src/stm32f4xx_it.o
                0x0000000008005544                I2C1_EV_IRQHandler
 .text.I2C1_ER_IRQHandler
                0x0000000008005558       0x14 ./Core/Src/stm32f4xx_it.o
                0x0000000008005558                I2C1_ER_IRQHandler
 .text.USART2_IRQHandler
                0x000000000800556c       0x14 ./Core/Src/stm32f4xx_it.o
                0x000000000800556c                USART2_IRQHandler
 .text.EXTI15_10_IRQHandler
                0x0000000008005580       0x18 ./Core/Src/stm32f4xx_it.o
                0x0000000008005580                EXTI15_10_IRQHandler
 .text.TIM5_IRQHandler
                0x0000000008005598       0x14 ./Core/Src/stm32f4xx_it.o
                0x0000000008005598                TIM5_IRQHandler
 .text.SystemInit
                0x00000000080055ac       0x24 ./Core/Src/system_stm32f4xx.o
                0x00000000080055ac                SystemInit
 .text.Reset_Handler
                0x00000000080055d0       0x50 ./Core/Startup/startup_stm32f411retx.o
                0x00000000080055d0                Reset_Handler
 .text.Default_Handler
                0x0000000008005620        0x2 ./Core/Startup/startup_stm32f411retx.o
                0x0000000008005620                RTC_Alarm_IRQHandler
                0x0000000008005620                EXTI2_IRQHandler
                0x0000000008005620                SPI4_IRQHandler
                0x0000000008005620                TIM1_CC_IRQHandler
                0x0000000008005620                DMA2_Stream5_IRQHandler
                0x0000000008005620                PVD_IRQHandler
                0x0000000008005620                SDIO_IRQHandler
                0x0000000008005620                TAMP_STAMP_IRQHandler
                0x0000000008005620                EXTI3_IRQHandler
                0x0000000008005620                TIM1_UP_TIM10_IRQHandler
                0x0000000008005620                I2C3_ER_IRQHandler
                0x0000000008005620                EXTI0_IRQHandler
                0x0000000008005620                I2C2_EV_IRQHandler
                0x0000000008005620                DMA1_Stream2_IRQHandler
                0x0000000008005620                FPU_IRQHandler
                0x0000000008005620                DMA2_Stream2_IRQHandler
                0x0000000008005620                SPI1_IRQHandler
                0x0000000008005620                TIM1_BRK_TIM9_IRQHandler
                0x0000000008005620                DMA2_Stream3_IRQHandler
                0x0000000008005620                USART6_IRQHandler
                0x0000000008005620                DMA2_Stream0_IRQHandler
                0x0000000008005620                TIM4_IRQHandler
                0x0000000008005620                DMA1_Stream1_IRQHandler
                0x0000000008005620                TIM3_IRQHandler
                0x0000000008005620                RCC_IRQHandler
                0x0000000008005620                Default_Handler
                0x0000000008005620                ADC_IRQHandler
                0x0000000008005620                DMA1_Stream7_IRQHandler
                0x0000000008005620                SPI5_IRQHandler
                0x0000000008005620                DMA2_Stream7_IRQHandler
                0x0000000008005620                I2C3_EV_IRQHandler
                0x0000000008005620                RTC_WKUP_IRQHandler
                0x0000000008005620                SPI2_IRQHandler
                0x0000000008005620                DMA1_Stream0_IRQHandler
                0x0000000008005620                EXTI4_IRQHandler
                0x0000000008005620                WWDG_IRQHandler
                0x0000000008005620                TIM2_IRQHandler
                0x0000000008005620                OTG_FS_WKUP_IRQHandler
                0x0000000008005620                EXTI1_IRQHandler
                0x0000000008005620                I2C2_ER_IRQHandler
                0x0000000008005620                DMA2_Stream1_IRQHandler
                0x0000000008005620                FLASH_IRQHandler
                0x0000000008005620                DMA2_Stream4_IRQHandler
                0x0000000008005620                USART1_IRQHandler
                0x0000000008005620                OTG_FS_IRQHandler
                0x0000000008005620                SPI3_IRQHandler
                0x0000000008005620                DMA1_Stream4_IRQHandler
                0x0000000008005620                DMA2_Stream6_IRQHandler
                0x0000000008005620                DMA1_Stream3_IRQHandler
 *fill*         0x0000000008005622        0x2 
 .text.HAL_Init
                0x0000000008005624       0x44 ./Drivers/STM32F4xx_HAL_Driver/Src/stm32f4xx_hal.o
                0x0000000008005624                HAL_Init
 .text.HAL_InitTick
                0x0000000008005668       0x60 ./Drivers/STM32F4xx_HAL_Driver/Src/stm32f4xx_hal.o
                0x0000000008005668                HAL_InitTick
 .text.HAL_IncTick
                0x00000000080056c8       0x28 ./Drivers/STM32F4xx_HAL_Driver/Src/stm32f4xx_hal.o
                0x00000000080056c8                HAL_IncTick
 .text.HAL_GetTick
                0x00000000080056f0       0x18 ./Drivers/STM32F4xx_HAL_Driver/Src/stm32f4xx_hal.o
                0x00000000080056f0                HAL_GetTick
 .text.__NVIC_SetPriorityGrouping
                0x0000000008005708       0x48 ./Drivers/STM32F4xx_HAL_Driver/Src/stm32f4xx_hal_cortex.o
 .text.__NVIC_GetPriorityGrouping
                0x0000000008005750       0x1c ./Drivers/STM32F4xx_HAL_Driver/Src/stm32f4xx_hal_cortex.o
 .text.__NVIC_EnableIRQ
                0x000000000800576c       0x3c ./Drivers/STM32F4xx_HAL_Driver/Src/stm32f4xx_hal_cortex.o
 .text.__NVIC_SetPriority
                0x00000000080057a8       0x54 ./Drivers/STM32F4xx_HAL_Driver/Src/stm32f4xx_hal_cortex.o
 .text.NVIC_EncodePriority
                0x00000000080057fc       0x66 ./Drivers/STM32F4xx_HAL_Driver/Src/stm32f4xx_hal_cortex.o
 *fill*         0x0000000008005862        0x2 
 .text.SysTick_Config
                0x0000000008005864       0x44 ./Drivers/STM32F4xx_HAL_Driver/Src/stm32f4xx_hal_cortex.o
 .text.HAL_NVIC_SetPriorityGrouping
                0x00000000080058a8       0x16 ./Drivers/STM32F4xx_HAL_Driver/Src/stm32f4xx_hal_cortex.o
                0x00000000080058a8                HAL_NVIC_SetPriorityGrouping
 .text.HAL_NVIC_SetPriority
                0x00000000080058be       0x38 ./Drivers/STM32F4xx_HAL_Driver/Src/stm32f4xx_hal_cortex.o
                0x00000000080058be                HAL_NVIC_SetPriority
 .text.HAL_NVIC_EnableIRQ
                0x00000000080058f6       0x1c ./Drivers/STM32F4xx_HAL_Driver/Src/stm32f4xx_hal_cortex.o
                0x00000000080058f6                HAL_NVIC_EnableIRQ
 .text.HAL_SYSTICK_Config
                0x0000000008005912       0x18 ./Drivers/STM32F4xx_HAL_Driver/Src/stm32f4xx_hal_cortex.o
                0x0000000008005912                HAL_SYSTICK_Config
 *fill*         0x000000000800592a        0x2 
 .text.HAL_DMA_Init
                0x000000000800592c      0x15c ./Drivers/STM32F4xx_HAL_Driver/Src/stm32f4xx_hal_dma.o
                0x000000000800592c                HAL_DMA_Init
 .text.HAL_DMA_Start_IT
                0x0000000008005a88       0xb0 ./Drivers/STM32F4xx_HAL_Driver/Src/stm32f4xx_hal_dma.o
                0x0000000008005a88                HAL_DMA_Start_IT
 .text.HAL_DMA_Abort
                0x0000000008005b38       0xe0 ./Drivers/STM32F4xx_HAL_Driver/Src/stm32f4xx_hal_dma.o
                0x0000000008005b38                HAL_DMA_Abort
 .text.HAL_DMA_Abort_IT
                0x0000000008005c18       0x44 ./Drivers/STM32F4xx_HAL_Driver/Src/stm32f4xx_hal_dma.o
                0x0000000008005c18                HAL_DMA_Abort_IT
 .text.HAL_DMA_IRQHandler
                0x0000000008005c5c      0x314 ./Drivers/STM32F4xx_HAL_Driver/Src/stm32f4xx_hal_dma.o
                0x0000000008005c5c                HAL_DMA_IRQHandler
 .text.HAL_DMA_GetState
                0x0000000008005f70       0x1c ./Drivers/STM32F4xx_HAL_Driver/Src/stm32f4xx_hal_dma.o
                0x0000000008005f70                HAL_DMA_GetState
 .text.DMA_SetConfig
                0x0000000008005f8c       0x5c ./Drivers/STM32F4xx_HAL_Driver/Src/stm32f4xx_hal_dma.o
 .text.DMA_CalcBaseAndBitshift
                0x0000000008005fe8       0x6c ./Drivers/STM32F4xx_HAL_Driver/Src/stm32f4xx_hal_dma.o
 .text.DMA_CheckFifoParam
                0x0000000008006054       0xf8 ./Drivers/STM32F4xx_HAL_Driver/Src/stm32f4xx_hal_dma.o
 .text.HAL_GPIO_Init
                0x000000000800614c      0x308 ./Drivers/STM32F4xx_HAL_Driver/Src/stm32f4xx_hal_gpio.o
                0x000000000800614c                HAL_GPIO_Init
 .text.HAL_GPIO_ReadPin
                0x0000000008006454       0x30 ./Drivers/STM32F4xx_HAL_Driver/Src/stm32f4xx_hal_gpio.o
                0x0000000008006454                HAL_GPIO_ReadPin
 .text.HAL_GPIO_WritePin
                0x0000000008006484       0x32 ./Drivers/STM32F4xx_HAL_Driver/Src/stm32f4xx_hal_gpio.o
                0x0000000008006484                HAL_GPIO_WritePin
 .text.HAL_GPIO_TogglePin
                0x00000000080064b6       0x34 ./Drivers/STM32F4xx_HAL_Driver/Src/stm32f4xx_hal_gpio.o
                0x00000000080064b6                HAL_GPIO_TogglePin
 *fill*         0x00000000080064ea        0x2 
 .text.HAL_GPIO_EXTI_IRQHandler
                0x00000000080064ec       0x30 ./Drivers/STM32F4xx_HAL_Driver/Src/stm32f4xx_hal_gpio.o
                0x00000000080064ec                HAL_GPIO_EXTI_IRQHandler
 .text.HAL_I2C_Init
                0x000000000800651c      0x288 ./Drivers/STM32F4xx_HAL_Driver/Src/stm32f4xx_hal_i2c.o
                0x000000000800651c                HAL_I2C_Init
 .text.HAL_I2C_Master_Transmit_IT
                0x00000000080067a4      0x14c ./Drivers/STM32F4xx_HAL_Driver/Src/stm32f4xx_hal_i2c.o
                0x00000000080067a4                HAL_I2C_Master_Transmit_IT
 .text.HAL_I2C_Master_Receive_IT
                0x00000000080068f0      0x15c ./Drivers/STM32F4xx_HAL_Driver/Src/stm32f4xx_hal_i2c.o
                0x00000000080068f0                HAL_I2C_Master_Receive_IT
 .text.HAL_I2C_EV_IRQHandler
                0x0000000008006a4c      0x2e2 ./Drivers/STM32F4xx_HAL_Driver/Src/stm32f4xx_hal_i2c.o
                0x0000000008006a4c                HAL_I2C_EV_IRQHandler
 .text.HAL_I2C_ER_IRQHandler
                0x0000000008006d2e      0x14e ./Drivers/STM32F4xx_HAL_Driver/Src/stm32f4xx_hal_i2c.o
                0x0000000008006d2e                HAL_I2C_ER_IRQHandler
 .text.HAL_I2C_MasterTxCpltCallback
                0x0000000008006e7c       0x14 ./Drivers/STM32F4xx_HAL_Driver/Src/stm32f4xx_hal_i2c.o
                0x0000000008006e7c                HAL_I2C_MasterTxCpltCallback
 .text.HAL_I2C_MasterRxCpltCallback
                0x0000000008006e90       0x14 ./Drivers/STM32F4xx_HAL_Driver/Src/stm32f4xx_hal_i2c.o
                0x0000000008006e90                HAL_I2C_MasterRxCpltCallback
 .text.HAL_I2C_SlaveTxCpltCallback
                0x0000000008006ea4       0x14 ./Drivers/STM32F4xx_HAL_Driver/Src/stm32f4xx_hal_i2c.o
                0x0000000008006ea4                HAL_I2C_SlaveTxCpltCallback
 .text.HAL_I2C_SlaveRxCpltCallback
                0x0000000008006eb8       0x14 ./Drivers/STM32F4xx_HAL_Driver/Src/stm32f4xx_hal_i2c.o
                0x0000000008006eb8                HAL_I2C_SlaveRxCpltCallback
 .text.HAL_I2C_AddrCallback
                0x0000000008006ecc       0x1c ./Drivers/STM32F4xx_HAL_Driver/Src/stm32f4xx_hal_i2c.o
                0x0000000008006ecc                HAL_I2C_AddrCallback
 .text.HAL_I2C_ListenCpltCallback
                0x0000000008006ee8       0x14 ./Drivers/STM32F4xx_HAL_Driver/Src/stm32f4xx_hal_i2c.o
                0x0000000008006ee8                HAL_I2C_ListenCpltCallback
 .text.HAL_I2C_MemTxCpltCallback
                0x0000000008006efc       0x14 ./Drivers/STM32F4xx_HAL_Driver/Src/stm32f4xx_hal_i2c.o
                0x0000000008006efc                HAL_I2C_MemTxCpltCallback
 .text.HAL_I2C_MemRxCpltCallback
                0x0000000008006f10       0x14 ./Drivers/STM32F4xx_HAL_Driver/Src/stm32f4xx_hal_i2c.o
                0x0000000008006f10                HAL_I2C_MemRxCpltCallback
 .text.HAL_I2C_ErrorCallback
                0x0000000008006f24       0x14 ./Drivers/STM32F4xx_HAL_Driver/Src/stm32f4xx_hal_i2c.o
                0x0000000008006f24                HAL_I2C_ErrorCallback
 .text.HAL_I2C_AbortCpltCallback
                0x0000000008006f38       0x14 ./Drivers/STM32F4xx_HAL_Driver/Src/stm32f4xx_hal_i2c.o
                0x0000000008006f38                HAL_I2C_AbortCpltCallback
 .text.I2C_MasterTransmit_TXE
                0x0000000008006f4c      0x138 ./Drivers/STM32F4xx_HAL_Driver/Src/stm32f4xx_hal_i2c.o
 .text.I2C_MasterTransmit_BTF
                0x0000000008007084       0xec ./Drivers/STM32F4xx_HAL_Driver/Src/stm32f4xx_hal_i2c.o
 .text.I2C_MemoryTransmit_TXE_BTF
                0x0000000008007170      0x128 ./Drivers/STM32F4xx_HAL_Driver/Src/stm32f4xx_hal_i2c.o
 .text.I2C_MasterReceive_RXNE
                0x0000000008007298      0x176 ./Drivers/STM32F4xx_HAL_Driver/Src/stm32f4xx_hal_i2c.o
 .text.I2C_MasterReceive_BTF
                0x000000000800740e      0x1d4 ./Drivers/STM32F4xx_HAL_Driver/Src/stm32f4xx_hal_i2c.o
 .text.I2C_Master_SB
                0x00000000080075e2      0x10c ./Drivers/STM32F4xx_HAL_Driver/Src/stm32f4xx_hal_i2c.o
 .text.I2C_Master_ADD10
                0x00000000080076ee       0x54 ./Drivers/STM32F4xx_HAL_Driver/Src/stm32f4xx_hal_i2c.o
 .text.I2C_Master_ADDR
                0x0000000008007742      0x322 ./Drivers/STM32F4xx_HAL_Driver/Src/stm32f4xx_hal_i2c.o
 .text.I2C_SlaveTransmit_TXE
                0x0000000008007a64       0x7a ./Drivers/STM32F4xx_HAL_Driver/Src/stm32f4xx_hal_i2c.o
 .text.I2C_SlaveTransmit_BTF
                0x0000000008007ade       0x42 ./Drivers/STM32F4xx_HAL_Driver/Src/stm32f4xx_hal_i2c.o
 .text.I2C_SlaveReceive_RXNE
                0x0000000008007b20       0x7c ./Drivers/STM32F4xx_HAL_Driver/Src/stm32f4xx_hal_i2c.o
 .text.I2C_SlaveReceive_BTF
                0x0000000008007b9c       0x44 ./Drivers/STM32F4xx_HAL_Driver/Src/stm32f4xx_hal_i2c.o
 .text.I2C_Slave_ADDR
                0x0000000008007be0       0x94 ./Drivers/STM32F4xx_HAL_Driver/Src/stm32f4xx_hal_i2c.o
 .text.I2C_Slave_STOPF
                0x0000000008007c74      0x260 ./Drivers/STM32F4xx_HAL_Driver/Src/stm32f4xx_hal_i2c.o
 .text.I2C_Slave_AF
                0x0000000008007ed4       0xe0 ./Drivers/STM32F4xx_HAL_Driver/Src/stm32f4xx_hal_i2c.o
 .text.I2C_ITError
                0x0000000008007fb4      0x264 ./Drivers/STM32F4xx_HAL_Driver/Src/stm32f4xx_hal_i2c.o
 .text.I2C_DMAAbort
                0x0000000008008218      0x150 ./Drivers/STM32F4xx_HAL_Driver/Src/stm32f4xx_hal_i2c.o
 .text.I2C_WaitOnSTOPRequestThroughIT
                0x0000000008008368       0x64 ./Drivers/STM32F4xx_HAL_Driver/Src/stm32f4xx_hal_i2c.o
 .text.I2C_ConvertOtherXferOptions
                0x00000000080083cc       0x36 ./Drivers/STM32F4xx_HAL_Driver/Src/stm32f4xx_hal_i2c.o
 *fill*         0x0000000008008402        0x2 
 .text.HAL_RCC_OscConfig
                0x0000000008008404      0x4f0 ./Drivers/STM32F4xx_HAL_Driver/Src/stm32f4xx_hal_rcc.o
                0x0000000008008404                HAL_RCC_OscConfig
 .text.HAL_RCC_ClockConfig
                0x00000000080088f4      0x1cc ./Drivers/STM32F4xx_HAL_Driver/Src/stm32f4xx_hal_rcc.o
                0x00000000080088f4                HAL_RCC_ClockConfig
 .text.HAL_RCC_GetSysClockFreq
                0x0000000008008ac0      0x20c ./Drivers/STM32F4xx_HAL_Driver/Src/stm32f4xx_hal_rcc.o
                0x0000000008008ac0                HAL_RCC_GetSysClockFreq
 .text.HAL_RCC_GetHCLKFreq
                0x0000000008008ccc       0x18 ./Drivers/STM32F4xx_HAL_Driver/Src/stm32f4xx_hal_rcc.o
                0x0000000008008ccc                HAL_RCC_GetHCLKFreq
 .text.HAL_RCC_GetPCLK1Freq
                0x0000000008008ce4       0x28 ./Drivers/STM32F4xx_HAL_Driver/Src/stm32f4xx_hal_rcc.o
                0x0000000008008ce4                HAL_RCC_GetPCLK1Freq
 .text.HAL_RCC_GetPCLK2Freq
                0x0000000008008d0c       0x28 ./Drivers/STM32F4xx_HAL_Driver/Src/stm32f4xx_hal_rcc.o
                0x0000000008008d0c                HAL_RCC_GetPCLK2Freq
 .text.HAL_TIM_Base_Init
                0x0000000008008d34       0x9e ./Drivers/STM32F4xx_HAL_Driver/Src/stm32f4xx_hal_tim.o
                0x0000000008008d34                HAL_TIM_Base_Init
 *fill*         0x0000000008008dd2        0x2 
 .text.HAL_TIM_Base_Start_IT
                0x0000000008008dd4       0xc4 ./Drivers/STM32F4xx_HAL_Driver/Src/stm32f4xx_hal_tim.o
                0x0000000008008dd4                HAL_TIM_Base_Start_IT
 .text.HAL_TIM_Base_Stop_IT
                0x0000000008008e98       0x5e ./Drivers/STM32F4xx_HAL_Driver/Src/stm32f4xx_hal_tim.o
                0x0000000008008e98                HAL_TIM_Base_Stop_IT
 .text.HAL_TIM_PWM_Init
                0x0000000008008ef6       0x9e ./Drivers/STM32F4xx_HAL_Driver/Src/stm32f4xx_hal_tim.o
                0x0000000008008ef6                HAL_TIM_PWM_Init
 .text.HAL_TIM_PWM_Start
                0x0000000008008f94      0x160 ./Drivers/STM32F4xx_HAL_Driver/Src/stm32f4xx_hal_tim.o
                0x0000000008008f94                HAL_TIM_PWM_Start
 .text.HAL_TIM_Encoder_Init
                0x00000000080090f4      0x14c ./Drivers/STM32F4xx_HAL_Driver/Src/stm32f4xx_hal_tim.o
                0x00000000080090f4                HAL_TIM_Encoder_Init
 .text.HAL_TIM_Encoder_Start
                0x0000000008009240      0x11c ./Drivers/STM32F4xx_HAL_Driver/Src/stm32f4xx_hal_tim.o
                0x0000000008009240                HAL_TIM_Encoder_Start
 .text.HAL_TIM_IRQHandler
                0x000000000800935c      0x210 ./Drivers/STM32F4xx_HAL_Driver/Src/stm32f4xx_hal_tim.o
                0x000000000800935c                HAL_TIM_IRQHandler
 .text.HAL_TIM_PWM_ConfigChannel
                0x000000000800956c      0x184 ./Drivers/STM32F4xx_HAL_Driver/Src/stm32f4xx_hal_tim.o
                0x000000000800956c                HAL_TIM_PWM_ConfigChannel
 .text.HAL_TIM_ConfigClockSource
                0x00000000080096f0      0x18e ./Drivers/STM32F4xx_HAL_Driver/Src/stm32f4xx_hal_tim.o
                0x00000000080096f0                HAL_TIM_ConfigClockSource
 .text.HAL_TIM_OC_DelayElapsedCallback
                0x000000000800987e       0x14 ./Drivers/STM32F4xx_HAL_Driver/Src/stm32f4xx_hal_tim.o
                0x000000000800987e                HAL_TIM_OC_DelayElapsedCallback
 .text.HAL_TIM_IC_CaptureCallback
                0x0000000008009892       0x14 ./Drivers/STM32F4xx_HAL_Driver/Src/stm32f4xx_hal_tim.o
                0x0000000008009892                HAL_TIM_IC_CaptureCallback
 .text.HAL_TIM_PWM_PulseFinishedCallback
                0x00000000080098a6       0x14 ./Drivers/STM32F4xx_HAL_Driver/Src/stm32f4xx_hal_tim.o
                0x00000000080098a6                HAL_TIM_PWM_PulseFinishedCallback
 .text.HAL_TIM_TriggerCallback
                0x00000000080098ba       0x14 ./Drivers/STM32F4xx_HAL_Driver/Src/stm32f4xx_hal_tim.o
                0x00000000080098ba                HAL_TIM_TriggerCallback
 *fill*         0x00000000080098ce        0x2 
 .text.TIM_Base_SetConfig
                0x00000000080098d0      0x100 ./Drivers/STM32F4xx_HAL_Driver/Src/stm32f4xx_hal_tim.o
                0x00000000080098d0                TIM_Base_SetConfig
 .text.TIM_OC1_SetConfig
                0x00000000080099d0       0xcc ./Drivers/STM32F4xx_HAL_Driver/Src/stm32f4xx_hal_tim.o
 .text.TIM_OC2_SetConfig
                0x0000000008009a9c       0xd8 ./Drivers/STM32F4xx_HAL_Driver/Src/stm32f4xx_hal_tim.o
                0x0000000008009a9c                TIM_OC2_SetConfig
 .text.TIM_OC3_SetConfig
                0x0000000008009b74       0xd4 ./Drivers/STM32F4xx_HAL_Driver/Src/stm32f4xx_hal_tim.o
 .text.TIM_OC4_SetConfig
                0x0000000008009c48       0xa0 ./Drivers/STM32F4xx_HAL_Driver/Src/stm32f4xx_hal_tim.o
 .text.TIM_TI1_ConfigInputStage
                0x0000000008009ce8       0x5e ./Drivers/STM32F4xx_HAL_Driver/Src/stm32f4xx_hal_tim.o
 .text.TIM_TI2_ConfigInputStage
                0x0000000008009d46       0x60 ./Drivers/STM32F4xx_HAL_Driver/Src/stm32f4xx_hal_tim.o
 .text.TIM_ITRx_SetConfig
                0x0000000008009da6       0x36 ./Drivers/STM32F4xx_HAL_Driver/Src/stm32f4xx_hal_tim.o
 .text.TIM_ETR_SetConfig
                0x0000000008009ddc       0x40 ./Drivers/STM32F4xx_HAL_Driver/Src/stm32f4xx_hal_tim.o
                0x0000000008009ddc                TIM_ETR_SetConfig
 .text.TIM_CCxChannelCmd
                0x0000000008009e1c       0x4a ./Drivers/STM32F4xx_HAL_Driver/Src/stm32f4xx_hal_tim.o
                0x0000000008009e1c                TIM_CCxChannelCmd
 *fill*         0x0000000008009e66        0x2 
 .text.HAL_TIMEx_MasterConfigSynchronization
                0x0000000008009e68       0xdc ./Drivers/STM32F4xx_HAL_Driver/Src/stm32f4xx_hal_tim_ex.o
                0x0000000008009e68                HAL_TIMEx_MasterConfigSynchronization
 .text.HAL_TIMEx_ConfigBreakDeadTime
                0x0000000008009f44       0xa4 ./Drivers/STM32F4xx_HAL_Driver/Src/stm32f4xx_hal_tim_ex.o
                0x0000000008009f44                HAL_TIMEx_ConfigBreakDeadTime
 .text.HAL_TIMEx_CommutCallback
                0x0000000008009fe8       0x14 ./Drivers/STM32F4xx_HAL_Driver/Src/stm32f4xx_hal_tim_ex.o
                0x0000000008009fe8                HAL_TIMEx_CommutCallback
 .text.HAL_TIMEx_BreakCallback
                0x0000000008009ffc       0x14 ./Drivers/STM32F4xx_HAL_Driver/Src/stm32f4xx_hal_tim_ex.o
                0x0000000008009ffc                HAL_TIMEx_BreakCallback
 .text.HAL_UART_Init
                0x000000000800a010       0x9a ./Drivers/STM32F4xx_HAL_Driver/Src/stm32f4xx_hal_uart.o
                0x000000000800a010                HAL_UART_Init
 *fill*         0x000000000800a0aa        0x2 
 .text.HAL_UART_Transmit_DMA
                0x000000000800a0ac       0xfc ./Drivers/STM32F4xx_HAL_Driver/Src/stm32f4xx_hal_uart.o
                0x000000000800a0ac                HAL_UART_Transmit_DMA
 .text.HAL_UARTEx_ReceiveToIdle_DMA
                0x000000000800a1a8       0xca ./Drivers/STM32F4xx_HAL_Driver/Src/stm32f4xx_hal_uart.o
                0x000000000800a1a8                HAL_UARTEx_ReceiveToIdle_DMA
 *fill*         0x000000000800a272        0x2 
 .text.HAL_UART_IRQHandler
                0x000000000800a274      0x51c ./Drivers/STM32F4xx_HAL_Driver/Src/stm32f4xx_hal_uart.o
                0x000000000800a274                HAL_UART_IRQHandler
 .text.HAL_UART_TxCpltCallback
                0x000000000800a790       0x14 ./Drivers/STM32F4xx_HAL_Driver/Src/stm32f4xx_hal_uart.o
                0x000000000800a790                HAL_UART_TxCpltCallback
 .text.HAL_UART_TxHalfCpltCallback
                0x000000000800a7a4       0x14 ./Drivers/STM32F4xx_HAL_Driver/Src/stm32f4xx_hal_uart.o
                0x000000000800a7a4                HAL_UART_TxHalfCpltCallback
 .text.HAL_UART_RxCpltCallback
                0x000000000800a7b8       0x14 ./Drivers/STM32F4xx_HAL_Driver/Src/stm32f4xx_hal_uart.o
                0x000000000800a7b8                HAL_UART_RxCpltCallback
 .text.HAL_UART_RxHalfCpltCallback
                0x000000000800a7cc       0x14 ./Drivers/STM32F4xx_HAL_Driver/Src/stm32f4xx_hal_uart.o
                0x000000000800a7cc                HAL_UART_RxHalfCpltCallback
 .text.HAL_UART_ErrorCallback
                0x000000000800a7e0       0x14 ./Drivers/STM32F4xx_HAL_Driver/Src/stm32f4xx_hal_uart.o
                0x000000000800a7e0                HAL_UART_ErrorCallback
 .text.UART_DMATransmitCplt
                0x000000000800a7f4       0x9a ./Drivers/STM32F4xx_HAL_Driver/Src/stm32f4xx_hal_uart.o
 .text.UART_DMATxHalfCplt
                0x000000000800a88e       0x1c ./Drivers/STM32F4xx_HAL_Driver/Src/stm32f4xx_hal_uart.o
 .text.UART_DMAReceiveCplt
                0x000000000800a8aa      0x126 ./Drivers/STM32F4xx_HAL_Driver/Src/stm32f4xx_hal_uart.o
 .text.UART_DMARxHalfCplt
                0x000000000800a9d0       0x36 ./Drivers/STM32F4xx_HAL_Driver/Src/stm32f4xx_hal_uart.o
 .text.UART_DMAError
                0x000000000800aa06       0x94 ./Drivers/STM32F4xx_HAL_Driver/Src/stm32f4xx_hal_uart.o
 *fill*         0x000000000800aa9a        0x2 
 .text.UART_Start_Receive_DMA
                0x000000000800aa9c      0x13c ./Drivers/STM32F4xx_HAL_Driver/Src/stm32f4xx_hal_uart.o
                0x000000000800aa9c                UART_Start_Receive_DMA
 .text.UART_EndTxTransfer
                0x000000000800abd8       0x50 ./Drivers/STM32F4xx_HAL_Driver/Src/stm32f4xx_hal_uart.o
 .text.UART_EndRxTransfer
                0x000000000800ac28       0xc6 ./Drivers/STM32F4xx_HAL_Driver/Src/stm32f4xx_hal_uart.o
 .text.UART_DMAAbortOnError
                0x000000000800acee       0x28 ./Drivers/STM32F4xx_HAL_Driver/Src/stm32f4xx_hal_uart.o
 .text.UART_Transmit_IT
                0x000000000800ad16       0xa0 ./Drivers/STM32F4xx_HAL_Driver/Src/stm32f4xx_hal_uart.o
 .text.UART_EndTransmit_IT
                0x000000000800adb6       0x30 ./Drivers/STM32F4xx_HAL_Driver/Src/stm32f4xx_hal_uart.o
 .text.UART_Receive_IT
                0x000000000800ade6      0x176 ./Drivers/STM32F4xx_HAL_Driver/Src/stm32f4xx_hal_uart.o
 .text.UART_SetConfig
                0x000000000800af5c      0x4e8 ./Drivers/STM32F4xx_HAL_Driver/Src/stm32f4xx_hal_uart.o
 .text.arm_mat_trans_f32
                0x000000000800b444       0xb8 ../Middlewares/Third_Party/ARM_CMSIS/CMSIS/DSP/Lib/GCC\libarm_cortexM4lf_math.a(arm_mat_trans_f32.o)
                0x000000000800b444                arm_mat_trans_f32
 .text.arm_mat_sub_f32
                0x000000000800b4fc       0xd4 ../Middlewares/Third_Party/ARM_CMSIS/CMSIS/DSP/Lib/GCC\libarm_cortexM4lf_math.a(arm_mat_sub_f32.o)
                0x000000000800b4fc                arm_mat_sub_f32
 .text.arm_mat_mult_f32
                0x000000000800b5d0      0x140 ../Middlewares/Third_Party/ARM_CMSIS/CMSIS/DSP/Lib/GCC\libarm_cortexM4lf_math.a(arm_mat_mult_f32.o)
                0x000000000800b5d0                arm_mat_mult_f32
 .text.arm_mat_inverse_f32
                0x000000000800b710      0x20c ../Middlewares/Third_Party/ARM_CMSIS/CMSIS/DSP/Lib/GCC\libarm_cortexM4lf_math.a(arm_mat_inverse_f32.o)
                0x000000000800b710                arm_mat_inverse_f32
 .text.arm_mat_init_f32
                0x000000000800b91c        0x8 ../Middlewares/Third_Party/ARM_CMSIS/CMSIS/DSP/Lib/GCC\libarm_cortexM4lf_math.a(arm_mat_init_f32.o)
                0x000000000800b91c                arm_mat_init_f32
 .text.arm_mat_add_f32
                0x000000000800b924       0xd4 ../Middlewares/Third_Party/ARM_CMSIS/CMSIS/DSP/Lib/GCC\libarm_cortexM4lf_math.a(arm_mat_add_f32.o)
                0x000000000800b924                arm_mat_add_f32
 .text.__libc_init_array
                0x000000000800b9f8       0x48 c:/st/stm32cubeide_1.8.0/stm32cubeide/plugins/com.st.stm32cube.ide.mcu.externaltools.gnu-tools-for-stm32.10.3-2021.10.win32_1.0.0.202111181127/tools/bin/../lib/gcc/arm-none-eabi/10.3.1/../../../../arm-none-eabi/lib/thumb/v7e-m+fp/hard\libc_nano.a(lib_a-init.o)
                0x000000000800b9f8                __libc_init_array
 .text.memcpy   0x000000000800ba40       0x1c c:/st/stm32cubeide_1.8.0/stm32cubeide/plugins/com.st.stm32cube.ide.mcu.externaltools.gnu-tools-for-stm32.10.3-2021.10.win32_1.0.0.202111181127/tools/bin/../lib/gcc/arm-none-eabi/10.3.1/../../../../arm-none-eabi/lib/thumb/v7e-m+fp/hard\libc_nano.a(lib_a-memcpy-stub.o)
                0x000000000800ba40                memcpy
 .text.memset   0x000000000800ba5c       0x10 c:/st/stm32cubeide_1.8.0/stm32cubeide/plugins/com.st.stm32cube.ide.mcu.externaltools.gnu-tools-for-stm32.10.3-2021.10.win32_1.0.0.202111181127/tools/bin/../lib/gcc/arm-none-eabi/10.3.1/../../../../arm-none-eabi/lib/thumb/v7e-m+fp/hard\libc_nano.a(lib_a-memset.o)
                0x000000000800ba5c                memset
 *(.glue_7)
 .glue_7        0x000000000800ba6c        0x0 linker stubs
 *(.glue_7t)
 .glue_7t       0x000000000800ba6c        0x0 linker stubs
 *(.eh_frame)
 .eh_frame      0x000000000800ba6c        0x0 c:/st/stm32cubeide_1.8.0/stm32cubeide/plugins/com.st.stm32cube.ide.mcu.externaltools.gnu-tools-for-stm32.10.3-2021.10.win32_1.0.0.202111181127/tools/bin/../lib/gcc/arm-none-eabi/10.3.1/thumb/v7e-m+fp/hard/crtbegin.o
 *(.init)
 .init          0x000000000800ba6c        0x4 c:/st/stm32cubeide_1.8.0/stm32cubeide/plugins/com.st.stm32cube.ide.mcu.externaltools.gnu-tools-for-stm32.10.3-2021.10.win32_1.0.0.202111181127/tools/bin/../lib/gcc/arm-none-eabi/10.3.1/thumb/v7e-m+fp/hard/crti.o
                0x000000000800ba6c                _init
 .init          0x000000000800ba70        0x8 c:/st/stm32cubeide_1.8.0/stm32cubeide/plugins/com.st.stm32cube.ide.mcu.externaltools.gnu-tools-for-stm32.10.3-2021.10.win32_1.0.0.202111181127/tools/bin/../lib/gcc/arm-none-eabi/10.3.1/thumb/v7e-m+fp/hard/crtn.o
 *(.fini)
 .fini          0x000000000800ba78        0x4 c:/st/stm32cubeide_1.8.0/stm32cubeide/plugins/com.st.stm32cube.ide.mcu.externaltools.gnu-tools-for-stm32.10.3-2021.10.win32_1.0.0.202111181127/tools/bin/../lib/gcc/arm-none-eabi/10.3.1/thumb/v7e-m+fp/hard/crti.o
                0x000000000800ba78                _fini
 .fini          0x000000000800ba7c        0x8 c:/st/stm32cubeide_1.8.0/stm32cubeide/plugins/com.st.stm32cube.ide.mcu.externaltools.gnu-tools-for-stm32.10.3-2021.10.win32_1.0.0.202111181127/tools/bin/../lib/gcc/arm-none-eabi/10.3.1/thumb/v7e-m+fp/hard/crtn.o
                0x000000000800ba84                . = ALIGN (0x4)
                0x000000000800ba84                _etext = .

.vfp11_veneer   0x000000000800ba84        0x0
 .vfp11_veneer  0x000000000800ba84        0x0 linker stubs

.v4_bx          0x000000000800ba84        0x0
 .v4_bx         0x000000000800ba84        0x0 linker stubs

.iplt           0x000000000800ba84        0x0
 .iplt          0x000000000800ba84        0x0 c:/st/stm32cubeide_1.8.0/stm32cubeide/plugins/com.st.stm32cube.ide.mcu.externaltools.gnu-tools-for-stm32.10.3-2021.10.win32_1.0.0.202111181127/tools/bin/../lib/gcc/arm-none-eabi/10.3.1/thumb/v7e-m+fp/hard/crtbegin.o

.rodata         0x000000000800ba84       0x20
                0x000000000800ba84                . = ALIGN (0x4)
 *(.rodata)
 *(.rodata*)
 .rodata.AHBPrescTable
                0x000000000800ba84       0x10 ./Core/Src/system_stm32f4xx.o
                0x000000000800ba84                AHBPrescTable
 .rodata.APBPrescTable
                0x000000000800ba94        0x8 ./Core/Src/system_stm32f4xx.o
                0x000000000800ba94                APBPrescTable
 .rodata.flagBitshiftOffset.0
                0x000000000800ba9c        0x8 ./Drivers/STM32F4xx_HAL_Driver/Src/stm32f4xx_hal_dma.o
                0x000000000800baa4                . = ALIGN (0x4)

.ARM.extab      0x000000000800baa4        0x0
                0x000000000800baa4                . = ALIGN (0x4)
 *(.ARM.extab* .gnu.linkonce.armextab.*)
                0x000000000800baa4                . = ALIGN (0x4)

.ARM            0x000000000800baa4        0x8
                0x000000000800baa4                . = ALIGN (0x4)
                0x000000000800baa4                __exidx_start = .
 *(.ARM.exidx*)
 .ARM.exidx     0x000000000800baa4        0x8 c:/st/stm32cubeide_1.8.0/stm32cubeide/plugins/com.st.stm32cube.ide.mcu.externaltools.gnu-tools-for-stm32.10.3-2021.10.win32_1.0.0.202111181127/tools/bin/../lib/gcc/arm-none-eabi/10.3.1/thumb/v7e-m+fp/hard\libgcc.a(_udivmoddi4.o)
                0x000000000800baac                __exidx_end = .
                0x000000000800baac                . = ALIGN (0x4)

.rel.dyn        0x000000000800baac        0x0
 .rel.iplt      0x000000000800baac        0x0 c:/st/stm32cubeide_1.8.0/stm32cubeide/plugins/com.st.stm32cube.ide.mcu.externaltools.gnu-tools-for-stm32.10.3-2021.10.win32_1.0.0.202111181127/tools/bin/../lib/gcc/arm-none-eabi/10.3.1/thumb/v7e-m+fp/hard/crtbegin.o

.preinit_array  0x000000000800baac        0x0
                0x000000000800baac                . = ALIGN (0x4)
                0x000000000800baac                PROVIDE (__preinit_array_start = .)
 *(.preinit_array*)
                0x000000000800baac                PROVIDE (__preinit_array_end = .)
                0x000000000800baac                . = ALIGN (0x4)

.init_array     0x000000000800baac        0x4
                0x000000000800baac                . = ALIGN (0x4)
                0x000000000800baac                PROVIDE (__init_array_start = .)
 *(SORT_BY_NAME(.init_array.*))
 *(.init_array*)
 .init_array    0x000000000800baac        0x4 c:/st/stm32cubeide_1.8.0/stm32cubeide/plugins/com.st.stm32cube.ide.mcu.externaltools.gnu-tools-for-stm32.10.3-2021.10.win32_1.0.0.202111181127/tools/bin/../lib/gcc/arm-none-eabi/10.3.1/thumb/v7e-m+fp/hard/crtbegin.o
                0x000000000800bab0                PROVIDE (__init_array_end = .)
                0x000000000800bab0                . = ALIGN (0x4)

.fini_array     0x000000000800bab0        0x4
                0x000000000800bab0                . = ALIGN (0x4)
                [!provide]                        PROVIDE (__fini_array_start = .)
 *(SORT_BY_NAME(.fini_array.*))
 *(.fini_array*)
 .fini_array    0x000000000800bab0        0x4 c:/st/stm32cubeide_1.8.0/stm32cubeide/plugins/com.st.stm32cube.ide.mcu.externaltools.gnu-tools-for-stm32.10.3-2021.10.win32_1.0.0.202111181127/tools/bin/../lib/gcc/arm-none-eabi/10.3.1/thumb/v7e-m+fp/hard/crtbegin.o
                [!provide]                        PROVIDE (__fini_array_end = .)
                0x000000000800bab4                . = ALIGN (0x4)
                0x000000000800bab4                _sidata = LOADADDR (.data)

.data           0x0000000020000000      0x3c4 load address 0x000000000800bab4
                0x0000000020000000                . = ALIGN (0x4)
                0x0000000020000000                _sdata = .
 *(.data)
 *(.data*)
 .data.EndEffState
                0x0000000020000000        0x1 ./Core/Src/main.o
                0x0000000020000000                EndEffState
 .data.EndEffStatus
                0x0000000020000001        0x1 ./Core/Src/main.o
                0x0000000020000001                EndEffStatus
 *fill*         0x0000000020000002        0x2 
 .data.goalDeg  0x0000000020000004       0x28 ./Core/Src/main.o
                0x0000000020000004                goalDeg
 .data.ACK_1    0x000000002000002c        0x2 ./Core/Src/main.o
                0x000000002000002c                ACK_1
 *fill*         0x000000002000002e        0x2 
 .data.ACK_2    0x0000000020000030        0x2 ./Core/Src/main.o
                0x0000000020000030                ACK_2
 *fill*         0x0000000020000032        0x2 
 .data.KalmanVar
                0x0000000020000034      0x380 ./Core/Src/main.o
                0x0000000020000034                KalmanVar
 .data.SignalThreshold.5
                0x00000000200003b4        0x4 ./Core/Src/main.o
 .data.SystemCoreClock
                0x00000000200003b8        0x4 ./Core/Src/system_stm32f4xx.o
                0x00000000200003b8                SystemCoreClock
 .data.uwTickPrio
                0x00000000200003bc        0x4 ./Drivers/STM32F4xx_HAL_Driver/Src/stm32f4xx_hal.o
                0x00000000200003bc                uwTickPrio
 .data.uwTickFreq
                0x00000000200003c0        0x1 ./Drivers/STM32F4xx_HAL_Driver/Src/stm32f4xx_hal.o
                0x00000000200003c0                uwTickFreq
 *(.RamFunc)
 *(.RamFunc*)
                0x00000000200003c4                . = ALIGN (0x4)
 *fill*         0x00000000200003c1        0x3 
                0x00000000200003c4                _edata = .

.igot.plt       0x00000000200003c4        0x0 load address 0x000000000800be78
 .igot.plt      0x00000000200003c4        0x0 c:/st/stm32cubeide_1.8.0/stm32cubeide/plugins/com.st.stm32cube.ide.mcu.externaltools.gnu-tools-for-stm32.10.3-2021.10.win32_1.0.0.202111181127/tools/bin/../lib/gcc/arm-none-eabi/10.3.1/thumb/v7e-m+fp/hard/crtbegin.o
                0x00000000200003c4                . = ALIGN (0x4)

.bss            0x00000000200003c8      0x564 load address 0x000000000800be78
                0x00000000200003c8                _sbss = .
                0x00000000200003c8                __bss_start__ = _sbss
 *(.bss)
 .bss           0x00000000200003c8       0x1c c:/st/stm32cubeide_1.8.0/stm32cubeide/plugins/com.st.stm32cube.ide.mcu.externaltools.gnu-tools-for-stm32.10.3-2021.10.win32_1.0.0.202111181127/tools/bin/../lib/gcc/arm-none-eabi/10.3.1/thumb/v7e-m+fp/hard/crtbegin.o
 *(.bss*)
 .bss.t.1       0x00000000200003e4        0x4 ./Core/Src/Trajectory.o
 .bss.tP.0      0x00000000200003e8        0x4 ./Core/Src/Trajectory.o
 .bss.hi2c1     0x00000000200003ec       0x54 ./Core/Src/main.o
                0x00000000200003ec                hi2c1
 .bss.htim1     0x0000000020000440       0x48 ./Core/Src/main.o
                0x0000000020000440                htim1
 .bss.htim2     0x0000000020000488       0x48 ./Core/Src/main.o
                0x0000000020000488                htim2
 .bss.htim5     0x00000000200004d0       0x48 ./Core/Src/main.o
                0x00000000200004d0                htim5
 .bss.htim11    0x0000000020000518       0x48 ./Core/Src/main.o
                0x0000000020000518                htim11
 .bss.huart2    0x0000000020000560       0x44 ./Core/Src/main.o
                0x0000000020000560                huart2
 .bss.hdma_usart2_rx
                0x00000000200005a4       0x60 ./Core/Src/main.o
                0x00000000200005a4                hdma_usart2_rx
 .bss.hdma_usart2_tx
                0x0000000020000604       0x60 ./Core/Src/main.o
                0x0000000020000604                hdma_usart2_tx
 .bss.Robot     0x0000000020000664       0x28 ./Core/Src/main.o
                0x0000000020000664                Robot
 .bss.homeFF    0x000000002000068c        0x1 ./Core/Src/main.o
                0x000000002000068c                homeFF
 *fill*         0x000000002000068d        0x3 
 .bss.homePoint
                0x0000000020000690        0x8 ./Core/Src/main.o
 .bss.UARTState
                0x0000000020000698        0x1 ./Core/Src/main.o
                0x0000000020000698                UARTState
 .bss.RobotState
                0x0000000020000699        0x1 ./Core/Src/main.o
                0x0000000020000699                RobotState
 *fill*         0x000000002000069a        0x2 
 .bss.RxBuf     0x000000002000069c       0x14 ./Core/Src/main.o
 .bss.MainBuf   0x00000000200006b0       0x14 ./Core/Src/main.o
 .bss.TxBuf     0x00000000200006c4        0x8 ./Core/Src/main.o
 .bss.stateSwitch
                0x00000000200006cc        0x1 ./Core/Src/main.o
 *fill*         0x00000000200006cd        0x1 
 .bss.oldPos    0x00000000200006ce        0x2 ./Core/Src/main.o
 .bss.newPos    0x00000000200006d0        0x2 ./Core/Src/main.o
 .bss.dataSize  0x00000000200006d2        0x2 ./Core/Src/main.o
 .bss.posData   0x00000000200006d4        0x2 ./Core/Src/main.o
                0x00000000200006d4                posData
 .bss.veloData  0x00000000200006d6        0x1 ./Core/Src/main.o
                0x00000000200006d6                veloData
 *fill*         0x00000000200006d7        0x1 
 .bss.uartVelo  0x00000000200006d8        0x4 ./Core/Src/main.o
                0x00000000200006d8                uartVelo
 .bss.uartPos   0x00000000200006dc        0x4 ./Core/Src/main.o
                0x00000000200006dc                uartPos
 .bss.uartGoal  0x00000000200006e0        0xf ./Core/Src/main.o
                0x00000000200006e0                uartGoal
 .bss.goalAmount
                0x00000000200006ef        0x1 ./Core/Src/main.o
                0x00000000200006ef                goalAmount
 .bss.goalIDX   0x00000000200006f0        0x1 ./Core/Src/main.o
                0x00000000200006f0                goalIDX
 .bss.goalFlag  0x00000000200006f1        0x1 ./Core/Src/main.o
                0x00000000200006f1                goalFlag
 .bss.endEffFlag
                0x00000000200006f2        0x1 ./Core/Src/main.o
                0x00000000200006f2                endEffFlag
 .bss.homingFlag
                0x00000000200006f3        0x1 ./Core/Src/main.o
                0x00000000200006f3                homingFlag
 .bss.doingTaskFlag
                0x00000000200006f4        0x1 ./Core/Src/main.o
                0x00000000200006f4                doingTaskFlag
 .bss.goingToGoalFlag
                0x00000000200006f5        0x1 ./Core/Src/main.o
                0x00000000200006f5                goingToGoalFlag
 .bss.openLaserWriteFlag
                0x00000000200006f6        0x1 ./Core/Src/main.o
                0x00000000200006f6                openLaserWriteFlag
 .bss.notContinueFlag
                0x00000000200006f7        0x1 ./Core/Src/main.o
                0x00000000200006f7                notContinueFlag
 .bss.modeNo    0x00000000200006f8        0x1 ./Core/Src/main.o
                0x00000000200006f8                modeNo
 .bss.modeByte  0x00000000200006f9        0x1 ./Core/Src/main.o
                0x00000000200006f9                modeByte
 *fill*         0x00000000200006fa        0x6 
 .bss._micro    0x0000000020000700        0x8 ./Core/Src/main.o
                0x0000000020000700                _micro
 .bss.timeElapsed
                0x0000000020000708       0x10 ./Core/Src/main.o
                0x0000000020000708                timeElapsed
 .bss.EndEffLoopTime
                0x0000000020000718        0x8 ./Core/Src/main.o
                0x0000000020000718                EndEffLoopTime
 .bss.check     0x0000000020000720       0x50 ./Core/Src/main.o
                0x0000000020000720                check
 .bss.EncoderRawData
                0x0000000020000770        0x8 ./Core/Src/main.o
                0x0000000020000770                EncoderRawData
 .bss.WrappingStep
                0x0000000020000778        0x4 ./Core/Src/main.o
                0x0000000020000778                WrappingStep
 .bss.PositionRaw
                0x000000002000077c        0x4 ./Core/Src/main.o
                0x000000002000077c                PositionRaw
 .bss.PositionDeg
                0x0000000020000780        0x8 ./Core/Src/main.o
                0x0000000020000780                PositionDeg
 .bss.VelocityDeg
                0x0000000020000788        0x4 ./Core/Src/main.o
                0x0000000020000788                VelocityDeg
 .bss.invTFOutput
                0x000000002000078c        0x4 ./Core/Src/main.o
                0x000000002000078c                invTFOutput
 .bss.PidVelo   0x0000000020000790       0x34 ./Core/Src/main.o
                0x0000000020000790                PidVelo
 .bss.PidPos    0x00000000200007c4       0x34 ./Core/Src/main.o
                0x00000000200007c4                PidPos
 .bss.PWMCHECKER
                0x00000000200007f8        0x4 ./Core/Src/main.o
                0x00000000200007f8                PWMCHECKER
 .bss.traject   0x00000000200007fc       0xb8 ./Core/Src/main.o
                0x00000000200007fc                traject
 *fill*         0x00000000200008b4        0x4 
 .bss.StartTime
                0x00000000200008b8        0x8 ./Core/Src/main.o
 .bss.CurrentTime
                0x00000000200008c0        0x8 ./Core/Src/main.o
 .bss.PredictTime
                0x00000000200008c8        0x8 ./Core/Src/main.o
 .bss.CheckLoopStartTime
                0x00000000200008d0        0x8 ./Core/Src/main.o
 .bss.CheckLoopStopTime
                0x00000000200008d8        0x8 ./Core/Src/main.o
 .bss.CheckLoopDiffTime
                0x00000000200008e0        0x8 ./Core/Src/main.o
 .bss.EmergencycalloutTime
                0x00000000200008e8        0x8 ./Core/Src/main.o
 .bss.EmertimeoutFlag
                0x00000000200008f0        0x1 ./Core/Src/main.o
                0x00000000200008f0                EmertimeoutFlag
 *fill*         0x00000000200008f1        0x7 
 .bss.endEffLoopTime
                0x00000000200008f8        0x8 ./Core/Src/main.o
                0x00000000200008f8                endEffLoopTime
 .bss.ControlLoopTime
                0x0000000020000900        0x8 ./Core/Src/main.o
                0x0000000020000900                ControlLoopTime
 .bss.I2CEndEffectorReadFlag
                0x0000000020000908        0x1 ./Core/Src/main.o
                0x0000000020000908                I2CEndEffectorReadFlag
 .bss.I2CEndEffectorWriteFlag
                0x0000000020000909        0x1 ./Core/Src/main.o
                0x0000000020000909                I2CEndEffectorWriteFlag
 *fill*         0x000000002000090a        0x2 
 .bss.I2CRxDataBuffer
                0x000000002000090c        0x1 ./Core/Src/main.o
 *fill*         0x000000002000090d        0x3 
 .bss.I2CTxDataBuffer
                0x0000000020000910        0x1 ./Core/Src/main.o
 *fill*         0x0000000020000911        0x3 
 .bss.VeloLast.4
                0x0000000020000914        0x4 ./Core/Src/main.o
 .bss.VoltageLast.3
                0x0000000020000918        0x4 ./Core/Src/main.o
 .bss.Voltage.2
                0x000000002000091c        0x4 ./Core/Src/main.o
 .bss.Pwm.1     0x0000000020000920        0x4 ./Core/Src/main.o
 .bss.data.0    0x0000000020000924        0x1 ./Core/Src/main.o
 *fill*         0x0000000020000925        0x3 
 .bss.uwTick    0x0000000020000928        0x4 ./Drivers/STM32F4xx_HAL_Driver/Src/stm32f4xx_hal.o
                0x0000000020000928                uwTick
 *(COMMON)
                0x000000002000092c                . = ALIGN (0x4)
                0x000000002000092c                _ebss = .
                0x000000002000092c                __bss_end__ = _ebss

._user_heap_stack
                0x000000002000092c      0x604 load address 0x000000000800be78
                0x0000000020000930                . = ALIGN (0x8)
 *fill*         0x000000002000092c        0x4 
                [!provide]                        PROVIDE (end = .)
                0x0000000020000930                PROVIDE (_end = .)
                0x0000000020000b30                . = (. + _Min_Heap_Size)
 *fill*         0x0000000020000930      0x200 
                0x0000000020000f30                . = (. + _Min_Stack_Size)
 *fill*         0x0000000020000b30      0x400 
                0x0000000020000f30                . = ALIGN (0x8)

/DISCARD/
 libc.a(*)
 libm.a(*)
 libgcc.a(*)

.ARM.attributes
                0x0000000000000000       0x30
 *(.ARM.attributes)
 .ARM.attributes
                0x0000000000000000       0x1e c:/st/stm32cubeide_1.8.0/stm32cubeide/plugins/com.st.stm32cube.ide.mcu.externaltools.gnu-tools-for-stm32.10.3-2021.10.win32_1.0.0.202111181127/tools/bin/../lib/gcc/arm-none-eabi/10.3.1/thumb/v7e-m+fp/hard/crti.o
 .ARM.attributes
                0x000000000000001e       0x34 c:/st/stm32cubeide_1.8.0/stm32cubeide/plugins/com.st.stm32cube.ide.mcu.externaltools.gnu-tools-for-stm32.10.3-2021.10.win32_1.0.0.202111181127/tools/bin/../lib/gcc/arm-none-eabi/10.3.1/thumb/v7e-m+fp/hard/crtbegin.o
 .ARM.attributes
                0x0000000000000052       0x34 ./Core/Src/Kalman.o
 .ARM.attributes
                0x0000000000000086       0x34 ./Core/Src/PIDVelocity.o
 .ARM.attributes
                0x00000000000000ba       0x34 ./Core/Src/Trajectory.o
 .ARM.attributes
                0x00000000000000ee       0x34 ./Core/Src/main.o
 .ARM.attributes
                0x0000000000000122       0x34 ./Core/Src/stm32f4xx_hal_msp.o
 .ARM.attributes
                0x0000000000000156       0x34 ./Core/Src/stm32f4xx_it.o
 .ARM.attributes
                0x000000000000018a       0x34 ./Core/Src/system_stm32f4xx.o
 .ARM.attributes
                0x00000000000001be       0x21 ./Core/Startup/startup_stm32f411retx.o
 .ARM.attributes
                0x00000000000001df       0x34 ./Drivers/STM32F4xx_HAL_Driver/Src/stm32f4xx_hal.o
 .ARM.attributes
                0x0000000000000213       0x34 ./Drivers/STM32F4xx_HAL_Driver/Src/stm32f4xx_hal_cortex.o
 .ARM.attributes
                0x0000000000000247       0x34 ./Drivers/STM32F4xx_HAL_Driver/Src/stm32f4xx_hal_dma.o
 .ARM.attributes
                0x000000000000027b       0x34 ./Drivers/STM32F4xx_HAL_Driver/Src/stm32f4xx_hal_gpio.o
 .ARM.attributes
                0x00000000000002af       0x34 ./Drivers/STM32F4xx_HAL_Driver/Src/stm32f4xx_hal_i2c.o
 .ARM.attributes
                0x00000000000002e3       0x34 ./Drivers/STM32F4xx_HAL_Driver/Src/stm32f4xx_hal_rcc.o
 .ARM.attributes
                0x0000000000000317       0x34 ./Drivers/STM32F4xx_HAL_Driver/Src/stm32f4xx_hal_tim.o
 .ARM.attributes
                0x000000000000034b       0x34 ./Drivers/STM32F4xx_HAL_Driver/Src/stm32f4xx_hal_tim_ex.o
 .ARM.attributes
                0x000000000000037f       0x34 ./Drivers/STM32F4xx_HAL_Driver/Src/stm32f4xx_hal_uart.o
 .ARM.attributes
                0x00000000000003b3       0x34 ../Middlewares/Third_Party/ARM_CMSIS/CMSIS/DSP/Lib/GCC\libarm_cortexM4lf_math.a(arm_mat_trans_f32.o)
 .ARM.attributes
                0x00000000000003e7       0x34 ../Middlewares/Third_Party/ARM_CMSIS/CMSIS/DSP/Lib/GCC\libarm_cortexM4lf_math.a(arm_mat_sub_f32.o)
 .ARM.attributes
                0x000000000000041b       0x34 ../Middlewares/Third_Party/ARM_CMSIS/CMSIS/DSP/Lib/GCC\libarm_cortexM4lf_math.a(arm_mat_mult_f32.o)
 .ARM.attributes
                0x000000000000044f       0x34 ../Middlewares/Third_Party/ARM_CMSIS/CMSIS/DSP/Lib/GCC\libarm_cortexM4lf_math.a(arm_mat_inverse_f32.o)
 .ARM.attributes
                0x0000000000000483       0x34 ../Middlewares/Third_Party/ARM_CMSIS/CMSIS/DSP/Lib/GCC\libarm_cortexM4lf_math.a(arm_mat_init_f32.o)
 .ARM.attributes
                0x00000000000004b7       0x34 ../Middlewares/Third_Party/ARM_CMSIS/CMSIS/DSP/Lib/GCC\libarm_cortexM4lf_math.a(arm_mat_add_f32.o)
 .ARM.attributes
                0x00000000000004eb       0x34 c:/st/stm32cubeide_1.8.0/stm32cubeide/plugins/com.st.stm32cube.ide.mcu.externaltools.gnu-tools-for-stm32.10.3-2021.10.win32_1.0.0.202111181127/tools/bin/../lib/gcc/arm-none-eabi/10.3.1/../../../../arm-none-eabi/lib/thumb/v7e-m+fp/hard\libc_nano.a(lib_a-init.o)
 .ARM.attributes
                0x000000000000051f       0x34 c:/st/stm32cubeide_1.8.0/stm32cubeide/plugins/com.st.stm32cube.ide.mcu.externaltools.gnu-tools-for-stm32.10.3-2021.10.win32_1.0.0.202111181127/tools/bin/../lib/gcc/arm-none-eabi/10.3.1/../../../../arm-none-eabi/lib/thumb/v7e-m+fp/hard\libc_nano.a(lib_a-memcpy-stub.o)
 .ARM.attributes
                0x0000000000000553       0x34 c:/st/stm32cubeide_1.8.0/stm32cubeide/plugins/com.st.stm32cube.ide.mcu.externaltools.gnu-tools-for-stm32.10.3-2021.10.win32_1.0.0.202111181127/tools/bin/../lib/gcc/arm-none-eabi/10.3.1/../../../../arm-none-eabi/lib/thumb/v7e-m+fp/hard\libc_nano.a(lib_a-memset.o)
 .ARM.attributes
                0x0000000000000587       0x1e c:/st/stm32cubeide_1.8.0/stm32cubeide/plugins/com.st.stm32cube.ide.mcu.externaltools.gnu-tools-for-stm32.10.3-2021.10.win32_1.0.0.202111181127/tools/bin/../lib/gcc/arm-none-eabi/10.3.1/thumb/v7e-m+fp/hard\libgcc.a(_arm_addsubdf3.o)
 .ARM.attributes
                0x00000000000005a5       0x1e c:/st/stm32cubeide_1.8.0/stm32cubeide/plugins/com.st.stm32cube.ide.mcu.externaltools.gnu-tools-for-stm32.10.3-2021.10.win32_1.0.0.202111181127/tools/bin/../lib/gcc/arm-none-eabi/10.3.1/thumb/v7e-m+fp/hard\libgcc.a(_arm_muldivdf3.o)
 .ARM.attributes
                0x00000000000005c3       0x1e c:/st/stm32cubeide_1.8.0/stm32cubeide/plugins/com.st.stm32cube.ide.mcu.externaltools.gnu-tools-for-stm32.10.3-2021.10.win32_1.0.0.202111181127/tools/bin/../lib/gcc/arm-none-eabi/10.3.1/thumb/v7e-m+fp/hard\libgcc.a(_arm_fixunsdfsi.o)
 .ARM.attributes
                0x00000000000005e1       0x1e c:/st/stm32cubeide_1.8.0/stm32cubeide/plugins/com.st.stm32cube.ide.mcu.externaltools.gnu-tools-for-stm32.10.3-2021.10.win32_1.0.0.202111181127/tools/bin/../lib/gcc/arm-none-eabi/10.3.1/thumb/v7e-m+fp/hard\libgcc.a(_arm_truncdfsf2.o)
 .ARM.attributes
                0x00000000000005ff       0x1e c:/st/stm32cubeide_1.8.0/stm32cubeide/plugins/com.st.stm32cube.ide.mcu.externaltools.gnu-tools-for-stm32.10.3-2021.10.win32_1.0.0.202111181127/tools/bin/../lib/gcc/arm-none-eabi/10.3.1/thumb/v7e-m+fp/hard\libgcc.a(_aeabi_uldivmod.o)
 .ARM.attributes
                0x000000000000061d       0x34 c:/st/stm32cubeide_1.8.0/stm32cubeide/plugins/com.st.stm32cube.ide.mcu.externaltools.gnu-tools-for-stm32.10.3-2021.10.win32_1.0.0.202111181127/tools/bin/../lib/gcc/arm-none-eabi/10.3.1/thumb/v7e-m+fp/hard\libgcc.a(_udivmoddi4.o)
 .ARM.attributes
                0x0000000000000651       0x1e c:/st/stm32cubeide_1.8.0/stm32cubeide/plugins/com.st.stm32cube.ide.mcu.externaltools.gnu-tools-for-stm32.10.3-2021.10.win32_1.0.0.202111181127/tools/bin/../lib/gcc/arm-none-eabi/10.3.1/thumb/v7e-m+fp/hard\libgcc.a(_dvmd_tls.o)
 .ARM.attributes
                0x000000000000066f       0x1e c:/st/stm32cubeide_1.8.0/stm32cubeide/plugins/com.st.stm32cube.ide.mcu.externaltools.gnu-tools-for-stm32.10.3-2021.10.win32_1.0.0.202111181127/tools/bin/../lib/gcc/arm-none-eabi/10.3.1/thumb/v7e-m+fp/hard/crtn.o
OUTPUT(FRAM3re.elf elf32-littlearm)
LOAD linker stubs
LOAD c:/st/stm32cubeide_1.8.0/stm32cubeide/plugins/com.st.stm32cube.ide.mcu.externaltools.gnu-tools-for-stm32.10.3-2021.10.win32_1.0.0.202111181127/tools/bin/../lib/gcc/arm-none-eabi/10.3.1/../../../../arm-none-eabi/lib/thumb/v7e-m+fp/hard\libc.a
LOAD c:/st/stm32cubeide_1.8.0/stm32cubeide/plugins/com.st.stm32cube.ide.mcu.externaltools.gnu-tools-for-stm32.10.3-2021.10.win32_1.0.0.202111181127/tools/bin/../lib/gcc/arm-none-eabi/10.3.1/../../../../arm-none-eabi/lib/thumb/v7e-m+fp/hard\libm.a
LOAD c:/st/stm32cubeide_1.8.0/stm32cubeide/plugins/com.st.stm32cube.ide.mcu.externaltools.gnu-tools-for-stm32.10.3-2021.10.win32_1.0.0.202111181127/tools/bin/../lib/gcc/arm-none-eabi/10.3.1/thumb/v7e-m+fp/hard\libgcc.a

.debug_info     0x0000000000000000    0x173ce
 .debug_info    0x0000000000000000      0x663 ./Core/Src/Kalman.o
 .debug_info    0x0000000000000663      0x262 ./Core/Src/PIDVelocity.o
 .debug_info    0x00000000000008c5      0x3dd ./Core/Src/Trajectory.o
 .debug_info    0x0000000000000ca2     0x2c0f ./Core/Src/main.o
 .debug_info    0x00000000000038b1     0x1473 ./Core/Src/stm32f4xx_hal_msp.o
 .debug_info    0x0000000000004d24      0xd9c ./Core/Src/stm32f4xx_it.o
 .debug_info    0x0000000000005ac0      0x54f ./Core/Src/system_stm32f4xx.o
 .debug_info    0x000000000000600f       0x22 ./Core/Startup/startup_stm32f411retx.o
 .debug_info    0x0000000000006031      0x90d ./Drivers/STM32F4xx_HAL_Driver/Src/stm32f4xx_hal.o
 .debug_info    0x000000000000693e      0xd8b ./Drivers/STM32F4xx_HAL_Driver/Src/stm32f4xx_hal_cortex.o
 .debug_info    0x00000000000076c9      0x947 ./Drivers/STM32F4xx_HAL_Driver/Src/stm32f4xx_hal_dma.o
 .debug_info    0x0000000000008010      0x78e ./Drivers/STM32F4xx_HAL_Driver/Src/stm32f4xx_hal_gpio.o
 .debug_info    0x000000000000879e     0x260f ./Drivers/STM32F4xx_HAL_Driver/Src/stm32f4xx_hal_i2c.o
 .debug_info    0x000000000000adad      0x98d ./Drivers/STM32F4xx_HAL_Driver/Src/stm32f4xx_hal_rcc.o
 .debug_info    0x000000000000b73a     0x2bb6 ./Drivers/STM32F4xx_HAL_Driver/Src/stm32f4xx_hal_tim.o
 .debug_info    0x000000000000e2f0     0x15d8 ./Drivers/STM32F4xx_HAL_Driver/Src/stm32f4xx_hal_tim_ex.o
 .debug_info    0x000000000000f8c8     0x31b4 ./Drivers/STM32F4xx_HAL_Driver/Src/stm32f4xx_hal_uart.o
 .debug_info    0x0000000000012a7c      0xc1e ../Middlewares/Third_Party/ARM_CMSIS/CMSIS/DSP/Lib/GCC\libarm_cortexM4lf_math.a(arm_mat_trans_f32.o)
 .debug_info    0x000000000001369a      0xbf9 ../Middlewares/Third_Party/ARM_CMSIS/CMSIS/DSP/Lib/GCC\libarm_cortexM4lf_math.a(arm_mat_sub_f32.o)
 .debug_info    0x0000000000014293      0xcb5 ../Middlewares/Third_Party/ARM_CMSIS/CMSIS/DSP/Lib/GCC\libarm_cortexM4lf_math.a(arm_mat_mult_f32.o)
 .debug_info    0x0000000000014f48      0xd81 ../Middlewares/Third_Party/ARM_CMSIS/CMSIS/DSP/Lib/GCC\libarm_cortexM4lf_math.a(arm_mat_inverse_f32.o)
 .debug_info    0x0000000000015cc9      0xb0c ../Middlewares/Third_Party/ARM_CMSIS/CMSIS/DSP/Lib/GCC\libarm_cortexM4lf_math.a(arm_mat_init_f32.o)
 .debug_info    0x00000000000167d5      0xbf9 ../Middlewares/Third_Party/ARM_CMSIS/CMSIS/DSP/Lib/GCC\libarm_cortexM4lf_math.a(arm_mat_add_f32.o)

.debug_abbrev   0x0000000000000000     0x2fa1
 .debug_abbrev  0x0000000000000000      0x193 ./Core/Src/Kalman.o
 .debug_abbrev  0x0000000000000193       0xff ./Core/Src/PIDVelocity.o
 .debug_abbrev  0x0000000000000292      0x12b ./Core/Src/Trajectory.o
 .debug_abbrev  0x00000000000003bd      0x38e ./Core/Src/main.o
 .debug_abbrev  0x000000000000074b      0x263 ./Core/Src/stm32f4xx_hal_msp.o
 .debug_abbrev  0x00000000000009ae      0x1cb ./Core/Src/stm32f4xx_it.o
 .debug_abbrev  0x0000000000000b79      0x116 ./Core/Src/system_stm32f4xx.o
 .debug_abbrev  0x0000000000000c8f       0x12 ./Core/Startup/startup_stm32f411retx.o
 .debug_abbrev  0x0000000000000ca1      0x23e ./Drivers/STM32F4xx_HAL_Driver/Src/stm32f4xx_hal.o
 .debug_abbrev  0x0000000000000edf      0x316 ./Drivers/STM32F4xx_HAL_Driver/Src/stm32f4xx_hal_cortex.o
 .debug_abbrev  0x00000000000011f5      0x21b ./Drivers/STM32F4xx_HAL_Driver/Src/stm32f4xx_hal_dma.o
 .debug_abbrev  0x0000000000001410      0x1c4 ./Drivers/STM32F4xx_HAL_Driver/Src/stm32f4xx_hal_gpio.o
 .debug_abbrev  0x00000000000015d4      0x2a8 ./Drivers/STM32F4xx_HAL_Driver/Src/stm32f4xx_hal_i2c.o
 .debug_abbrev  0x000000000000187c      0x2aa ./Drivers/STM32F4xx_HAL_Driver/Src/stm32f4xx_hal_rcc.o
 .debug_abbrev  0x0000000000001b26      0x26e ./Drivers/STM32F4xx_HAL_Driver/Src/stm32f4xx_hal_tim.o
 .debug_abbrev  0x0000000000001d94      0x276 ./Drivers/STM32F4xx_HAL_Driver/Src/stm32f4xx_hal_tim_ex.o
 .debug_abbrev  0x000000000000200a      0x305 ./Drivers/STM32F4xx_HAL_Driver/Src/stm32f4xx_hal_uart.o
 .debug_abbrev  0x000000000000230f      0x216 ../Middlewares/Third_Party/ARM_CMSIS/CMSIS/DSP/Lib/GCC\libarm_cortexM4lf_math.a(arm_mat_trans_f32.o)
 .debug_abbrev  0x0000000000002525      0x202 ../Middlewares/Third_Party/ARM_CMSIS/CMSIS/DSP/Lib/GCC\libarm_cortexM4lf_math.a(arm_mat_sub_f32.o)
 .debug_abbrev  0x0000000000002727      0x225 ../Middlewares/Third_Party/ARM_CMSIS/CMSIS/DSP/Lib/GCC\libarm_cortexM4lf_math.a(arm_mat_mult_f32.o)
 .debug_abbrev  0x000000000000294c      0x26c ../Middlewares/Third_Party/ARM_CMSIS/CMSIS/DSP/Lib/GCC\libarm_cortexM4lf_math.a(arm_mat_inverse_f32.o)
 .debug_abbrev  0x0000000000002bb8      0x1e7 ../Middlewares/Third_Party/ARM_CMSIS/CMSIS/DSP/Lib/GCC\libarm_cortexM4lf_math.a(arm_mat_init_f32.o)
 .debug_abbrev  0x0000000000002d9f      0x202 ../Middlewares/Third_Party/ARM_CMSIS/CMSIS/DSP/Lib/GCC\libarm_cortexM4lf_math.a(arm_mat_add_f32.o)

.debug_aranges  0x0000000000000000     0x1138
 .debug_aranges
                0x0000000000000000       0x30 ./Core/Src/Kalman.o
 .debug_aranges
                0x0000000000000030       0x30 ./Core/Src/PIDVelocity.o
 .debug_aranges
                0x0000000000000060       0x40 ./Core/Src/Trajectory.o
 .debug_aranges
                0x00000000000000a0      0x118 ./Core/Src/main.o
 .debug_aranges
                0x00000000000001b8       0x78 ./Core/Src/stm32f4xx_hal_msp.o
 .debug_aranges
                0x0000000000000230       0xa8 ./Core/Src/stm32f4xx_it.o
 .debug_aranges
                0x00000000000002d8       0x28 ./Core/Src/system_stm32f4xx.o
 .debug_aranges
                0x0000000000000300       0x28 ./Core/Startup/startup_stm32f411retx.o
 .debug_aranges
                0x0000000000000328       0xf0 ./Drivers/STM32F4xx_HAL_Driver/Src/stm32f4xx_hal.o
 .debug_aranges
                0x0000000000000418      0x118 ./Drivers/STM32F4xx_HAL_Driver/Src/stm32f4xx_hal_cortex.o
 .debug_aranges
                0x0000000000000530       0x90 ./Drivers/STM32F4xx_HAL_Driver/Src/stm32f4xx_hal_dma.o
 .debug_aranges
                0x00000000000005c0       0x58 ./Drivers/STM32F4xx_HAL_Driver/Src/stm32f4xx_hal_gpio.o
 .debug_aranges
                0x0000000000000618      0x2a0 ./Drivers/STM32F4xx_HAL_Driver/Src/stm32f4xx_hal_i2c.o
 .debug_aranges
                0x00000000000008b8       0x88 ./Drivers/STM32F4xx_HAL_Driver/Src/stm32f4xx_hal_rcc.o
 .debug_aranges
                0x0000000000000940      0x3d0 ./Drivers/STM32F4xx_HAL_Driver/Src/stm32f4xx_hal_tim.o
 .debug_aranges
                0x0000000000000d10      0x168 ./Drivers/STM32F4xx_HAL_Driver/Src/stm32f4xx_hal_tim_ex.o
 .debug_aranges
                0x0000000000000e78      0x200 ./Drivers/STM32F4xx_HAL_Driver/Src/stm32f4xx_hal_uart.o
 .debug_aranges
                0x0000000000001078       0x20 ../Middlewares/Third_Party/ARM_CMSIS/CMSIS/DSP/Lib/GCC\libarm_cortexM4lf_math.a(arm_mat_trans_f32.o)
 .debug_aranges
                0x0000000000001098       0x20 ../Middlewares/Third_Party/ARM_CMSIS/CMSIS/DSP/Lib/GCC\libarm_cortexM4lf_math.a(arm_mat_sub_f32.o)
 .debug_aranges
                0x00000000000010b8       0x20 ../Middlewares/Third_Party/ARM_CMSIS/CMSIS/DSP/Lib/GCC\libarm_cortexM4lf_math.a(arm_mat_mult_f32.o)
 .debug_aranges
                0x00000000000010d8       0x20 ../Middlewares/Third_Party/ARM_CMSIS/CMSIS/DSP/Lib/GCC\libarm_cortexM4lf_math.a(arm_mat_inverse_f32.o)
 .debug_aranges
                0x00000000000010f8       0x20 ../Middlewares/Third_Party/ARM_CMSIS/CMSIS/DSP/Lib/GCC\libarm_cortexM4lf_math.a(arm_mat_init_f32.o)
 .debug_aranges
                0x0000000000001118       0x20 ../Middlewares/Third_Party/ARM_CMSIS/CMSIS/DSP/Lib/GCC\libarm_cortexM4lf_math.a(arm_mat_add_f32.o)

.debug_ranges   0x0000000000000000     0x1018
 .debug_ranges  0x0000000000000000       0x20 ./Core/Src/Kalman.o
 .debug_ranges  0x0000000000000020       0x20 ./Core/Src/PIDVelocity.o
 .debug_ranges  0x0000000000000040       0x30 ./Core/Src/Trajectory.o
 .debug_ranges  0x0000000000000070      0x108 ./Core/Src/main.o
 .debug_ranges  0x0000000000000178       0x68 ./Core/Src/stm32f4xx_hal_msp.o
 .debug_ranges  0x00000000000001e0       0x98 ./Core/Src/stm32f4xx_it.o
 .debug_ranges  0x0000000000000278       0x18 ./Core/Src/system_stm32f4xx.o
 .debug_ranges  0x0000000000000290       0x20 ./Core/Startup/startup_stm32f411retx.o
 .debug_ranges  0x00000000000002b0       0xe0 ./Drivers/STM32F4xx_HAL_Driver/Src/stm32f4xx_hal.o
 .debug_ranges  0x0000000000000390      0x108 ./Drivers/STM32F4xx_HAL_Driver/Src/stm32f4xx_hal_cortex.o
 .debug_ranges  0x0000000000000498       0x80 ./Drivers/STM32F4xx_HAL_Driver/Src/stm32f4xx_hal_dma.o
 .debug_ranges  0x0000000000000518       0x48 ./Drivers/STM32F4xx_HAL_Driver/Src/stm32f4xx_hal_gpio.o
 .debug_ranges  0x0000000000000560      0x2a8 ./Drivers/STM32F4xx_HAL_Driver/Src/stm32f4xx_hal_i2c.o
 .debug_ranges  0x0000000000000808       0x78 ./Drivers/STM32F4xx_HAL_Driver/Src/stm32f4xx_hal_rcc.o
 .debug_ranges  0x0000000000000880      0x3c0 ./Drivers/STM32F4xx_HAL_Driver/Src/stm32f4xx_hal_tim.o
 .debug_ranges  0x0000000000000c40      0x158 ./Drivers/STM32F4xx_HAL_Driver/Src/stm32f4xx_hal_tim_ex.o
 .debug_ranges  0x0000000000000d98      0x220 ./Drivers/STM32F4xx_HAL_Driver/Src/stm32f4xx_hal_uart.o
 .debug_ranges  0x0000000000000fb8       0x10 ../Middlewares/Third_Party/ARM_CMSIS/CMSIS/DSP/Lib/GCC\libarm_cortexM4lf_math.a(arm_mat_trans_f32.o)
 .debug_ranges  0x0000000000000fc8       0x10 ../Middlewares/Third_Party/ARM_CMSIS/CMSIS/DSP/Lib/GCC\libarm_cortexM4lf_math.a(arm_mat_sub_f32.o)
 .debug_ranges  0x0000000000000fd8       0x10 ../Middlewares/Third_Party/ARM_CMSIS/CMSIS/DSP/Lib/GCC\libarm_cortexM4lf_math.a(arm_mat_mult_f32.o)
 .debug_ranges  0x0000000000000fe8       0x10 ../Middlewares/Third_Party/ARM_CMSIS/CMSIS/DSP/Lib/GCC\libarm_cortexM4lf_math.a(arm_mat_inverse_f32.o)
 .debug_ranges  0x0000000000000ff8       0x10 ../Middlewares/Third_Party/ARM_CMSIS/CMSIS/DSP/Lib/GCC\libarm_cortexM4lf_math.a(arm_mat_init_f32.o)
 .debug_ranges  0x0000000000001008       0x10 ../Middlewares/Third_Party/ARM_CMSIS/CMSIS/DSP/Lib/GCC\libarm_cortexM4lf_math.a(arm_mat_add_f32.o)

.debug_macro    0x0000000000000000    0x176a8
 .debug_macro   0x0000000000000000      0x302 ./Core/Src/Kalman.o
 .debug_macro   0x0000000000000302      0xa78 ./Core/Src/Kalman.o
 .debug_macro   0x0000000000000d7a      0x2a1 ./Core/Src/Kalman.o
 .debug_macro   0x000000000000101b       0x2e ./Core/Src/Kalman.o
 .debug_macro   0x0000000000001049       0x28 ./Core/Src/Kalman.o
 .debug_macro   0x0000000000001071       0x22 ./Core/Src/Kalman.o
 .debug_macro   0x0000000000001093       0x8e ./Core/Src/Kalman.o
 .debug_macro   0x0000000000001121       0x51 ./Core/Src/Kalman.o
 .debug_macro   0x0000000000001172      0x103 ./Core/Src/Kalman.o
 .debug_macro   0x0000000000001275       0x6a ./Core/Src/Kalman.o
 .debug_macro   0x00000000000012df      0x1df ./Core/Src/Kalman.o
 .debug_macro   0x00000000000014be       0x1c ./Core/Src/Kalman.o
 .debug_macro   0x00000000000014da       0x22 ./Core/Src/Kalman.o
 .debug_macro   0x00000000000014fc       0xd9 ./Core/Src/Kalman.o
 .debug_macro   0x00000000000015d5     0x102d ./Core/Src/Kalman.o
 .debug_macro   0x0000000000002602      0x11f ./Core/Src/Kalman.o
 .debug_macro   0x0000000000002721     0xb953 ./Core/Src/Kalman.o
 .debug_macro   0x000000000000e074       0x6d ./Core/Src/Kalman.o
 .debug_macro   0x000000000000e0e1     0x367e ./Core/Src/Kalman.o
 .debug_macro   0x000000000001175f      0x174 ./Core/Src/Kalman.o
 .debug_macro   0x00000000000118d3       0x5c ./Core/Src/Kalman.o
 .debug_macro   0x000000000001192f      0x447 ./Core/Src/Kalman.o
 .debug_macro   0x0000000000011d76      0x9fe ./Core/Src/Kalman.o
 .debug_macro   0x0000000000012774      0x115 ./Core/Src/Kalman.o
 .debug_macro   0x0000000000012889      0x11b ./Core/Src/Kalman.o
 .debug_macro   0x00000000000129a4       0xa5 ./Core/Src/Kalman.o
 .debug_macro   0x0000000000012a49      0x15f ./Core/Src/Kalman.o
 .debug_macro   0x0000000000012ba8      0x287 ./Core/Src/Kalman.o
 .debug_macro   0x0000000000012e2f       0x5f ./Core/Src/Kalman.o
 .debug_macro   0x0000000000012e8e      0x236 ./Core/Src/Kalman.o
 .debug_macro   0x00000000000130c4      0x132 ./Core/Src/Kalman.o
 .debug_macro   0x00000000000131f6      0x264 ./Core/Src/Kalman.o
 .debug_macro   0x000000000001345a       0x2e ./Core/Src/Kalman.o
 .debug_macro   0x0000000000013488      0x1b5 ./Core/Src/Kalman.o
 .debug_macro   0x000000000001363d       0x22 ./Core/Src/Kalman.o
 .debug_macro   0x000000000001365f       0xd6 ./Core/Src/Kalman.o
 .debug_macro   0x0000000000013735      0x11a ./Core/Src/Kalman.o
 .debug_macro   0x000000000001384f       0x85 ./Core/Src/Kalman.o
 .debug_macro   0x00000000000138d4       0x89 ./Core/Src/Kalman.o
 .debug_macro   0x000000000001395d      0x8e6 ./Core/Src/Kalman.o
 .debug_macro   0x0000000000014243       0x47 ./Core/Src/Kalman.o
 .debug_macro   0x000000000001428a      0x295 ./Core/Src/Kalman.o
 .debug_macro   0x000000000001451f      0x126 ./Core/Src/Kalman.o
 .debug_macro   0x0000000000014645       0xa6 ./Core/Src/Kalman.o
 .debug_macro   0x00000000000146eb       0x52 ./Core/Src/Kalman.o
 .debug_macro   0x000000000001473d       0x1e ./Core/Src/Kalman.o
 .debug_macro   0x000000000001475b       0x3c ./Core/Src/Kalman.o
 .debug_macro   0x0000000000014797       0x34 ./Core/Src/Kalman.o
 .debug_macro   0x00000000000147cb       0x16 ./Core/Src/Kalman.o
 .debug_macro   0x00000000000147e1       0x43 ./Core/Src/Kalman.o
 .debug_macro   0x0000000000014824       0x34 ./Core/Src/Kalman.o
 .debug_macro   0x0000000000014858       0x10 ./Core/Src/Kalman.o
 .debug_macro   0x0000000000014868       0x58 ./Core/Src/Kalman.o
 .debug_macro   0x00000000000148c0       0x71 ./Core/Src/Kalman.o
 .debug_macro   0x0000000000014931       0x1c ./Core/Src/Kalman.o
 .debug_macro   0x000000000001494d      0x12a ./Core/Src/Kalman.o
 .debug_macro   0x0000000000014a77      0x341 ./Core/Src/Kalman.o
 .debug_macro   0x0000000000014db8       0x10 ./Core/Src/Kalman.o
 .debug_macro   0x0000000000014dc8       0x35 ./Core/Src/Kalman.o
 .debug_macro   0x0000000000014dfd       0x20 ./Core/Src/Kalman.o
 .debug_macro   0x0000000000014e1d      0x19b ./Core/Src/Kalman.o
 .debug_macro   0x0000000000014fb8      0x201 ./Core/Src/Kalman.o
 .debug_macro   0x00000000000151b9       0xc8 ./Core/Src/Kalman.o
 .debug_macro   0x0000000000015281      0x23a ./Core/Src/PIDVelocity.o
 .debug_macro   0x00000000000154bb      0x200 ./Core/Src/Trajectory.o
 .debug_macro   0x00000000000156bb      0x451 ./Core/Src/main.o
 .debug_macro   0x0000000000015b0c       0x16 ./Core/Src/main.o
 .debug_macro   0x0000000000015b22       0x10 ./Core/Src/main.o
 .debug_macro   0x0000000000015b32       0x10 ./Core/Src/main.o
 .debug_macro   0x0000000000015b42       0x1c ./Core/Src/main.o
 .debug_macro   0x0000000000015b5e       0x52 ./Core/Src/main.o
 .debug_macro   0x0000000000015bb0       0x22 ./Core/Src/main.o
 .debug_macro   0x0000000000015bd2       0x10 ./Core/Src/main.o
 .debug_macro   0x0000000000015be2       0x52 ./Core/Src/main.o
 .debug_macro   0x0000000000015c34       0xd5 ./Core/Src/main.o
 .debug_macro   0x0000000000015d09       0x1c ./Core/Src/main.o
 .debug_macro   0x0000000000015d25       0x3d ./Core/Src/main.o
 .debug_macro   0x0000000000015d62       0x16 ./Core/Src/main.o
 .debug_macro   0x0000000000015d78      0x145 ./Core/Src/main.o
 .debug_macro   0x0000000000015ebd       0x16 ./Core/Src/main.o
 .debug_macro   0x0000000000015ed3      0x1f6 ./Core/Src/stm32f4xx_hal_msp.o
 .debug_macro   0x00000000000160c9      0x200 ./Core/Src/stm32f4xx_it.o
 .debug_macro   0x00000000000162c9      0x1e7 ./Core/Src/system_stm32f4xx.o
 .debug_macro   0x00000000000164b0      0x247 ./Drivers/STM32F4xx_HAL_Driver/Src/stm32f4xx_hal.o
 .debug_macro   0x00000000000166f7      0x1e7 ./Drivers/STM32F4xx_HAL_Driver/Src/stm32f4xx_hal_cortex.o
 .debug_macro   0x00000000000168de      0x1ed ./Drivers/STM32F4xx_HAL_Driver/Src/stm32f4xx_hal_dma.o
 .debug_macro   0x0000000000016acb      0x1ed ./Drivers/STM32F4xx_HAL_Driver/Src/stm32f4xx_hal_gpio.o
 .debug_macro   0x0000000000016cb8      0x22e ./Drivers/STM32F4xx_HAL_Driver/Src/stm32f4xx_hal_i2c.o
 .debug_macro   0x0000000000016ee6      0x20b ./Drivers/STM32F4xx_HAL_Driver/Src/stm32f4xx_hal_rcc.o
 .debug_macro   0x00000000000170f1      0x1e8 ./Drivers/STM32F4xx_HAL_Driver/Src/stm32f4xx_hal_tim.o
 .debug_macro   0x00000000000172d9      0x1e7 ./Drivers/STM32F4xx_HAL_Driver/Src/stm32f4xx_hal_tim_ex.o
 .debug_macro   0x00000000000174c0      0x1e8 ./Drivers/STM32F4xx_HAL_Driver/Src/stm32f4xx_hal_uart.o

.debug_line     0x0000000000000000    0x15b2a
 .debug_line    0x0000000000000000      0xae7 ./Core/Src/Kalman.o
 .debug_line    0x0000000000000ae7      0x867 ./Core/Src/PIDVelocity.o
 .debug_line    0x000000000000134e     0x1207 ./Core/Src/Trajectory.o
 .debug_line    0x0000000000002555     0x183f ./Core/Src/main.o
 .debug_line    0x0000000000003d94      0x8f3 ./Core/Src/stm32f4xx_hal_msp.o
 .debug_line    0x0000000000004687      0x885 ./Core/Src/stm32f4xx_it.o
 .debug_line    0x0000000000004f0c      0x76a ./Core/Src/system_stm32f4xx.o
 .debug_line    0x0000000000005676       0x88 ./Core/Startup/startup_stm32f411retx.o
 .debug_line    0x00000000000056fe      0x9d0 ./Drivers/STM32F4xx_HAL_Driver/Src/stm32f4xx_hal.o
 .debug_line    0x00000000000060ce      0xc7f ./Drivers/STM32F4xx_HAL_Driver/Src/stm32f4xx_hal_cortex.o
 .debug_line    0x0000000000006d4d      0xf34 ./Drivers/STM32F4xx_HAL_Driver/Src/stm32f4xx_hal_dma.o
 .debug_line    0x0000000000007c81      0xb08 ./Drivers/STM32F4xx_HAL_Driver/Src/stm32f4xx_hal_gpio.o
 .debug_line    0x0000000000008789     0x3985 ./Drivers/STM32F4xx_HAL_Driver/Src/stm32f4xx_hal_i2c.o
 .debug_line    0x000000000000c10e      0xd4c ./Drivers/STM32F4xx_HAL_Driver/Src/stm32f4xx_hal_rcc.o
 .debug_line    0x000000000000ce5a     0x349e ./Drivers/STM32F4xx_HAL_Driver/Src/stm32f4xx_hal_tim.o
 .debug_line    0x00000000000102f8     0x1968 ./Drivers/STM32F4xx_HAL_Driver/Src/stm32f4xx_hal_tim_ex.o
 .debug_line    0x0000000000011c60     0x2a75 ./Drivers/STM32F4xx_HAL_Driver/Src/stm32f4xx_hal_uart.o
 .debug_line    0x00000000000146d5      0x330 ../Middlewares/Third_Party/ARM_CMSIS/CMSIS/DSP/Lib/GCC\libarm_cortexM4lf_math.a(arm_mat_trans_f32.o)
 .debug_line    0x0000000000014a05      0x31e ../Middlewares/Third_Party/ARM_CMSIS/CMSIS/DSP/Lib/GCC\libarm_cortexM4lf_math.a(arm_mat_sub_f32.o)
 .debug_line    0x0000000000014d23      0x39a ../Middlewares/Third_Party/ARM_CMSIS/CMSIS/DSP/Lib/GCC\libarm_cortexM4lf_math.a(arm_mat_mult_f32.o)
 .debug_line    0x00000000000150bd      0x4f6 ../Middlewares/Third_Party/ARM_CMSIS/CMSIS/DSP/Lib/GCC\libarm_cortexM4lf_math.a(arm_mat_inverse_f32.o)
 .debug_line    0x00000000000155b3      0x259 ../Middlewares/Third_Party/ARM_CMSIS/CMSIS/DSP/Lib/GCC\libarm_cortexM4lf_math.a(arm_mat_init_f32.o)
 .debug_line    0x000000000001580c      0x31e ../Middlewares/Third_Party/ARM_CMSIS/CMSIS/DSP/Lib/GCC\libarm_cortexM4lf_math.a(arm_mat_add_f32.o)

.debug_str      0x0000000000000000    0x92fb0
 .debug_str     0x0000000000000000    0x8c7d7 ./Core/Src/Kalman.o
                                      0x8cb0d (size before relaxing)
 .debug_str     0x000000000008c7d7      0x1fe ./Core/Src/PIDVelocity.o
                                      0x886fd (size before relaxing)
 .debug_str     0x000000000008c9d5      0x183 ./Core/Src/Trajectory.o
                                      0x886d2 (size before relaxing)
 .debug_str     0x000000000008cb58     0x2a5f ./Core/Src/main.o
                                      0x8f8e9 (size before relaxing)
 .debug_str     0x000000000008f5b7      0x17c ./Core/Src/stm32f4xx_hal_msp.o
                                      0x895f1 (size before relaxing)
 .debug_str     0x000000000008f733      0x206 ./Core/Src/stm32f4xx_it.o
                                      0x890e3 (size before relaxing)
 .debug_str     0x000000000008f939       0xdb ./Core/Src/system_stm32f4xx.o
                                      0x88464 (size before relaxing)
 .debug_str     0x000000000008fa14       0x36 ./Core/Startup/startup_stm32f411retx.o
                                         0x77 (size before relaxing)
 .debug_str     0x000000000008fa4a      0x5ee ./Drivers/STM32F4xx_HAL_Driver/Src/stm32f4xx_hal.o
                                      0x88e90 (size before relaxing)
 .debug_str     0x0000000000090038      0x323 ./Drivers/STM32F4xx_HAL_Driver/Src/stm32f4xx_hal_cortex.o
                                      0x88bb1 (size before relaxing)
 .debug_str     0x000000000009035b      0x2ee ./Drivers/STM32F4xx_HAL_Driver/Src/stm32f4xx_hal_dma.o
                                      0x8886c (size before relaxing)
 .debug_str     0x0000000000090649       0xc4 ./Drivers/STM32F4xx_HAL_Driver/Src/stm32f4xx_hal_gpio.o
                                      0x885df (size before relaxing)
 .debug_str     0x000000000009070d      0xa54 ./Drivers/STM32F4xx_HAL_Driver/Src/stm32f4xx_hal_i2c.o
                                      0x89422 (size before relaxing)
 .debug_str     0x0000000000091161      0x208 ./Drivers/STM32F4xx_HAL_Driver/Src/stm32f4xx_hal_rcc.o
                                      0x88898 (size before relaxing)
 .debug_str     0x0000000000091369      0xbd8 ./Drivers/STM32F4xx_HAL_Driver/Src/stm32f4xx_hal_tim.o