../Core/Src/main.c:241:5:main	40	static
../Core/Src/main.c:321:6:SystemClock_Config	88	static
../Core/Src/main.c:368:13:MX_I2C1_Init	8	static
../Core/Src/main.c:402:13:MX_TIM1_Init	80	static
../Core/Src/main.c:467:13:MX_TIM2_Init	56	static
../Core/Src/main.c:516:13:MX_TIM5_Init	32	static
../Core/Src/main.c:561:13:MX_TIM11_Init	8	static
../Core/Src/main.c:592:13:MX_USART2_UART_Init	8	static
../Core/Src/main.c:623:13:MX_DMA_Init	16	static
../Core/Src/main.c:644:13:MX_GPIO_Init	48	static
../Core/Src/main.c:702:10:Int32Abs	16	static
../Core/Src/main.c:711:6:EncoderRead	8	static
../Core/Src/main.c:728:6:Drivemotor	24	static
../Core/Src/main.c:744:7:InverseTFofMotor	24	static
../Core/Src/main.c:758:6:ControllLoopAndErrorHandler	40	static
../Core/Src/main.c:821:6:Ringbuf_Init	8	static
../Core/Src/main.c:834:6:Ringbuf_Reset	8	static
../Core/Src/main.c:842:6:checkSum	24	static
../Core/Src/main.c:871:9:checkAck	16	static
../Core/Src/main.c:877:6:HAL_UARTEx_RxEventCallback	16	static
../Core/Src/main.c:901:6:UARTstateManagement	24	static
../Core/Src/main.c:1087:6:RobotstateManagement	8	static
../Core/Src/main.c:1162:6:EndEffstateManagement	56	static
../Core/Src/main.c:1275:6:I2CWriteFcn	16	static
../Core/Src/main.c:1283:6:I2CReadFcn	16	static
../Core/Src/main.c:1290:6:HAL_GPIO_EXTI_Callback	32	static
../Core/Src/main.c:1337:6:RobotRunToPositon	16	static
../Core/Src/main.c:1349:6:RobotResetAll	8	static
../Core/Src/main.c:1375:6:TIM_ResetCounter	16	static
../Core/Src/main.c:1384:6:HAL_TIM_PeriodElapsedCallback	40	static
../Core/Src/main.c:1426:10:Micros	12	static
../Core/Src/main.c:1435:6:Error_Handler	4	static,ignoring_inline_asm
