../Drivers/CMSIS/Include/core_cm4.h:1939:34:__NVIC_SystemReset	4	static,ignoring_inline_asm
../Core/Src/main.c:248:5:main	40	static
../Core/Src/main.c:335:6:SystemClock_Config	88	static
../Core/Src/main.c:382:13:MX_I2C1_Init	8	static
../Core/Src/main.c:416:13:MX_TIM1_Init	80	static
../Core/Src/main.c:481:13:MX_TIM2_Init	56	static
../Core/Src/main.c:530:13:MX_TIM5_Init	32	static
../Core/Src/main.c:575:13:MX_TIM11_Init	8	static
../Core/Src/main.c:606:13:MX_USART2_UART_Init	8	static
../Core/Src/main.c:637:13:MX_DMA_Init	16	static
../Core/Src/main.c:658:13:MX_GPIO_Init	48	static
../Core/Src/main.c:716:10:Int32Abs	16	static
../Core/Src/main.c:725:6:EncoderRead	8	static
../Core/Src/main.c:742:6:Drivemotor	24	static
../Core/Src/main.c:758:7:InverseTFofMotor	24	static
../Core/Src/main.c:772:6:ControllLoopAndErrorHandler	40	static
../Core/Src/main.c:834:6:Ringbuf_Init	8	static
../Core/Src/main.c:847:6:Ringbuf_Reset	8	static
../Core/Src/main.c:855:6:checkSum	24	static
../Core/Src/main.c:884:9:checkAck	16	static
../Core/Src/main.c:890:6:HAL_UARTEx_RxEventCallback	16	static
../Core/Src/main.c:914:6:UARTstateManagement	24	static
../Core/Src/main.c:1100:6:RobotstateManagement	8	static
../Core/Src/main.c:1175:6:EndEffstateManagement	56	static
../Core/Src/main.c:1288:6:I2CWriteFcn	16	static
../Core/Src/main.c:1296:6:I2CReadFcn	16	static
../Core/Src/main.c:1303:6:HAL_GPIO_EXTI_Callback	32	static
../Core/Src/main.c:1350:6:RobotRunToPositon	16	static
../Core/Src/main.c:1362:6:RobotResetAll	8	static
../Core/Src/main.c:1388:6:TIM_ResetCounter	16	static
../Core/Src/main.c:1397:6:HAL_TIM_PeriodElapsedCallback	40	static
../Core/Src/main.c:1439:10:Micros	12	static
../Core/Src/main.c:1448:6:Error_Handler	4	static,ignoring_inline_asm
