../Core/Src/main.c:250:5:main	24	static
../Core/Src/main.c:331:6:SystemClock_Config	88	static
../Core/Src/main.c:378:13:MX_I2C1_Init	8	static
../Core/Src/main.c:412:13:MX_TIM1_Init	80	static
../Core/Src/main.c:477:13:MX_TIM2_Init	56	static
../Core/Src/main.c:526:13:MX_TIM11_Init	8	static
../Core/Src/main.c:557:13:MX_USART2_UART_Init	8	static
../Core/Src/main.c:588:13:MX_DMA_Init	16	static
../Core/Src/main.c:609:13:MX_GPIO_Init	48	static
../Core/Src/main.c:667:6:EncoderRead	8	static
../Core/Src/main.c:684:10:Int32Abs	16	static
../Core/Src/main.c:694:6:Drivemotor	24	static
../Core/Src/main.c:711:6:ControllLoopAndErrorHandler	40	static
../Core/Src/main.c:770:7:InverseTFofMotor	24	static
../Core/Src/main.c:783:6:HAL_TIM_PeriodElapsedCallback	24	static
../Core/Src/main.c:789:10:Micros	12	static
../Core/Src/main.c:794:6:Ringbuf_Init	8	static
../Core/Src/main.c:808:6:Ringbuf_Reset	8	static
../Core/Src/main.c:818:6:checkSum	24	static
../Core/Src/main.c:847:9:checkAck	16	static
../Core/Src/main.c:853:6:HAL_UARTEx_RxEventCallback	16	static
../Core/Src/main.c:884:6:UARTstateManagement	24	static
../Core/Src/main.c:1063:6:RobotstateManagement	8	static
../Core/Src/main.c:1124:6:I2CWriteFcn	16	static
../Core/Src/main.c:1132:6:I2CReadFcn	16	static
../Core/Src/main.c:1139:6:EndEffstateManagement	8	static
../Core/Src/main.c:1224:6:HAL_GPIO_EXTI_Callback	16	static
../Core/Src/main.c:1262:6:RobotRunToPositon	16	static
../Core/Src/main.c:1271:6:TIM_ResetCounter	16	static
../Core/Src/main.c:1285:6:Error_Handler	4	static,ignoring_inline_asm
