../Core/Src/main.c:240:5:main	32	static
../Core/Src/main.c:315:6:SystemClock_Config	88	static
../Core/Src/main.c:362:13:MX_I2C1_Init	8	static
../Core/Src/main.c:396:13:MX_TIM1_Init	80	static
../Core/Src/main.c:461:13:MX_TIM2_Init	56	static
../Core/Src/main.c:510:13:MX_TIM5_Init	32	static
../Core/Src/main.c:555:13:MX_TIM11_Init	8	static
../Core/Src/main.c:586:13:MX_USART2_UART_Init	8	static
../Core/Src/main.c:617:13:MX_DMA_Init	16	static
../Core/Src/main.c:638:13:MX_GPIO_Init	48	static
../Core/Src/main.c:696:10:Int32Abs	16	static
../Core/Src/main.c:705:6:EncoderRead	8	static
../Core/Src/main.c:722:6:Drivemotor	24	static
../Core/Src/main.c:738:7:InverseTFofMotor	24	static
../Core/Src/main.c:752:6:ControllLoopAndErrorHandler	40	static
../Core/Src/main.c:814:6:Ringbuf_Init	8	static
../Core/Src/main.c:827:6:Ringbuf_Reset	8	static
../Core/Src/main.c:835:6:checkSum	24	static
../Core/Src/main.c:864:9:checkAck	16	static
../Core/Src/main.c:870:6:HAL_UARTEx_RxEventCallback	16	static
../Core/Src/main.c:894:6:UARTstateManagement	24	static
../Core/Src/main.c:1089:6:RobotstateManagement	8	static
../Core/Src/main.c:1172:6:EndEffstateManagement	56	static
../Core/Src/main.c:1285:6:I2CWriteFcn	16	static
../Core/Src/main.c:1293:6:I2CReadFcn	16	static
../Core/Src/main.c:1300:6:HAL_GPIO_EXTI_Callback	32	static
../Core/Src/main.c:1347:6:RobotRunToPositon	16	static
../Core/Src/main.c:1359:6:TIM_ResetCounter	16	static
../Core/Src/main.c:1368:6:HAL_TIM_PeriodElapsedCallback	40	static
../Core/Src/main.c:1393:10:Micros	12	static
../Core/Src/main.c:1402:6:Error_Handler	4	static,ignoring_inline_asm
