../Drivers/CMSIS/Include/core_cm4.h:1939:34:__NVIC_SystemReset	4	static,ignoring_inline_asm
../Core/Src/main.c:248:5:main	40	static
../Core/Src/main.c:336:6:SystemClock_Config	88	static
../Core/Src/main.c:383:13:MX_I2C1_Init	8	static
../Core/Src/main.c:417:13:MX_TIM1_Init	80	static
../Core/Src/main.c:482:13:MX_TIM2_Init	56	static
../Core/Src/main.c:531:13:MX_TIM5_Init	32	static
../Core/Src/main.c:576:13:MX_TIM11_Init	8	static
../Core/Src/main.c:607:13:MX_USART2_UART_Init	8	static
../Core/Src/main.c:638:13:MX_DMA_Init	16	static
../Core/Src/main.c:659:13:MX_GPIO_Init	48	static
../Core/Src/main.c:717:10:Int32Abs	16	static
../Core/Src/main.c:726:6:EncoderRead	8	static
../Core/Src/main.c:743:6:Drivemotor	24	static
../Core/Src/main.c:759:7:InverseTFofMotor	24	static
../Core/Src/main.c:773:6:ControllLoopAndErrorHandler	8	static
../Core/Src/main.c:836:6:Ringbuf_Init	8	static
../Core/Src/main.c:849:6:Ringbuf_Reset	8	static
../Core/Src/main.c:857:6:checkSum	24	static
../Core/Src/main.c:886:9:checkAck	16	static
../Core/Src/main.c:892:6:HAL_UARTEx_RxEventCallback	16	static
../Core/Src/main.c:916:6:UARTstateManagement	24	static
../Core/Src/main.c:1102:6:RobotstateManagement	8	static
../Core/Src/main.c:1177:6:EndEffstateManagement	56	static
../Core/Src/main.c:1290:6:I2CWriteFcn	16	static
../Core/Src/main.c:1298:6:I2CReadFcn	16	static
../Core/Src/main.c:1305:6:HAL_GPIO_EXTI_Callback	32	static
../Core/Src/main.c:1352:6:RobotRunToPositon	16	static
../Core/Src/main.c:1364:6:RobotResetAll	8	static
../Core/Src/main.c:1390:6:TIM_ResetCounter	16	static
../Core/Src/main.c:1399:6:HAL_TIM_PeriodElapsedCallback	40	static
../Core/Src/main.c:1441:10:Micros	12	static
../Core/Src/main.c:1450:6:Error_Handler	4	static,ignoring_inline_asm
