../Core/Src/main.c:237:5:main	24	static
../Core/Src/main.c:308:6:SystemClock_Config	88	static
../Core/Src/main.c:354:13:MX_I2C1_Init	8	static
../Core/Src/main.c:388:13:MX_TIM1_Init	80	static
../Core/Src/main.c:453:13:MX_TIM2_Init	56	static
../Core/Src/main.c:502:13:MX_TIM11_Init	8	static
../Core/Src/main.c:533:13:MX_USART2_UART_Init	8	static
../Core/Src/main.c:564:13:MX_DMA_Init	16	static
../Core/Src/main.c:585:13:MX_GPIO_Init	48	static
../Core/Src/main.c:643:10:Int32Abs	16	static
../Core/Src/main.c:652:6:EncoderRead	8	static
../Core/Src/main.c:669:6:Drivemotor	24	static
../Core/Src/main.c:685:7:InverseTFofMotor	24	static
../Core/Src/main.c:699:6:ControllLoopAndErrorHandler	40	static
../Core/Src/main.c:761:6:Ringbuf_Init	8	static
../Core/Src/main.c:774:6:Ringbuf_Reset	8	static
../Core/Src/main.c:782:6:checkSum	24	static
../Core/Src/main.c:811:9:checkAck	16	static
../Core/Src/main.c:817:6:HAL_UARTEx_RxEventCallback	16	static
../Core/Src/main.c:841:6:UARTstateManagement	24	static
../Core/Src/main.c:1036:6:RobotstateManagement	8	static
../Core/Src/main.c:1121:6:EndEffstateManagement	56	static
../Core/Src/main.c:1234:6:I2CWriteFcn	16	static
../Core/Src/main.c:1242:6:I2CReadFcn	16	static
../Core/Src/main.c:1249:6:HAL_GPIO_EXTI_Callback	24	static
../Core/Src/main.c:1304:6:RobotRunToPositon	16	static
../Core/Src/main.c:1316:6:TIM_ResetCounter	16	static
../Core/Src/main.c:1325:6:HAL_TIM_PeriodElapsedCallback	24	static
../Core/Src/main.c:1331:10:Micros	12	static
../Core/Src/main.c:1340:6:Error_Handler	4	static,ignoring_inline_asm
