../Core/Src/main.c:241:5:main	32	static
../Core/Src/main.c:318:6:SystemClock_Config	88	static
../Core/Src/main.c:365:13:MX_I2C1_Init	8	static
../Core/Src/main.c:399:13:MX_TIM1_Init	80	static
../Core/Src/main.c:464:13:MX_TIM2_Init	56	static
../Core/Src/main.c:513:13:MX_TIM5_Init	32	static
../Core/Src/main.c:558:13:MX_TIM11_Init	8	static
../Core/Src/main.c:589:13:MX_USART2_UART_Init	8	static
../Core/Src/main.c:620:13:MX_DMA_Init	16	static
../Core/Src/main.c:641:13:MX_GPIO_Init	48	static
../Core/Src/main.c:699:10:Int32Abs	16	static
../Core/Src/main.c:708:6:EncoderRead	8	static
../Core/Src/main.c:725:6:Drivemotor	24	static
../Core/Src/main.c:741:7:InverseTFofMotor	24	static
../Core/Src/main.c:755:6:ControllLoopAndErrorHandler	40	static
../Core/Src/main.c:817:6:Ringbuf_Init	8	static
../Core/Src/main.c:830:6:Ringbuf_Reset	8	static
../Core/Src/main.c:838:6:checkSum	24	static
../Core/Src/main.c:867:9:checkAck	16	static
../Core/Src/main.c:873:6:HAL_UARTEx_RxEventCallback	16	static
../Core/Src/main.c:897:6:UARTstateManagement	24	static
../Core/Src/main.c:1092:6:RobotstateManagement	8	static
../Core/Src/main.c:1155:6:EndEffstateManagement	56	static
../Core/Src/main.c:1268:6:I2CWriteFcn	16	static
../Core/Src/main.c:1276:6:I2CReadFcn	16	static
../Core/Src/main.c:1283:6:HAL_GPIO_EXTI_Callback	32	static
../Core/Src/main.c:1330:6:RobotRunToPositon	16	static
../Core/Src/main.c:1342:6:RobotResetAll	8	static
../Core/Src/main.c:1368:6:TIM_ResetCounter	16	static
../Core/Src/main.c:1377:6:HAL_TIM_PeriodElapsedCallback	40	static
../Core/Src/main.c:1412:10:Micros	12	static
../Core/Src/main.c:1421:6:Error_Handler	4	static,ignoring_inline_asm
