../Core/Src/main.c:238:5:main	32	static
../Core/Src/main.c:311:6:SystemClock_Config	88	static
../Core/Src/main.c:358:13:MX_I2C1_Init	8	static
../Core/Src/main.c:392:13:MX_TIM1_Init	80	static
../Core/Src/main.c:457:13:MX_TIM2_Init	56	static
../Core/Src/main.c:506:13:MX_TIM11_Init	8	static
../Core/Src/main.c:537:13:MX_USART2_UART_Init	8	static
../Core/Src/main.c:568:13:MX_DMA_Init	16	static
../Core/Src/main.c:589:13:MX_GPIO_Init	48	static
../Core/Src/main.c:647:10:Int32Abs	16	static
../Core/Src/main.c:656:6:EncoderRead	8	static
../Core/Src/main.c:673:6:Drivemotor	24	static
../Core/Src/main.c:689:7:InverseTFofMotor	24	static
../Core/Src/main.c:703:6:ControllLoopAndErrorHandler	40	static
../Core/Src/main.c:765:6:Ringbuf_Init	8	static
../Core/Src/main.c:778:6:Ringbuf_Reset	8	static
../Core/Src/main.c:786:6:checkSum	24	static
../Core/Src/main.c:815:9:checkAck	16	static
../Core/Src/main.c:821:6:HAL_UARTEx_RxEventCallback	16	static
../Core/Src/main.c:845:6:UARTstateManagement	24	static
../Core/Src/main.c:1040:6:RobotstateManagement	8	static
../Core/Src/main.c:1124:6:EndEffstateManagement	56	static
../Core/Src/main.c:1237:6:I2CWriteFcn	16	static
../Core/Src/main.c:1245:6:I2CReadFcn	16	static
../Core/Src/main.c:1252:6:HAL_GPIO_EXTI_Callback	48	static
../Core/Src/main.c:1372:6:RobotRunToPositon	16	static
../Core/Src/main.c:1384:6:TIM_ResetCounter	16	static
../Core/Src/main.c:1393:6:HAL_TIM_PeriodElapsedCallback	24	static
../Core/Src/main.c:1399:10:Micros	12	static
../Core/Src/main.c:1408:6:Error_Handler	4	static,ignoring_inline_asm
