../Core/Src/main.c:234:5:main	24	static
../Core/Src/main.c:305:6:SystemClock_Config	88	static
../Core/Src/main.c:351:13:MX_I2C1_Init	8	static
../Core/Src/main.c:385:13:MX_TIM1_Init	80	static
../Core/Src/main.c:450:13:MX_TIM2_Init	56	static
../Core/Src/main.c:499:13:MX_TIM11_Init	8	static
../Core/Src/main.c:530:13:MX_USART2_UART_Init	8	static
../Core/Src/main.c:561:13:MX_DMA_Init	16	static
../Core/Src/main.c:582:13:MX_GPIO_Init	48	static
../Core/Src/main.c:640:6:EncoderRead	8	static
../Core/Src/main.c:657:10:Int32Abs	16	static
../Core/Src/main.c:667:6:Drivemotor	24	static
../Core/Src/main.c:684:6:ControllLoopAndErrorHandler	40	static
../Core/Src/main.c:745:7:InverseTFofMotor	24	static
../Core/Src/main.c:758:6:HAL_TIM_PeriodElapsedCallback	24	static
../Core/Src/main.c:764:10:Micros	12	static
../Core/Src/main.c:769:6:Ringbuf_Init	8	static
../Core/Src/main.c:782:6:Ringbuf_Reset	8	static
../Core/Src/main.c:790:6:checkSum	24	static
../Core/Src/main.c:819:9:checkAck	16	static
../Core/Src/main.c:825:6:HAL_UARTEx_RxEventCallback	16	static
../Core/Src/main.c:849:6:UARTstateManagement	24	static
../Core/Src/main.c:1043:6:RobotstateManagement	8	static
../Core/Src/main.c:1124:6:I2CWriteFcn	16	static
../Core/Src/main.c:1132:6:I2CReadFcn	16	static
../Core/Src/main.c:1139:6:EndEffstateManagement	16	static
../Core/Src/main.c:1246:6:HAL_GPIO_EXTI_Callback	16	static
../Core/Src/main.c:1296:6:RobotRunToPositon	16	static
../Core/Src/main.c:1307:6:TIM_ResetCounter	16	static
../Core/Src/main.c:1321:6:Error_Handler	4	static,ignoring_inline_asm
