../Core/Src/main.c:241:5:main	40	static
../Core/Src/main.c:325:6:SystemClock_Config	88	static
../Core/Src/main.c:372:13:MX_I2C1_Init	8	static
../Core/Src/main.c:406:13:MX_TIM1_Init	80	static
../Core/Src/main.c:471:13:MX_TIM2_Init	56	static
../Core/Src/main.c:520:13:MX_TIM5_Init	32	static
../Core/Src/main.c:565:13:MX_TIM11_Init	8	static
../Core/Src/main.c:596:13:MX_USART2_UART_Init	8	static
../Core/Src/main.c:627:13:MX_DMA_Init	16	static
../Core/Src/main.c:648:13:MX_GPIO_Init	48	static
../Core/Src/main.c:706:10:Int32Abs	16	static
../Core/Src/main.c:715:6:EncoderRead	8	static
../Core/Src/main.c:732:6:Drivemotor	24	static
../Core/Src/main.c:748:7:InverseTFofMotor	24	static
../Core/Src/main.c:762:6:ControllLoopAndErrorHandler	40	static
../Core/Src/main.c:825:6:Ringbuf_Init	8	static
../Core/Src/main.c:838:6:Ringbuf_Reset	8	static
../Core/Src/main.c:846:6:checkSum	24	static
../Core/Src/main.c:875:9:checkAck	16	static
../Core/Src/main.c:881:6:HAL_UARTEx_RxEventCallback	16	static
../Core/Src/main.c:905:6:UARTstateManagement	24	static
../Core/Src/main.c:1091:6:RobotstateManagement	8	static
../Core/Src/main.c:1166:6:EndEffstateManagement	56	static
../Core/Src/main.c:1279:6:I2CWriteFcn	16	static
../Core/Src/main.c:1287:6:I2CReadFcn	16	static
../Core/Src/main.c:1294:6:HAL_GPIO_EXTI_Callback	32	static
../Core/Src/main.c:1341:6:RobotRunToPositon	16	static
../Core/Src/main.c:1353:6:RobotResetAll	8	static
../Core/Src/main.c:1379:6:TIM_ResetCounter	16	static
../Core/Src/main.c:1388:6:HAL_TIM_PeriodElapsedCallback	40	static
../Core/Src/main.c:1430:10:Micros	12	static
../Core/Src/main.c:1439:6:Error_Handler	4	static,ignoring_inline_asm
