../Core/Src/main.c:107:5:main	16	static
../Core/Src/main.c:179:6:SystemClock_Config	88	static
../Core/Src/main.c:226:13:MX_TIM11_Init	8	static
../Core/Src/main.c:257:13:MX_USART2_UART_Init	8	static
../Core/Src/main.c:288:13:MX_DMA_Init	16	static
../Core/Src/main.c:306:13:MX_GPIO_Init	48	static
../Core/Src/main.c:352:6:stateManagement	16	static
../Core/Src/main.c:506:6:HAL_TIM_PeriodElapsedCallback	24	static
../Core/Src/main.c:512:10:micros	12	static
../Core/Src/main.c:532:6:Error_Handler	4	static,ignoring_inline_asm
