../Core/Src/main.c:103:5:main	16	static
../Core/Src/main.c:176:6:SystemClock_Config	88	static
../Core/Src/main.c:223:13:MX_TIM11_Init	8	static
../Core/Src/main.c:254:13:MX_USART2_UART_Init	8	static
../Core/Src/main.c:285:13:MX_DMA_Init	16	static
../Core/Src/main.c:303:13:MX_GPIO_Init	48	static
../Core/Src/main.c:349:6:stateManagement	16	static
../Core/Src/main.c:512:6:HAL_TIM_PeriodElapsedCallback	24	static
../Core/Src/main.c:518:10:micros	12	static
../Core/Src/main.c:538:6:Error_Handler	4	static,ignoring_inline_asm
