Archive member included to satisfy reference by file (symbol)

../Middlewares/Third_Party/ARM_CMSIS/CMSIS/DSP/Lib/GCC\libarm_cortexM4lf_math.a(arm_mat_trans_f32.o)
                              ./Core/Src/Kalman.o (arm_mat_trans_f32)
../Middlewares/Third_Party/ARM_CMSIS/CMSIS/DSP/Lib/GCC\libarm_cortexM4lf_math.a(arm_mat_sub_f32.o)
                              ./Core/Src/Kalman.o (arm_mat_sub_f32)
../Middlewares/Third_Party/ARM_CMSIS/CMSIS/DSP/Lib/GCC\libarm_cortexM4lf_math.a(arm_mat_mult_f32.o)
                              ./Core/Src/Kalman.o (arm_mat_mult_f32)
../Middlewares/Third_Party/ARM_CMSIS/CMSIS/DSP/Lib/GCC\libarm_cortexM4lf_math.a(arm_mat_inverse_f32.o)
                              ./Core/Src/Kalman.o (arm_mat_inverse_f32)
../Middlewares/Third_Party/ARM_CMSIS/CMSIS/DSP/Lib/GCC\libarm_cortexM4lf_math.a(arm_mat_init_f32.o)
                              ./Core/Src/Kalman.o (arm_mat_init_f32)
../Middlewares/Third_Party/ARM_CMSIS/CMSIS/DSP/Lib/GCC\libarm_cortexM4lf_math.a(arm_mat_add_f32.o)
                              ./Core/Src/Kalman.o (arm_mat_add_f32)
c:/st/stm32cubeide_1.8.0/stm32cubeide/plugins/com.st.stm32cube.ide.mcu.externaltools.gnu-tools-for-stm32.10.3-2021.10.win32_1.0.0.202111181127/tools/bin/../lib/gcc/arm-none-eabi/10.3.1/../../../../arm-none-eabi/lib/thumb/v7e-m+fp/hard\libc_nano.a(lib_a-errno.o)
                              ./Core/Src/syscalls.o (__errno)
c:/st/stm32cubeide_1.8.0/stm32cubeide/plugins/com.st.stm32cube.ide.mcu.externaltools.gnu-tools-for-stm32.10.3-2021.10.win32_1.0.0.202111181127/tools/bin/../lib/gcc/arm-none-eabi/10.3.1/../../../../arm-none-eabi/lib/thumb/v7e-m+fp/hard\libc_nano.a(lib_a-exit.o)
                              c:/st/stm32cubeide_1.8.0/stm32cubeide/plugins/com.st.stm32cube.ide.mcu.externaltools.gnu-tools-for-stm32.10.3-2021.10.win32_1.0.0.202111181127/tools/bin/../lib/gcc/arm-none-eabi/10.3.1/../../../../arm-none-eabi/lib/thumb/v7e-m+fp/hard/crt0.o (exit)
c:/st/stm32cubeide_1.8.0/stm32cubeide/plugins/com.st.stm32cube.ide.mcu.externaltools.gnu-tools-for-stm32.10.3-2021.10.win32_1.0.0.202111181127/tools/bin/../lib/gcc/arm-none-eabi/10.3.1/../../../../arm-none-eabi/lib/thumb/v7e-m+fp/hard\libc_nano.a(lib_a-impure.o)
                              c:/st/stm32cubeide_1.8.0/stm32cubeide/plugins/com.st.stm32cube.ide.mcu.externaltools.gnu-tools-for-stm32.10.3-2021.10.win32_1.0.0.202111181127/tools/bin/../lib/gcc/arm-none-eabi/10.3.1/../../../../arm-none-eabi/lib/thumb/v7e-m+fp/hard\libc_nano.a(lib_a-exit.o) (_global_impure_ptr)
c:/st/stm32cubeide_1.8.0/stm32cubeide/plugins/com.st.stm32cube.ide.mcu.externaltools.gnu-tools-for-stm32.10.3-2021.10.win32_1.0.0.202111181127/tools/bin/../lib/gcc/arm-none-eabi/10.3.1/../../../../arm-none-eabi/lib/thumb/v7e-m+fp/hard\libc_nano.a(lib_a-init.o)
                              c:/st/stm32cubeide_1.8.0/stm32cubeide/plugins/com.st.stm32cube.ide.mcu.externaltools.gnu-tools-for-stm32.10.3-2021.10.win32_1.0.0.202111181127/tools/bin/../lib/gcc/arm-none-eabi/10.3.1/../../../../arm-none-eabi/lib/thumb/v7e-m+fp/hard/crt0.o (__libc_init_array)
c:/st/stm32cubeide_1.8.0/stm32cubeide/plugins/com.st.stm32cube.ide.mcu.externaltools.gnu-tools-for-stm32.10.3-2021.10.win32_1.0.0.202111181127/tools/bin/../lib/gcc/arm-none-eabi/10.3.1/../../../../arm-none-eabi/lib/thumb/v7e-m+fp/hard\libc_nano.a(lib_a-memcpy-stub.o)
                              ./Core/Src/main.o (memcpy)
c:/st/stm32cubeide_1.8.0/stm32cubeide/plugins/com.st.stm32cube.ide.mcu.externaltools.gnu-tools-for-stm32.10.3-2021.10.win32_1.0.0.202111181127/tools/bin/../lib/gcc/arm-none-eabi/10.3.1/../../../../arm-none-eabi/lib/thumb/v7e-m+fp/hard\libc_nano.a(lib_a-memset.o)
                              c:/st/stm32cubeide_1.8.0/stm32cubeide/plugins/com.st.stm32cube.ide.mcu.externaltools.gnu-tools-for-stm32.10.3-2021.10.win32_1.0.0.202111181127/tools/bin/../lib/gcc/arm-none-eabi/10.3.1/../../../../arm-none-eabi/lib/thumb/v7e-m+fp/hard/crt0.o (memset)
c:/st/stm32cubeide_1.8.0/stm32cubeide/plugins/com.st.stm32cube.ide.mcu.externaltools.gnu-tools-for-stm32.10.3-2021.10.win32_1.0.0.202111181127/tools/bin/../lib/gcc/arm-none-eabi/10.3.1/thumb/v7e-m+fp/hard\libgcc.a(_arm_muldf3.o)
                              ./Core/Src/PIDVelocity.o (__aeabi_dmul)
c:/st/stm32cubeide_1.8.0/stm32cubeide/plugins/com.st.stm32cube.ide.mcu.externaltools.gnu-tools-for-stm32.10.3-2021.10.win32_1.0.0.202111181127/tools/bin/../lib/gcc/arm-none-eabi/10.3.1/thumb/v7e-m+fp/hard\libgcc.a(_arm_addsubdf3.o)
                              ./Core/Src/PIDVelocity.o (__aeabi_dsub)
c:/st/stm32cubeide_1.8.0/stm32cubeide/plugins/com.st.stm32cube.ide.mcu.externaltools.gnu-tools-for-stm32.10.3-2021.10.win32_1.0.0.202111181127/tools/bin/../lib/gcc/arm-none-eabi/10.3.1/thumb/v7e-m+fp/hard\libgcc.a(_arm_muldivdf3.o)
                              ./Core/Src/Trajectory.o (__aeabi_ddiv)
[...]
Memory Configuration

Name             Origin             Length             Attributes
RAM              0x0000000020000000 0x0000000000020000 xrw
FLASH            0x0000000008000000 0x0000000000080000 xr
*default*        0x0000000000000000 0xffffffffffffffff

Linker script and memory map

LOAD c:/st/stm32cubeide_1.8.0/stm32cubeide/plugins/com.st.stm32cube.ide.mcu.externaltools.gnu-tools-for-stm32.10.3-2021.10.win32_1.0.0.202111181127/tools/bin/../lib/gcc/arm-none-eabi/10.3.1/thumb/v7e-m+fp/hard/crti.o
LOAD c:/st/stm32cubeide_1.8.0/stm32cubeide/plugins/com.st.stm32cube.ide.mcu.externaltools.gnu-tools-for-stm32.10.3-2021.10.win32_1.0.0.202111181127/tools/bin/../lib/gcc/arm-none-eabi/10.3.1/thumb/v7e-m+fp/hard/crtbegin.o
LOAD c:/st/stm32cubeide_1.8.0/stm32cubeide/plugins/com.st.stm32cube.ide.mcu.externaltools.gnu-tools-for-stm32.10.3-2021.10.win32_1.0.0.202111181127/tools/bin/../lib/gcc/arm-none-eabi/10.3.1/../../../../arm-none-eabi/lib/thumb/v7e-m+fp/hard/crt0.o
LOAD ./Core/Src/Kalman.o
LOAD ./Core/Src/PID.o
LOAD ./Core/Src/PIDVelocity.o
LOAD ./Core/Src/Trajectory.o
LOAD ./Core/Src/main.o
LOAD ./Core/Src/stm32f4xx_hal_msp.o
LOAD ./Core/Src/stm32f4xx_it.o
LOAD ./Core/Src/syscalls.o
LOAD ./Core/Src/sysmem.o
LOAD ./Core/Src/system_stm32f4xx.o
LOAD ./Core/Startup/startup_stm32f411retx.o
LOAD ./Drivers/STM32F4xx_HAL_Driver/Src/stm32f4xx_hal.o
LOAD ./Drivers/STM32F4xx_HAL_Driver/Src/stm32f4xx_hal_cortex.o
LOAD ./Drivers/STM32F4xx_HAL_Driver/Src/stm32f4xx_hal_dma.o
LOAD ./Drivers/STM32F4xx_HAL_Driver/Src/stm32f4xx_hal_dma_ex.o
LOAD ./Drivers/STM32F4xx_HAL_Driver/Src/stm32f4xx_hal_exti.o
LOAD ./Drivers/STM32F4xx_HAL_Driver/Src/stm32f4xx_hal_flash.o
LOAD ./Drivers/STM32F4xx_HAL_Driver/Src/stm32f4xx_hal_flash_ex.o
LOAD ./Drivers/STM32F4xx_HAL_Driver/Src/stm32f4xx_hal_flash_ramfunc.o
LOAD ./Drivers/STM32F4xx_HAL_Driver/Src/stm32f4xx_hal_gpio.o
LOAD ./Drivers/STM32F4xx_HAL_Driver/Src/stm32f4xx_hal_i2c.o
LOAD ./Drivers/STM32F4xx_HAL_Driver/Src/stm32f4xx_hal_i2c_ex.o
LOAD ./Drivers/STM32F4xx_HAL_Driver/Src/stm32f4xx_hal_pwr.o
LOAD ./Drivers/STM32F4xx_HAL_Driver/Src/stm32f4xx_hal_pwr_ex.o
LOAD ./Drivers/STM32F4xx_HAL_Driver/Src/stm32f4xx_hal_rcc.o
LOAD ./Drivers/STM32F4xx_HAL_Driver/Src/stm32f4xx_hal_rcc_ex.o
LOAD ./Drivers/STM32F4xx_HAL_Driver/Src/stm32f4xx_hal_tim.o
LOAD ./Drivers/STM32F4xx_HAL_Driver/Src/stm32f4xx_hal_tim_ex.o
LOAD ./Drivers/STM32F4xx_HAL_Driver/Src/stm32f4xx_hal_uart.o
LOAD ../Middlewares/Third_Party/ARM_CMSIS/CMSIS/DSP/Lib/GCC\libarm_cortexM4lf_math.a
START GROUP
LOAD c:/st/stm32cubeide_1.8.0/stm32cubeide/plugins/com.st.stm32cube.ide.mcu.externaltools.gnu-tools-for-stm32.10.3-2021.10.win32_1.0.0.202111181127/tools/bin/../lib/gcc/arm-none-eabi/10.3.1/../../../../arm-none-eabi/lib/thumb/v7e-m+fp/hard\libc_nano.a
LOAD c:/st/stm32cubeide_1.8.0/stm32cubeide/plugins/com.st.stm32cube.ide.mcu.externaltools.gnu-tools-for-stm32.10.3-2021.10.win32_1.0.0.202111181127/tools/bin/../lib/gcc/arm-none-eabi/10.3.1/../../../../arm-none-eabi/lib/thumb/v7e-m+fp/hard\libm.a
END GROUP
START GROUP
LOAD c:/st/stm32cubeide_1.8.0/stm32cubeide/plugins/com.st.stm32cube.ide.mcu.externaltools.gnu-tools-for-stm32.10.3-2021.10.win32_1.0.0.202111181127/tools/bin/../lib/gcc/arm-none-eabi/10.3.1/thumb/v7e-m+fp/hard\libgcc.a
LOAD c:/st/stm32cubeide_1.8.0/stm32cubeide/plugins/com.st.stm32cube.ide.mcu.externaltools.gnu-tools-for-stm32.10.3-2021.10.win32_1.0.0.202111181127/tools/bin/../lib/gcc/arm-none-eabi/10.3.1/../../../../arm-none-eabi/lib/thumb/v7e-m+fp/hard\libc_nano.a
END GROUP
START GROUP
LOAD c:/st/stm32cubeide_1.8.0/stm32cubeide/plugins/com.st.stm32cube.ide.mcu.externaltools.gnu-tools-for-stm32.10.3-2021.10.win32_1.0.0.202111181127/tools/bin/../lib/gcc/arm-none-eabi/10.3.1/thumb/v7e-m+fp/hard\libgcc.a
LOAD c:/st/stm32cubeide_1.8.0/stm32cubeide/plugins/com.st.stm32cube.ide.mcu.externaltools.gnu-tools-for-stm32.10.3-2021.10.win32_1.0.0.202111181127/tools/bin/../lib/gcc/arm-none-eabi/10.3.1/../../../../arm-none-eabi/lib/thumb/v7e-m+fp/hard\libc_nano.a
LOAD c:/st/stm32cubeide_1.8.0/stm32cubeide/plugins/com.st.stm32cube.ide.mcu.externaltools.gnu-tools-for-stm32.10.3-2021.10.win32_1.0.0.202111181127/tools/bin/../lib/gcc/arm-none-eabi/10.3.1/../../../../arm-none-eabi/lib/thumb/v7e-m+fp/hard\libnosys.a
END GROUP
START GROUP
LOAD c:/st/stm32cubeide_1.8.0/stm32cubeide/plugins/com.st.stm32cube.ide.mcu.externaltools.gnu-tools-for-stm32.10.3-2021.10.win32_1.0.0.202111181127/tools/bin/../lib/gcc/arm-none-eabi/10.3.1/thumb/v7e-m+fp/hard\libgcc.a
LOAD c:/st/stm32cubeide_1.8.0/stm32cubeide/plugins/com.st.stm32cube.ide.mcu.externaltools.gnu-tools-for-stm32.10.3-2021.10.win32_1.0.0.202111181127/tools/bin/../lib/gcc/arm-none-eabi/10.3.1/../../../../arm-none-eabi/lib/thumb/v7e-m+fp/hard\libc_nano.a
LOAD c:/st/stm32cubeide_1.8.0/stm32cubeide/plugins/com.st.stm32cube.ide.mcu.externaltools.gnu-tools-for-stm32.10.3-2021.10.win32_1.0.0.202111181127/tools/bin/../lib/gcc/arm-none-eabi/10.3.1/../../../../arm-none-eabi/lib/thumb/v7e-m+fp/hard\libnosys.a
END GROUP
LOAD c:/st/stm32cubeide_1.8.0/stm32cubeide/plugins/com.st.stm32cube.ide.mcu.externaltools.gnu-tools-for-stm32.10.3-2021.10.win32_1.0.0.202111181127/tools/bin/../lib/gcc/arm-none-eabi/10.3.1/thumb/v7e-m+fp/hard/crtend.o
LOAD c:/st/stm32cubeide_1.8.0/stm32cubeide/plugins/com.st.stm32cube.ide.mcu.externaltools.gnu-tools-for-stm32.10.3-2021.10.win32_1.0.0.202111181127/tools/bin/../lib/gcc/arm-none-eabi/10.3.1/thumb/v7e-m+fp/hard/crtn.o
                0x0000000020020000                _estack = (ORIGIN (RAM) + LENGTH (RAM))
                0x0000000000000200                _Min_Heap_Size = 0x200
                0x0000000000000400                _Min_Stack_Size = 0x400

.isr_vector     0x0000000008000000      0x198
                0x0000000008000000                . = ALIGN (0x4)
 *(.isr_vector)
 .isr_vector    0x0000000008000000      0x198 ./Core/Startup/startup_stm32f411retx.o
                0x0000000008000000                g_pfnVectors
                0x0000000008000198                . = ALIGN (0x4)

.text           0x0000000008000198     0x9ea0
                0x0000000008000198                . = ALIGN (0x4)
 *(.text)
 .text          0x0000000008000198       0x40 c:/st/stm32cubeide_1.8.0/stm32cubeide/plugins/com.st.stm32cube.ide.mcu.externaltools.gnu-tools-for-stm32.10.3-2021.10.win32_1.0.0.202111181127/tools/bin/../lib/gcc/arm-none-eabi/10.3.1/thumb/v7e-m+fp/hard/crtbegin.o
 .text          0x00000000080001d8      0x378 c:/st/stm32cubeide_1.8.0/stm32cubeide/plugins/com.st.stm32cube.ide.mcu.externaltools.gnu-tools-for-stm32.10.3-2021.10.win32_1.0.0.202111181127/tools/bin/../lib/gcc/arm-none-eabi/10.3.1/thumb/v7e-m+fp/hard\libgcc.a(_arm_addsubdf3.o)
                0x00000000080001d8                __aeabi_drsub
                0x00000000080001e0                __aeabi_dsub
                0x00000000080001e0                __subdf3
                0x00000000080001e4                __aeabi_dadd
                0x00000000080001e4                __adddf3
                0x000000000800045c                __floatunsidf
                0x000000000800045c                __aeabi_ui2d
                0x000000000800047c                __floatsidf
                0x000000000800047c                __aeabi_i2d
                0x00000000080004a0                __aeabi_f2d
                0x00000000080004a0                __extendsfdf2
                0x00000000080004e4                __floatundidf
                0x00000000080004e4                __aeabi_ul2d
                0x00000000080004f4                __floatdidf
                0x00000000080004f4                __aeabi_l2d
 .text          0x0000000008000550      0x424 c:/st/stm32cubeide_1.8.0/stm32cubeide/plugins/com.st.stm32cube.ide.mcu.externaltools.gnu-tools-for-stm32.10.3-2021.10.win32_1.0.0.202111181127/tools/bin/../lib/gcc/arm-none-eabi/10.3.1/thumb/v7e-m+fp/hard\libgcc.a(_arm_muldivdf3.o)
                0x0000000008000550                __aeabi_dmul
                0x0000000008000550                __muldf3
                0x00000000080007a4                __divdf3
                0x00000000080007a4                __aeabi_ddiv
 .text          0x0000000008000974       0xa0 c:/st/stm32cubeide_1.8.0/stm32cubeide/plugins/com.st.stm32cube.ide.mcu.externaltools.gnu-tools-for-stm32.10.3-2021.10.win32_1.0.0.202111181127/tools/bin/../lib/gcc/arm-none-eabi/10.3.1/thumb/v7e-m+fp/hard\libgcc.a(_arm_truncdfsf2.o)
                0x0000000008000974                __truncdfsf2
                0x0000000008000974                __aeabi_d2f
 .text          0x0000000008000a14       0x30 c:/st/stm32cubeide_1.8.0/stm32cubeide/plugins/com.st.stm32cube.ide.mcu.externaltools.gnu-tools-for-stm32.10.3-2021.10.win32_1.0.0.202111181127/tools/bin/../lib/gcc/arm-none-eabi/10.3.1/thumb/v7e-m+fp/hard\libgcc.a(_aeabi_uldivmod.o)
                0x0000000008000a14                __aeabi_uldivmod
 .text          0x0000000008000a44      0x2d0 c:/st/stm32cubeide_1.8.0/stm32cubeide/plugins/com.st.stm32cube.ide.mcu.externaltools.gnu-tools-for-stm32.10.3-2021.10.win32_1.0.0.202111181127/tools/bin/../lib/gcc/arm-none-eabi/10.3.1/thumb/v7e-m+fp/hard\libgcc.a(_udivmoddi4.o)
                0x0000000008000a44                __udivmoddi4
 .text          0x0000000008000d14        0x4 c:/st/stm32cubeide_1.8.0/stm32cubeide/plugins/com.st.stm32cube.ide.mcu.externaltools.gnu-tools-for-stm32.10.3-2021.10.win32_1.0.0.202111181127/tools/bin/../lib/gcc/arm-none-eabi/10.3.1/thumb/v7e-m+fp/hard\libgcc.a(_dvmd_tls.o)
                0x0000000008000d14                __aeabi_idiv0
                0x0000000008000d14                __aeabi_ldiv0
 *(.text*)
 .text.KalmanMatrixInit
                0x0000000008000d18      0x2c4 ./Core/Src/Kalman.o
                0x0000000008000d18                KalmanMatrixInit
 .text.KalmanFilterFunction
                0x0000000008000fdc      0x25a ./Core/Src/Kalman.o
                0x0000000008000fdc                KalmanFilterFunction
 .text.PIDVelocityController_Init
                0x0000000008001236       0x4c ./Core/Src/PIDVelocity.o
                0x0000000008001236                PIDVelocityController_Init
 *fill*         0x0000000008001282        0x6 
 .text.PIDVelocityController_Update
                0x0000000008001288      0x1d8 ./Core/Src/PIDVelocity.o
                0x0000000008001288                PIDVelocityController_Update
 .text.AbsVal   0x0000000008001460       0x44 ./Core/Src/Trajectory.o
                0x0000000008001460                AbsVal
 .text.CoefficientAndTimeCalculation
                0x00000000080014a4      0xc34 ./Core/Src/Trajectory.o
                0x00000000080014a4                CoefficientAndTimeCalculation
 .text.TrajectoryEvaluation
                0x00000000080020d8      0x864 ./Core/Src/Trajectory.o
                0x00000000080020d8                TrajectoryEvaluation
 .text.main     0x000000000800293c       0xd4 ./Core/Src/main.o
                0x000000000800293c                main
 .text.SystemClock_Config
                0x0000000008002a10       0xd0 ./Core/Src/main.o
                0x0000000008002a10                SystemClock_Config
 .text.MX_I2C1_Init
                0x0000000008002ae0       0x5c ./Core/Src/main.o
 .text.MX_TIM1_Init
                0x0000000008002b3c      0x108 ./Core/Src/main.o
 .text.MX_TIM2_Init
                0x0000000008002c44       0xa8 ./Core/Src/main.o
 .text.MX_TIM3_Init
                0x0000000008002cec       0x9c ./Core/Src/main.o
 .text.MX_TIM4_Init
                0x0000000008002d88       0x9c ./Core/Src/main.o
 .text.MX_TIM11_Init
                0x0000000008002e24       0x48 ./Core/Src/main.o
 .text.MX_USART2_UART_Init
                0x0000000008002e6c       0x58 ./Core/Src/main.o
 .text.MX_DMA_Init
                0x0000000008002ec4       0x40 ./Core/Src/main.o
 .text.MX_GPIO_Init
                0x0000000008002f04      0x160 ./Core/Src/main.o
 *fill*         0x0000000008003064        0x4 
 .text.EncoderRead
                0x0000000008003068      0x118 ./Core/Src/main.o
                0x0000000008003068                EncoderRead
 .text.PWMAbs   0x0000000008003180       0x22 ./Core/Src/main.o
                0x0000000008003180                PWMAbs
 *fill*         0x00000000080031a2        0x2 
 .text.Drivemotor
                0x00000000080031a4       0xb4 ./Core/Src/main.o
                0x00000000080031a4                Drivemotor
 .text.ControllLoopAndErrorHandler
                0x0000000008003258      0x138 ./Core/Src/main.o
                0x0000000008003258                ControllLoopAndErrorHandler
 .text.HAL_GPIO_EXTI_Callback
                0x0000000008003390       0x44 ./Core/Src/main.o
                0x0000000008003390                HAL_GPIO_EXTI_Callback
 .text.HAL_TIM_PeriodElapsedCallback
                0x00000000080033d4       0xb8 ./Core/Src/main.o
                0x00000000080033d4                HAL_TIM_PeriodElapsedCallback
 .text.Micros   0x000000000800348c       0x30 ./Core/Src/main.o
                0x000000000800348c                Micros
 .text.Ringbuf_Init
                0x00000000080034bc       0x70 ./Core/Src/main.o
                0x00000000080034bc                Ringbuf_Init
 .text.checkSum
                0x000000000800352c       0x58 ./Core/Src/main.o
                0x000000000800352c                checkSum
 .text.HAL_UARTEx_RxEventCallback
                0x0000000008003584      0x124 ./Core/Src/main.o
                0x0000000008003584                HAL_UARTEx_RxEventCallback
 .text.stateManagement
                0x00000000080036a8      0x3e4 ./Core/Src/main.o
                0x00000000080036a8                stateManagement
 .text.Error_Handler
                0x0000000008003a8c        0xa ./Core/Src/main.o
                0x0000000008003a8c                Error_Handler
 *fill*         0x0000000008003a96        0x2 
 .text.HAL_MspInit
                0x0000000008003a98       0x50 ./Core/Src/stm32f4xx_hal_msp.o
                0x0000000008003a98                HAL_MspInit
 .text.HAL_I2C_MspInit
                0x0000000008003ae8       0xb0 ./Core/Src/stm32f4xx_hal_msp.o
                0x0000000008003ae8                HAL_I2C_MspInit
 .text.HAL_TIM_PWM_MspInit
                0x0000000008003b98       0x50 ./Core/Src/stm32f4xx_hal_msp.o
                0x0000000008003b98                HAL_TIM_PWM_MspInit
 .text.HAL_TIM_Encoder_MspInit
                0x0000000008003be8       0x8c ./Core/Src/stm32f4xx_hal_msp.o
                0x0000000008003be8                HAL_TIM_Encoder_MspInit
 .text.HAL_TIM_Base_MspInit
                0x0000000008003c74       0xc8 ./Core/Src/stm32f4xx_hal_msp.o
                0x0000000008003c74                HAL_TIM_Base_MspInit
 .text.HAL_TIM_MspPostInit
                0x0000000008003d3c       0x74 ./Core/Src/stm32f4xx_hal_msp.o
                0x0000000008003d3c                HAL_TIM_MspPostInit
 .text.HAL_UART_MspInit
                0x0000000008003db0      0x104 ./Core/Src/stm32f4xx_hal_msp.o
                0x0000000008003db0                HAL_UART_MspInit
 .text.NMI_Handler
                0x0000000008003eb4        0x6 ./Core/Src/stm32f4xx_it.o
                0x0000000008003eb4                NMI_Handler
 .text.HardFault_Handler
                0x0000000008003eba        0x6 ./Core/Src/stm32f4xx_it.o
                0x0000000008003eba                HardFault_Handler
 .text.MemManage_Handler
                0x0000000008003ec0        0x6 ./Core/Src/stm32f4xx_it.o
                0x0000000008003ec0                MemManage_Handler
 .text.BusFault_Handler
                0x0000000008003ec6        0x6 ./Core/Src/stm32f4xx_it.o
                0x0000000008003ec6                BusFault_Handler
 .text.UsageFault_Handler
                0x0000000008003ecc        0x6 ./Core/Src/stm32f4xx_it.o
                0x0000000008003ecc                UsageFault_Handler
 .text.SVC_Handler
                0x0000000008003ed2        0xe ./Core/Src/stm32f4xx_it.o
                0x0000000008003ed2                SVC_Handler
 .text.DebugMon_Handler
                0x0000000008003ee0        0xe ./Core/Src/stm32f4xx_it.o
                0x0000000008003ee0                DebugMon_Handler
 .text.PendSV_Handler
                0x0000000008003eee        0xe ./Core/Src/stm32f4xx_it.o
                0x0000000008003eee                PendSV_Handler
 .text.SysTick_Handler
                0x0000000008003efc       0x1c ./Core/Src/stm32f4xx_it.o
                0x0000000008003efc                SysTick_Handler
 .text.DMA1_Stream5_IRQHandler
                0x0000000008003f18       0x14 ./Core/Src/stm32f4xx_it.o
                0x0000000008003f18                DMA1_Stream5_IRQHandler
 .text.EXTI9_5_IRQHandler
                0x0000000008003f2c        0xe ./Core/Src/stm32f4xx_it.o
                0x0000000008003f2c                EXTI9_5_IRQHandler
 *fill*         0x0000000008003f3a        0x2 
 .text.TIM1_TRG_COM_TIM11_IRQHandler
                0x0000000008003f3c       0x1c ./Core/Src/stm32f4xx_it.o
                0x0000000008003f3c                TIM1_TRG_COM_TIM11_IRQHandler
 .text.TIM3_IRQHandler
                0x0000000008003f58       0x14 ./Core/Src/stm32f4xx_it.o
                0x0000000008003f58                TIM3_IRQHandler
 .text.TIM4_IRQHandler
                0x0000000008003f6c       0x14 ./Core/Src/stm32f4xx_it.o
                0x0000000008003f6c                TIM4_IRQHandler
 .text.I2C1_EV_IRQHandler
                0x0000000008003f80       0x14 ./Core/Src/stm32f4xx_it.o
                0x0000000008003f80                I2C1_EV_IRQHandler
 .text.I2C1_ER_IRQHandler
                0x0000000008003f94       0x14 ./Core/Src/stm32f4xx_it.o
                0x0000000008003f94                I2C1_ER_IRQHandler
 .text.USART2_IRQHandler
                0x0000000008003fa8       0x14 ./Core/Src/stm32f4xx_it.o
                0x0000000008003fa8                USART2_IRQHandler
 .text.EXTI15_10_IRQHandler
                0x0000000008003fbc       0x18 ./Core/Src/stm32f4xx_it.o
                0x0000000008003fbc                EXTI15_10_IRQHandler
 .text.SystemInit
                0x0000000008003fd4       0x24 ./Core/Src/system_stm32f4xx.o
                0x0000000008003fd4                SystemInit
 .text.Reset_Handler
                0x0000000008003ff8       0x50 ./Core/Startup/startup_stm32f411retx.o
                0x0000000008003ff8                Reset_Handler
 .text.Default_Handler
                0x0000000008004048        0x2 ./Core/Startup/startup_stm32f411retx.o
                0x0000000008004048                RTC_Alarm_IRQHandler
                0x0000000008004048                EXTI2_IRQHandler
                0x0000000008004048                SPI4_IRQHandler
                0x0000000008004048                TIM1_CC_IRQHandler
                0x0000000008004048                DMA2_Stream5_IRQHandler
                0x0000000008004048                PVD_IRQHandler
                0x0000000008004048                SDIO_IRQHandler
                0x0000000008004048                TAMP_STAMP_IRQHandler
                0x0000000008004048                EXTI3_IRQHandler
                0x0000000008004048                TIM1_UP_TIM10_IRQHandler
                0x0000000008004048                I2C3_ER_IRQHandler
                0x0000000008004048                EXTI0_IRQHandler
                0x0000000008004048                I2C2_EV_IRQHandler
                0x0000000008004048                DMA1_Stream2_IRQHandler
                0x0000000008004048                FPU_IRQHandler
                0x0000000008004048                DMA2_Stream2_IRQHandler
                0x0000000008004048                SPI1_IRQHandler
                0x0000000008004048                TIM1_BRK_TIM9_IRQHandler
                0x0000000008004048                DMA2_Stream3_IRQHandler
                0x0000000008004048                USART6_IRQHandler
                0x0000000008004048                DMA2_Stream0_IRQHandler
                0x0000000008004048                DMA1_Stream6_IRQHandler
                0x0000000008004048                DMA1_Stream1_IRQHandler
                0x0000000008004048                RCC_IRQHandler
                0x0000000008004048                Default_Handler
                0x0000000008004048                ADC_IRQHandler
                0x0000000008004048                DMA1_Stream7_IRQHandler
                0x0000000008004048                SPI5_IRQHandler
                0x0000000008004048                TIM5_IRQHandler
                0x0000000008004048                DMA2_Stream7_IRQHandler
                0x0000000008004048                I2C3_EV_IRQHandler
                0x0000000008004048                RTC_WKUP_IRQHandler
                0x0000000008004048                SPI2_IRQHandler
                0x0000000008004048                DMA1_Stream0_IRQHandler
                0x0000000008004048                EXTI4_IRQHandler
                0x0000000008004048                WWDG_IRQHandler
                0x0000000008004048                TIM2_IRQHandler
                0x0000000008004048                OTG_FS_WKUP_IRQHandler
                0x0000000008004048                EXTI1_IRQHandler
                0x0000000008004048                I2C2_ER_IRQHandler
                0x0000000008004048                DMA2_Stream1_IRQHandler
                0x0000000008004048                FLASH_IRQHandler
                0x0000000008004048                DMA2_Stream4_IRQHandler
                0x0000000008004048                USART1_IRQHandler
                0x0000000008004048                OTG_FS_IRQHandler
                0x0000000008004048                SPI3_IRQHandler
                0x0000000008004048                DMA1_Stream4_IRQHandler
                0x0000000008004048                DMA2_Stream6_IRQHandler
                0x0000000008004048                DMA1_Stream3_IRQHandler
 *fill*         0x000000000800404a        0x2 
 .text.HAL_Init
                0x000000000800404c       0x44 ./Drivers/STM32F4xx_HAL_Driver/Src/stm32f4xx_hal.o
                0x000000000800404c                HAL_Init
 .text.HAL_InitTick
                0x0000000008004090       0x60 ./Drivers/STM32F4xx_HAL_Driver/Src/stm32f4xx_hal.o
                0x0000000008004090                HAL_InitTick
 .text.HAL_IncTick
                0x00000000080040f0       0x28 ./Drivers/STM32F4xx_HAL_Driver/Src/stm32f4xx_hal.o
                0x00000000080040f0                HAL_IncTick
 .text.HAL_GetTick
                0x0000000008004118       0x18 ./Drivers/STM32F4xx_HAL_Driver/Src/stm32f4xx_hal.o
                0x0000000008004118                HAL_GetTick
 .text.__NVIC_SetPriorityGrouping
                0x0000000008004130       0x48 ./Drivers/STM32F4xx_HAL_Driver/Src/stm32f4xx_hal_cortex.o
 .text.__NVIC_GetPriorityGrouping
                0x0000000008004178       0x1c ./Drivers/STM32F4xx_HAL_Driver/Src/stm32f4xx_hal_cortex.o
 .text.__NVIC_EnableIRQ
                0x0000000008004194       0x3c ./Drivers/STM32F4xx_HAL_Driver/Src/stm32f4xx_hal_cortex.o
 .text.__NVIC_SetPriority
                0x00000000080041d0       0x54 ./Drivers/STM32F4xx_HAL_Driver/Src/stm32f4xx_hal_cortex.o
 .text.NVIC_EncodePriority
                0x0000000008004224       0x66 ./Drivers/STM32F4xx_HAL_Driver/Src/stm32f4xx_hal_cortex.o
 *fill*         0x000000000800428a        0x2 
 .text.SysTick_Config
                0x000000000800428c       0x44 ./Drivers/STM32F4xx_HAL_Driver/Src/stm32f4xx_hal_cortex.o
 .text.HAL_NVIC_SetPriorityGrouping
                0x00000000080042d0       0x16 ./Drivers/STM32F4xx_HAL_Driver/Src/stm32f4xx_hal_cortex.o
                0x00000000080042d0                HAL_NVIC_SetPriorityGrouping
 .text.HAL_NVIC_SetPriority
                0x00000000080042e6       0x38 ./Drivers/STM32F4xx_HAL_Driver/Src/stm32f4xx_hal_cortex.o
                0x00000000080042e6                HAL_NVIC_SetPriority
 .text.HAL_NVIC_EnableIRQ
                0x000000000800431e       0x1c ./Drivers/STM32F4xx_HAL_Driver/Src/stm32f4xx_hal_cortex.o
                0x000000000800431e                HAL_NVIC_EnableIRQ
 .text.HAL_SYSTICK_Config
                0x000000000800433a       0x18 ./Drivers/STM32F4xx_HAL_Driver/Src/stm32f4xx_hal_cortex.o
                0x000000000800433a                HAL_SYSTICK_Config
 *fill*         0x0000000008004352        0x2 
 .text.HAL_DMA_Init
                0x0000000008004354      0x15c ./Drivers/STM32F4xx_HAL_Driver/Src/stm32f4xx_hal_dma.o
                0x0000000008004354                HAL_DMA_Init
 .text.HAL_DMA_Start_IT
                0x00000000080044b0       0xb0 ./Drivers/STM32F4xx_HAL_Driver/Src/stm32f4xx_hal_dma.o
                0x00000000080044b0                HAL_DMA_Start_IT
 .text.HAL_DMA_Abort
                0x0000000008004560       0xe0 ./Drivers/STM32F4xx_HAL_Driver/Src/stm32f4xx_hal_dma.o
                0x0000000008004560                HAL_DMA_Abort
 .text.HAL_DMA_Abort_IT
                0x0000000008004640       0x44 ./Drivers/STM32F4xx_HAL_Driver/Src/stm32f4xx_hal_dma.o
                0x0000000008004640                HAL_DMA_Abort_IT
 .text.HAL_DMA_IRQHandler
                0x0000000008004684      0x314 ./Drivers/STM32F4xx_HAL_Driver/Src/stm32f4xx_hal_dma.o
                0x0000000008004684                HAL_DMA_IRQHandler
 .text.HAL_DMA_GetState
                0x0000000008004998       0x1c ./Drivers/STM32F4xx_HAL_Driver/Src/stm32f4xx_hal_dma.o
                0x0000000008004998                HAL_DMA_GetState
 .text.DMA_SetConfig
                0x00000000080049b4       0x5c ./Drivers/STM32F4xx_HAL_Driver/Src/stm32f4xx_hal_dma.o
 .text.DMA_CalcBaseAndBitshift
                0x0000000008004a10       0x6c ./Drivers/STM32F4xx_HAL_Driver/Src/stm32f4xx_hal_dma.o
 .text.DMA_CheckFifoParam
                0x0000000008004a7c       0xf8 ./Drivers/STM32F4xx_HAL_Driver/Src/stm32f4xx_hal_dma.o
 .text.HAL_GPIO_Init
                0x0000000008004b74      0x308 ./Drivers/STM32F4xx_HAL_Driver/Src/stm32f4xx_hal_gpio.o
                0x0000000008004b74                HAL_GPIO_Init
 .text.HAL_GPIO_WritePin
                0x0000000008004e7c       0x32 ./Drivers/STM32F4xx_HAL_Driver/Src/stm32f4xx_hal_gpio.o
                0x0000000008004e7c                HAL_GPIO_WritePin
 .text.HAL_GPIO_TogglePin
                0x0000000008004eae       0x34 ./Drivers/STM32F4xx_HAL_Driver/Src/stm32f4xx_hal_gpio.o
                0x0000000008004eae                HAL_GPIO_TogglePin
 *fill*         0x0000000008004ee2        0x2 
 .text.HAL_GPIO_EXTI_IRQHandler
                0x0000000008004ee4       0x30 ./Drivers/STM32F4xx_HAL_Driver/Src/stm32f4xx_hal_gpio.o
                0x0000000008004ee4                HAL_GPIO_EXTI_IRQHandler
 .text.HAL_I2C_Init
                0x0000000008004f14      0x288 ./Drivers/STM32F4xx_HAL_Driver/Src/stm32f4xx_hal_i2c.o
                0x0000000008004f14                HAL_I2C_Init
 .text.HAL_I2C_EV_IRQHandler
                0x000000000800519c      0x2e2 ./Drivers/STM32F4xx_HAL_Driver/Src/stm32f4xx_hal_i2c.o
                0x000000000800519c                HAL_I2C_EV_IRQHandler
 .text.HAL_I2C_ER_IRQHandler
                0x000000000800547e      0x14e ./Drivers/STM32F4xx_HAL_Driver/Src/stm32f4xx_hal_i2c.o
                0x000000000800547e                HAL_I2C_ER_IRQHandler
 .text.HAL_I2C_MasterTxCpltCallback
                0x00000000080055cc       0x14 ./Drivers/STM32F4xx_HAL_Driver/Src/stm32f4xx_hal_i2c.o
                0x00000000080055cc                HAL_I2C_MasterTxCpltCallback
 .text.HAL_I2C_MasterRxCpltCallback
                0x00000000080055e0       0x14 ./Drivers/STM32F4xx_HAL_Driver/Src/stm32f4xx_hal_i2c.o
                0x00000000080055e0                HAL_I2C_MasterRxCpltCallback
 .text.HAL_I2C_SlaveTxCpltCallback
                0x00000000080055f4       0x14 ./Drivers/STM32F4xx_HAL_Driver/Src/stm32f4xx_hal_i2c.o
                0x00000000080055f4                HAL_I2C_SlaveTxCpltCallback
 .text.HAL_I2C_SlaveRxCpltCallback
                0x0000000008005608       0x14 ./Drivers/STM32F4xx_HAL_Driver/Src/stm32f4xx_hal_i2c.o
                0x0000000008005608                HAL_I2C_SlaveRxCpltCallback
 .text.HAL_I2C_AddrCallback
                0x000000000800561c       0x1c ./Drivers/STM32F4xx_HAL_Driver/Src/stm32f4xx_hal_i2c.o
                0x000000000800561c                HAL_I2C_AddrCallback
 .text.HAL_I2C_ListenCpltCallback
                0x0000000008005638       0x14 ./Drivers/STM32F4xx_HAL_Driver/Src/stm32f4xx_hal_i2c.o
                0x0000000008005638                HAL_I2C_ListenCpltCallback
 .text.HAL_I2C_MemTxCpltCallback
                0x000000000800564c       0x14 ./Drivers/STM32F4xx_HAL_Driver/Src/stm32f4xx_hal_i2c.o
                0x000000000800564c                HAL_I2C_MemTxCpltCallback
 .text.HAL_I2C_MemRxCpltCallback
                0x0000000008005660       0x14 ./Drivers/STM32F4xx_HAL_Driver/Src/stm32f4xx_hal_i2c.o
                0x0000000008005660                HAL_I2C_MemRxCpltCallback
 .text.HAL_I2C_ErrorCallback
                0x0000000008005674       0x14 ./Drivers/STM32F4xx_HAL_Driver/Src/stm32f4xx_hal_i2c.o
                0x0000000008005674                HAL_I2C_ErrorCallback
 .text.HAL_I2C_AbortCpltCallback
                0x0000000008005688       0x14 ./Drivers/STM32F4xx_HAL_Driver/Src/stm32f4xx_hal_i2c.o
                0x0000000008005688                HAL_I2C_AbortCpltCallback
 .text.I2C_MasterTransmit_TXE
                0x000000000800569c      0x138 ./Drivers/STM32F4xx_HAL_Driver/Src/stm32f4xx_hal_i2c.o
 .text.I2C_MasterTransmit_BTF
                0x00000000080057d4       0xec ./Drivers/STM32F4xx_HAL_Driver/Src/stm32f4xx_hal_i2c.o
 .text.I2C_MemoryTransmit_TXE_BTF
                0x00000000080058c0      0x128 ./Drivers/STM32F4xx_HAL_Driver/Src/stm32f4xx_hal_i2c.o
 .text.I2C_MasterReceive_RXNE
                0x00000000080059e8      0x176 ./Drivers/STM32F4xx_HAL_Driver/Src/stm32f4xx_hal_i2c.o
 .text.I2C_MasterReceive_BTF
                0x0000000008005b5e      0x1d4 ./Drivers/STM32F4xx_HAL_Driver/Src/stm32f4xx_hal_i2c.o
 .text.I2C_Master_SB
                0x0000000008005d32      0x10c ./Drivers/STM32F4xx_HAL_Driver/Src/stm32f4xx_hal_i2c.o
 .text.I2C_Master_ADD10
                0x0000000008005e3e       0x54 ./Drivers/STM32F4xx_HAL_Driver/Src/stm32f4xx_hal_i2c.o
 .text.I2C_Master_ADDR
                0x0000000008005e92      0x322 ./Drivers/STM32F4xx_HAL_Driver/Src/stm32f4xx_hal_i2c.o
 .text.I2C_SlaveTransmit_TXE
                0x00000000080061b4       0x7a ./Drivers/STM32F4xx_HAL_Driver/Src/stm32f4xx_hal_i2c.o
 .text.I2C_SlaveTransmit_BTF
                0x000000000800622e       0x42 ./Drivers/STM32F4xx_HAL_Driver/Src/stm32f4xx_hal_i2c.o
 .text.I2C_SlaveReceive_RXNE
                0x0000000008006270       0x7c ./Drivers/STM32F4xx_HAL_Driver/Src/stm32f4xx_hal_i2c.o
 .text.I2C_SlaveReceive_BTF
                0x00000000080062ec       0x44 ./Drivers/STM32F4xx_HAL_Driver/Src/stm32f4xx_hal_i2c.o
 .text.I2C_Slave_ADDR
                0x0000000008006330       0x94 ./Drivers/STM32F4xx_HAL_Driver/Src/stm32f4xx_hal_i2c.o
 .text.I2C_Slave_STOPF
                0x00000000080063c4      0x260 ./Drivers/STM32F4xx_HAL_Driver/Src/stm32f4xx_hal_i2c.o
 .text.I2C_Slave_AF
                0x0000000008006624       0xe0 ./Drivers/STM32F4xx_HAL_Driver/Src/stm32f4xx_hal_i2c.o
 .text.I2C_ITError
                0x0000000008006704      0x264 ./Drivers/STM32F4xx_HAL_Driver/Src/stm32f4xx_hal_i2c.o
 .text.I2C_DMAAbort
                0x0000000008006968      0x150 ./Drivers/STM32F4xx_HAL_Driver/Src/stm32f4xx_hal_i2c.o
 .text.I2C_WaitOnSTOPRequestThroughIT
                0x0000000008006ab8       0x64 ./Drivers/STM32F4xx_HAL_Driver/Src/stm32f4xx_hal_i2c.o
 .text.I2C_ConvertOtherXferOptions
                0x0000000008006b1c       0x36 ./Drivers/STM32F4xx_HAL_Driver/Src/stm32f4xx_hal_i2c.o
 *fill*         0x0000000008006b52        0x2 
 .text.HAL_RCC_OscConfig
                0x0000000008006b54      0x4f0 ./Drivers/STM32F4xx_HAL_Driver/Src/stm32f4xx_hal_rcc.o
                0x0000000008006b54                HAL_RCC_OscConfig
 .text.HAL_RCC_ClockConfig
                0x0000000008007044      0x1cc ./Drivers/STM32F4xx_HAL_Driver/Src/stm32f4xx_hal_rcc.o
                0x0000000008007044                HAL_RCC_ClockConfig
 .text.HAL_RCC_GetSysClockFreq
                0x0000000008007210      0x20c ./Drivers/STM32F4xx_HAL_Driver/Src/stm32f4xx_hal_rcc.o
                0x0000000008007210                HAL_RCC_GetSysClockFreq
 .text.HAL_RCC_GetHCLKFreq
                0x000000000800741c       0x18 ./Drivers/STM32F4xx_HAL_Driver/Src/stm32f4xx_hal_rcc.o
                0x000000000800741c                HAL_RCC_GetHCLKFreq
 .text.HAL_RCC_GetPCLK1Freq
                0x0000000008007434       0x28 ./Drivers/STM32F4xx_HAL_Driver/Src/stm32f4xx_hal_rcc.o
                0x0000000008007434                HAL_RCC_GetPCLK1Freq
 .text.HAL_RCC_GetPCLK2Freq
                0x000000000800745c       0x28 ./Drivers/STM32F4xx_HAL_Driver/Src/stm32f4xx_hal_rcc.o
                0x000000000800745c                HAL_RCC_GetPCLK2Freq
 .text.HAL_TIM_Base_Init
                0x0000000008007484       0x9e ./Drivers/STM32F4xx_HAL_Driver/Src/stm32f4xx_hal_tim.o
                0x0000000008007484                HAL_TIM_Base_Init
 *fill*         0x0000000008007522        0x2 
 .text.HAL_TIM_Base_Start_IT
                0x0000000008007524       0xc4 ./Drivers/STM32F4xx_HAL_Driver/Src/stm32f4xx_hal_tim.o
                0x0000000008007524                HAL_TIM_Base_Start_IT
 .text.HAL_TIM_PWM_Init
                0x00000000080075e8       0x9e ./Drivers/STM32F4xx_HAL_Driver/Src/stm32f4xx_hal_tim.o
                0x00000000080075e8                HAL_TIM_PWM_Init
 *fill*         0x0000000008007686        0x2 
 .text.HAL_TIM_PWM_Start
                0x0000000008007688      0x160 ./Drivers/STM32F4xx_HAL_Driver/Src/stm32f4xx_hal_tim.o
                0x0000000008007688                HAL_TIM_PWM_Start
 .text.HAL_TIM_Encoder_Init
                0x00000000080077e8      0x14c ./Drivers/STM32F4xx_HAL_Driver/Src/stm32f4xx_hal_tim.o
                0x00000000080077e8                HAL_TIM_Encoder_Init
 .text.HAL_TIM_Encoder_Start
                0x0000000008007934      0x11c ./Drivers/STM32F4xx_HAL_Driver/Src/stm32f4xx_hal_tim.o
                0x0000000008007934                HAL_TIM_Encoder_Start
 .text.HAL_TIM_IRQHandler
                0x0000000008007a50      0x210 ./Drivers/STM32F4xx_HAL_Driver/Src/stm32f4xx_hal_tim.o
                0x0000000008007a50                HAL_TIM_IRQHandler
 .text.HAL_TIM_PWM_ConfigChannel
                0x0000000008007c60      0x184 ./Drivers/STM32F4xx_HAL_Driver/Src/stm32f4xx_hal_tim.o
                0x0000000008007c60                HAL_TIM_PWM_ConfigChannel
 .text.HAL_TIM_ConfigClockSource
                0x0000000008007de4      0x18e ./Drivers/STM32F4xx_HAL_Driver/Src/stm32f4xx_hal_tim.o
                0x0000000008007de4                HAL_TIM_ConfigClockSource
 .text.HAL_TIM_OC_DelayElapsedCallback
                0x0000000008007f72       0x14 ./Drivers/STM32F4xx_HAL_Driver/Src/stm32f4xx_hal_tim.o
                0x0000000008007f72                HAL_TIM_OC_DelayElapsedCallback
 .text.HAL_TIM_IC_CaptureCallback
                0x0000000008007f86       0x14 ./Drivers/STM32F4xx_HAL_Driver/Src/stm32f4xx_hal_tim.o
                0x0000000008007f86                HAL_TIM_IC_CaptureCallback
 .text.HAL_TIM_PWM_PulseFinishedCallback
                0x0000000008007f9a       0x14 ./Drivers/STM32F4xx_HAL_Driver/Src/stm32f4xx_hal_tim.o
                0x0000000008007f9a                HAL_TIM_PWM_PulseFinishedCallback
 .text.HAL_TIM_TriggerCallback
                0x0000000008007fae       0x14 ./Drivers/STM32F4xx_HAL_Driver/Src/stm32f4xx_hal_tim.o
                0x0000000008007fae                HAL_TIM_TriggerCallback
 *fill*         0x0000000008007fc2        0x2 
 .text.TIM_Base_SetConfig
                0x0000000008007fc4      0x100 ./Drivers/STM32F4xx_HAL_Driver/Src/stm32f4xx_hal_tim.o
                0x0000000008007fc4                TIM_Base_SetConfig
 .text.TIM_OC1_SetConfig
                0x00000000080080c4       0xcc ./Drivers/STM32F4xx_HAL_Driver/Src/stm32f4xx_hal_tim.o
 .text.TIM_OC2_SetConfig
                0x0000000008008190       0xd8 ./Drivers/STM32F4xx_HAL_Driver/Src/stm32f4xx_hal_tim.o
                0x0000000008008190                TIM_OC2_SetConfig
 .text.TIM_OC3_SetConfig
                0x0000000008008268       0xd4 ./Drivers/STM32F4xx_HAL_Driver/Src/stm32f4xx_hal_tim.o
 .text.TIM_OC4_SetConfig
                0x000000000800833c       0xa0 ./Drivers/STM32F4xx_HAL_Driver/Src/stm32f4xx_hal_tim.o
 .text.TIM_TI1_ConfigInputStage
                0x00000000080083dc       0x5e ./Drivers/STM32F4xx_HAL_Driver/Src/stm32f4xx_hal_tim.o
 .text.TIM_TI2_ConfigInputStage
                0x000000000800843a       0x60 ./Drivers/STM32F4xx_HAL_Driver/Src/stm32f4xx_hal_tim.o
 .text.TIM_ITRx_SetConfig
                0x000000000800849a       0x36 ./Drivers/STM32F4xx_HAL_Driver/Src/stm32f4xx_hal_tim.o
 .text.TIM_ETR_SetConfig
                0x00000000080084d0       0x40 ./Drivers/STM32F4xx_HAL_Driver/Src/stm32f4xx_hal_tim.o
                0x00000000080084d0                TIM_ETR_SetConfig
 .text.TIM_CCxChannelCmd
                0x0000000008008510       0x4a ./Drivers/STM32F4xx_HAL_Driver/Src/stm32f4xx_hal_tim.o
                0x0000000008008510                TIM_CCxChannelCmd
 *fill*         0x000000000800855a        0x2 
 .text.HAL_TIMEx_MasterConfigSynchronization
                0x000000000800855c       0xdc ./Drivers/STM32F4xx_HAL_Driver/Src/stm32f4xx_hal_tim_ex.o
                0x000000000800855c                HAL_TIMEx_MasterConfigSynchronization
 .text.HAL_TIMEx_ConfigBreakDeadTime
                0x0000000008008638       0xa4 ./Drivers/STM32F4xx_HAL_Driver/Src/stm32f4xx_hal_tim_ex.o
                0x0000000008008638                HAL_TIMEx_ConfigBreakDeadTime
 .text.HAL_TIMEx_CommutCallback
                0x00000000080086dc       0x14 ./Drivers/STM32F4xx_HAL_Driver/Src/stm32f4xx_hal_tim_ex.o
                0x00000000080086dc                HAL_TIMEx_CommutCallback
 .text.HAL_TIMEx_BreakCallback
                0x00000000080086f0       0x14 ./Drivers/STM32F4xx_HAL_Driver/Src/stm32f4xx_hal_tim_ex.o
                0x00000000080086f0                HAL_TIMEx_BreakCallback
 .text.HAL_UART_Init
                0x0000000008008704       0x9a ./Drivers/STM32F4xx_HAL_Driver/Src/stm32f4xx_hal_uart.o
                0x0000000008008704                HAL_UART_Init
 .text.HAL_UART_Transmit_IT
                0x000000000800879e       0x8a ./Drivers/STM32F4xx_HAL_Driver/Src/stm32f4xx_hal_uart.o
                0x000000000800879e                HAL_UART_Transmit_IT
 .text.HAL_UARTEx_ReceiveToIdle_DMA
                0x0000000008008828       0xca ./Drivers/STM32F4xx_HAL_Driver/Src/stm32f4xx_hal_uart.o
                0x0000000008008828                HAL_UARTEx_ReceiveToIdle_DMA
 *fill*         0x00000000080088f2        0x2 
 .text.HAL_UART_IRQHandler
                0x00000000080088f4      0x51c ./Drivers/STM32F4xx_HAL_Driver/Src/stm32f4xx_hal_uart.o
                0x00000000080088f4                HAL_UART_IRQHandler
 .text.HAL_UART_TxCpltCallback
                0x0000000008008e10       0x14 ./Drivers/STM32F4xx_HAL_Driver/Src/stm32f4xx_hal_uart.o
                0x0000000008008e10                HAL_UART_TxCpltCallback
 .text.HAL_UART_RxCpltCallback
                0x0000000008008e24       0x14 ./Drivers/STM32F4xx_HAL_Driver/Src/stm32f4xx_hal_uart.o
                0x0000000008008e24                HAL_UART_RxCpltCallback
 .text.HAL_UART_RxHalfCpltCallback
                0x0000000008008e38       0x14 ./Drivers/STM32F4xx_HAL_Driver/Src/stm32f4xx_hal_uart.o
                0x0000000008008e38                HAL_UART_RxHalfCpltCallback
 .text.HAL_UART_ErrorCallback
                0x0000000008008e4c       0x14 ./Drivers/STM32F4xx_HAL_Driver/Src/stm32f4xx_hal_uart.o
                0x0000000008008e4c                HAL_UART_ErrorCallback
 .text.UART_DMAReceiveCplt
                0x0000000008008e60      0x126 ./Drivers/STM32F4xx_HAL_Driver/Src/stm32f4xx_hal_uart.o
 .text.UART_DMARxHalfCplt
                0x0000000008008f86       0x36 ./Drivers/STM32F4xx_HAL_Driver/Src/stm32f4xx_hal_uart.o
 .text.UART_DMAError
                0x0000000008008fbc       0x94 ./Drivers/STM32F4xx_HAL_Driver/Src/stm32f4xx_hal_uart.o
 .text.UART_Start_Receive_DMA
                0x0000000008009050      0x13c ./Drivers/STM32F4xx_HAL_Driver/Src/stm32f4xx_hal_uart.o
                0x0000000008009050                UART_Start_Receive_DMA
 .text.UART_EndTxTransfer
                0x000000000800918c       0x50 ./Drivers/STM32F4xx_HAL_Driver/Src/stm32f4xx_hal_uart.o
 .text.UART_EndRxTransfer
                0x00000000080091dc       0xc6 ./Drivers/STM32F4xx_HAL_Driver/Src/stm32f4xx_hal_uart.o
 .text.UART_DMAAbortOnError
                0x00000000080092a2       0x28 ./Drivers/STM32F4xx_HAL_Driver/Src/stm32f4xx_hal_uart.o
 .text.UART_Transmit_IT
                0x00000000080092ca       0xa0 ./Drivers/STM32F4xx_HAL_Driver/Src/stm32f4xx_hal_uart.o
 .text.UART_EndTransmit_IT
                0x000000000800936a       0x30 ./Drivers/STM32F4xx_HAL_Driver/Src/stm32f4xx_hal_uart.o
 .text.UART_Receive_IT
                0x000000000800939a      0x176 ./Drivers/STM32F4xx_HAL_Driver/Src/stm32f4xx_hal_uart.o
 .text.UART_SetConfig
                0x0000000008009510      0x4e8 ./Drivers/STM32F4xx_HAL_Driver/Src/stm32f4xx_hal_uart.o
 .text.arm_mat_trans_f32
                0x00000000080099f8       0xb8 ../Middlewares/Third_Party/ARM_CMSIS/CMSIS/DSP/Lib/GCC\libarm_cortexM4lf_math.a(arm_mat_trans_f32.o)
                0x00000000080099f8                arm_mat_trans_f32
 .text.arm_mat_sub_f32
                0x0000000008009ab0       0xd4 ../Middlewares/Third_Party/ARM_CMSIS/CMSIS/DSP/Lib/GCC\libarm_cortexM4lf_math.a(arm_mat_sub_f32.o)
                0x0000000008009ab0                arm_mat_sub_f32
 .text.arm_mat_mult_f32
                0x0000000008009b84      0x140 ../Middlewares/Third_Party/ARM_CMSIS/CMSIS/DSP/Lib/GCC\libarm_cortexM4lf_math.a(arm_mat_mult_f32.o)
                0x0000000008009b84                arm_mat_mult_f32
 .text.arm_mat_inverse_f32
                0x0000000008009cc4      0x20c ../Middlewares/Third_Party/ARM_CMSIS/CMSIS/DSP/Lib/GCC\libarm_cortexM4lf_math.a(arm_mat_inverse_f32.o)
                0x0000000008009cc4                arm_mat_inverse_f32
 .text.arm_mat_init_f32
                0x0000000008009ed0        0x8 ../Middlewares/Third_Party/ARM_CMSIS/CMSIS/DSP/Lib/GCC\libarm_cortexM4lf_math.a(arm_mat_init_f32.o)
                0x0000000008009ed0                arm_mat_init_f32
 .text.arm_mat_add_f32
                0x0000000008009ed8       0xd4 ../Middlewares/Third_Party/ARM_CMSIS/CMSIS/DSP/Lib/GCC\libarm_cortexM4lf_math.a(arm_mat_add_f32.o)
                0x0000000008009ed8                arm_mat_add_f32
 .text.__libc_init_array
                0x0000000008009fac       0x48 c:/st/stm32cubeide_1.8.0/stm32cubeide/plugins/com.st.stm32cube.ide.mcu.externaltools.gnu-tools-for-stm32.10.3-2021.10.win32_1.0.0.202111181127/tools/bin/../lib/gcc/arm-none-eabi/10.3.1/../../../../arm-none-eabi/lib/thumb/v7e-m+fp/hard\libc_nano.a(lib_a-init.o)
                0x0000000008009fac                __libc_init_array
 .text.memcpy   0x0000000008009ff4       0x1c c:/st/stm32cubeide_1.8.0/stm32cubeide/plugins/com.st.stm32cube.ide.mcu.externaltools.gnu-tools-for-stm32.10.3-2021.10.win32_1.0.0.202111181127/tools/bin/../lib/gcc/arm-none-eabi/10.3.1/../../../../arm-none-eabi/lib/thumb/v7e-m+fp/hard\libc_nano.a(lib_a-memcpy-stub.o)
                0x0000000008009ff4                memcpy
 .text.memset   0x000000000800a010       0x10 c:/st/stm32cubeide_1.8.0/stm32cubeide/plugins/com.st.stm32cube.ide.mcu.externaltools.gnu-tools-for-stm32.10.3-2021.10.win32_1.0.0.202111181127/tools/bin/../lib/gcc/arm-none-eabi/10.3.1/../../../../arm-none-eabi/lib/thumb/v7e-m+fp/hard\libc_nano.a(lib_a-memset.o)
                0x000000000800a010                memset
 *(.glue_7)
 .glue_7        0x000000000800a020        0x0 linker stubs
 *(.glue_7t)
 .glue_7t       0x000000000800a020        0x0 linker stubs
 *(.eh_frame)
 .eh_frame      0x000000000800a020        0x0 c:/st/stm32cubeide_1.8.0/stm32cubeide/plugins/com.st.stm32cube.ide.mcu.externaltools.gnu-tools-for-stm32.10.3-2021.10.win32_1.0.0.202111181127/tools/bin/../lib/gcc/arm-none-eabi/10.3.1/thumb/v7e-m+fp/hard/crtbegin.o
 *(.init)
 .init          0x000000000800a020        0x4 c:/st/stm32cubeide_1.8.0/stm32cubeide/plugins/com.st.stm32cube.ide.mcu.externaltools.gnu-tools-for-stm32.10.3-2021.10.win32_1.0.0.202111181127/tools/bin/../lib/gcc/arm-none-eabi/10.3.1/thumb/v7e-m+fp/hard/crti.o
                0x000000000800a020                _init
 .init          0x000000000800a024        0x8 c:/st/stm32cubeide_1.8.0/stm32cubeide/plugins/com.st.stm32cube.ide.mcu.externaltools.gnu-tools-for-stm32.10.3-2021.10.win32_1.0.0.202111181127/tools/bin/../lib/gcc/arm-none-eabi/10.3.1/thumb/v7e-m+fp/hard/crtn.o
 *(.fini)
 .fini          0x000000000800a02c        0x4 c:/st/stm32cubeide_1.8.0/stm32cubeide/plugins/com.st.stm32cube.ide.mcu.externaltools.gnu-tools-for-stm32.10.3-2021.10.win32_1.0.0.202111181127/tools/bin/../lib/gcc/arm-none-eabi/10.3.1/thumb/v7e-m+fp/hard/crti.o
                0x000000000800a02c                _fini
 .fini          0x000000000800a030        0x8 c:/st/stm32cubeide_1.8.0/stm32cubeide/plugins/com.st.stm32cube.ide.mcu.externaltools.gnu-tools-for-stm32.10.3-2021.10.win32_1.0.0.202111181127/tools/bin/../lib/gcc/arm-none-eabi/10.3.1/thumb/v7e-m+fp/hard/crtn.o
                0x000000000800a038                . = ALIGN (0x4)
                0x000000000800a038                _etext = .

.vfp11_veneer   0x000000000800a038        0x0
 .vfp11_veneer  0x000000000800a038        0x0 linker stubs

.v4_bx          0x000000000800a038        0x0
 .v4_bx         0x000000000800a038        0x0 linker stubs

.iplt           0x000000000800a038        0x0
 .iplt          0x000000000800a038        0x0 c:/st/stm32cubeide_1.8.0/stm32cubeide/plugins/com.st.stm32cube.ide.mcu.externaltools.gnu-tools-for-stm32.10.3-2021.10.win32_1.0.0.202111181127/tools/bin/../lib/gcc/arm-none-eabi/10.3.1/thumb/v7e-m+fp/hard/crtbegin.o

.rodata         0x000000000800a038       0x20
                0x000000000800a038                . = ALIGN (0x4)
 *(.rodata)
 *(.rodata*)
 .rodata.AHBPrescTable
                0x000000000800a038       0x10 ./Core/Src/system_stm32f4xx.o
                0x000000000800a038                AHBPrescTable
 .rodata.APBPrescTable
                0x000000000800a048        0x8 ./Core/Src/system_stm32f4xx.o
                0x000000000800a048                APBPrescTable
 .rodata.flagBitshiftOffset.0
                0x000000000800a050        0x8 ./Drivers/STM32F4xx_HAL_Driver/Src/stm32f4xx_hal_dma.o
                0x000000000800a058                . = ALIGN (0x4)

.ARM.extab      0x000000000800a058        0x0
                0x000000000800a058                . = ALIGN (0x4)
 *(.ARM.extab* .gnu.linkonce.armextab.*)
                0x000000000800a058                . = ALIGN (0x4)

.ARM            0x000000000800a058        0x8
                0x000000000800a058                . = ALIGN (0x4)
                0x000000000800a058                __exidx_start = .
 *(.ARM.exidx*)
 .ARM.exidx     0x000000000800a058        0x8 c:/st/stm32cubeide_1.8.0/stm32cubeide/plugins/com.st.stm32cube.ide.mcu.externaltools.gnu-tools-for-stm32.10.3-2021.10.win32_1.0.0.202111181127/tools/bin/../lib/gcc/arm-none-eabi/10.3.1/thumb/v7e-m+fp/hard\libgcc.a(_udivmoddi4.o)
                0x000000000800a060                __exidx_end = .
                0x000000000800a060                . = ALIGN (0x4)

.rel.dyn        0x000000000800a060        0x0
 .rel.iplt      0x000000000800a060        0x0 c:/st/stm32cubeide_1.8.0/stm32cubeide/plugins/com.st.stm32cube.ide.mcu.externaltools.gnu-tools-for-stm32.10.3-2021.10.win32_1.0.0.202111181127/tools/bin/../lib/gcc/arm-none-eabi/10.3.1/thumb/v7e-m+fp/hard/crtbegin.o

.preinit_array  0x000000000800a060        0x0
                0x000000000800a060                . = ALIGN (0x4)
                0x000000000800a060                PROVIDE (__preinit_array_start = .)
 *(.preinit_array*)
                0x000000000800a060                PROVIDE (__preinit_array_end = .)
                0x000000000800a060                . = ALIGN (0x4)

.init_array     0x000000000800a060        0x4
                0x000000000800a060                . = ALIGN (0x4)
                0x000000000800a060                PROVIDE (__init_array_start = .)
 *(SORT_BY_NAME(.init_array.*))
 *(.init_array*)
 .init_array    0x000000000800a060        0x4 c:/st/stm32cubeide_1.8.0/stm32cubeide/plugins/com.st.stm32cube.ide.mcu.externaltools.gnu-tools-for-stm32.10.3-2021.10.win32_1.0.0.202111181127/tools/bin/../lib/gcc/arm-none-eabi/10.3.1/thumb/v7e-m+fp/hard/crtbegin.o
                0x000000000800a064                PROVIDE (__init_array_end = .)
                0x000000000800a064                . = ALIGN (0x4)

.fini_array     0x000000000800a064        0x4
                0x000000000800a064                . = ALIGN (0x4)
                [!provide]                        PROVIDE (__fini_array_start = .)
 *(SORT_BY_NAME(.fini_array.*))
 *(.fini_array*)
 .fini_array    0x000000000800a064        0x4 c:/st/stm32cubeide_1.8.0/stm32cubeide/plugins/com.st.stm32cube.ide.mcu.externaltools.gnu-tools-for-stm32.10.3-2021.10.win32_1.0.0.202111181127/tools/bin/../lib/gcc/arm-none-eabi/10.3.1/thumb/v7e-m+fp/hard/crtbegin.o
                [!provide]                        PROVIDE (__fini_array_end = .)
                0x000000000800a068                . = ALIGN (0x4)
                0x000000000800a068                _sidata = LOADADDR (.data)

.data           0x0000000020000000      0x44c load address 0x000000000800a068
                0x0000000020000000                . = ALIGN (0x4)
                0x0000000020000000                _sdata = .
 *(.data)
 *(.data*)
 .data.ACK_1    0x0000000020000000        0x2 ./Core/Src/main.o
                0x0000000020000000                ACK_1
 *fill*         0x0000000020000002        0x2 
 .data.ACK_2    0x0000000020000004        0x2 ./Core/Src/main.o
                0x0000000020000004                ACK_2
 .data.MainState
                0x0000000020000006        0x1 ./Core/Src/main.o
                0x0000000020000006                MainState
 *fill*         0x0000000020000007        0x1 
 .data.KalmanVar
                0x0000000020000008      0x318 ./Core/Src/main.o
                0x0000000020000008                KalmanVar
 .data.PidVelo  0x0000000020000320       0x34 ./Core/Src/main.o
                0x0000000020000320                PidVelo
 .data.PidPos   0x0000000020000354       0x34 ./Core/Src/main.o
                0x0000000020000354                PidPos
 .data.traject  0x0000000020000388       0xb4 ./Core/Src/main.o
                0x0000000020000388                traject
 .data.SignalThreshold.0
                0x000000002000043c        0x4 ./Core/Src/main.o
 .data.SystemCoreClock
                0x0000000020000440        0x4 ./Core/Src/system_stm32f4xx.o
                0x0000000020000440                SystemCoreClock
 .data.uwTickPrio
                0x0000000020000444        0x4 ./Drivers/STM32F4xx_HAL_Driver/Src/stm32f4xx_hal.o
                0x0000000020000444                uwTickPrio
 .data.uwTickFreq
                0x0000000020000448        0x1 ./Drivers/STM32F4xx_HAL_Driver/Src/stm32f4xx_hal.o
                0x0000000020000448                uwTickFreq
 *(.RamFunc)
 *(.RamFunc*)
                0x000000002000044c                . = ALIGN (0x4)
 *fill*         0x0000000020000449        0x3 
                0x000000002000044c                _edata = .

.igot.plt       0x000000002000044c        0x0 load address 0x000000000800a4b4
 .igot.plt      0x000000002000044c        0x0 c:/st/stm32cubeide_1.8.0/stm32cubeide/plugins/com.st.stm32cube.ide.mcu.externaltools.gnu-tools-for-stm32.10.3-2021.10.win32_1.0.0.202111181127/tools/bin/../lib/gcc/arm-none-eabi/10.3.1/thumb/v7e-m+fp/hard/crtbegin.o
                0x000000002000044c                . = ALIGN (0x4)

.bss            0x0000000020000450      0x340 load address 0x000000000800a4b4
                0x0000000020000450                _sbss = .
                0x0000000020000450                __bss_start__ = _sbss
 *(.bss)
 .bss           0x0000000020000450       0x1c c:/st/stm32cubeide_1.8.0/stm32cubeide/plugins/com.st.stm32cube.ide.mcu.externaltools.gnu-tools-for-stm32.10.3-2021.10.win32_1.0.0.202111181127/tools/bin/../lib/gcc/arm-none-eabi/10.3.1/thumb/v7e-m+fp/hard/crtbegin.o
 *(.bss*)
 .bss.t.0       0x000000002000046c        0x4 ./Core/Src/Trajectory.o
 .bss.hi2c1     0x0000000020000470       0x54 ./Core/Src/main.o
                0x0000000020000470                hi2c1
 .bss.htim1     0x00000000200004c4       0x48 ./Core/Src/main.o
                0x00000000200004c4                htim1
 .bss.htim2     0x000000002000050c       0x48 ./Core/Src/main.o
                0x000000002000050c                htim2
 .bss.htim3     0x0000000020000554       0x48 ./Core/Src/main.o
                0x0000000020000554                htim3
 .bss.htim4     0x000000002000059c       0x48 ./Core/Src/main.o
                0x000000002000059c                htim4
 .bss.htim11    0x00000000200005e4       0x48 ./Core/Src/main.o
                0x00000000200005e4                htim11
 .bss.huart2    0x000000002000062c       0x44 ./Core/Src/main.o
                0x000000002000062c                huart2
 .bss.hdma_usart2_rx
                0x0000000020000670       0x60 ./Core/Src/main.o
                0x0000000020000670                hdma_usart2_rx
 .bss.RxBuf     0x00000000200006d0       0x14 ./Core/Src/main.o
                0x00000000200006d0                RxBuf
 .bss.MainBuf   0x00000000200006e4       0x28 ./Core/Src/main.o
                0x00000000200006e4                MainBuf
 .bss.oldPos    0x000000002000070c        0x2 ./Core/Src/main.o
                0x000000002000070c                oldPos
 .bss.newPos    0x000000002000070e        0x2 ./Core/Src/main.o
                0x000000002000070e                newPos
 .bss.Head      0x0000000020000710        0x2 ./Core/Src/main.o
                0x0000000020000710                Head
 .bss.Tail      0x0000000020000712        0x2 ./Core/Src/main.o
                0x0000000020000712                Tail
 .bss.TIMEOUT   0x0000000020000714        0x4 ./Core/Src/main.o
                0x0000000020000714                TIMEOUT
 .bss.sendData  0x0000000020000718        0x6 ./Core/Src/main.o
                0x0000000020000718                sendData
 .bss.goalData  0x000000002000071e        0x1 ./Core/Src/main.o
                0x000000002000071e                goalData
 *fill*         0x000000002000071f        0x1 
 .bss.posData   0x0000000020000720        0x2 ./Core/Src/main.o
                0x0000000020000720                posData
 .bss.veloData  0x0000000020000722        0x2 ./Core/Src/main.o
                0x0000000020000722                veloData
 .bss.uartVelo  0x0000000020000724        0x2 ./Core/Src/main.o
                0x0000000020000724                uartVelo
 .bss.uartPos   0x0000000020000726        0x2 ./Core/Src/main.o
                0x0000000020000726                uartPos
 .bss.runningFlag
                0x0000000020000728        0x1 ./Core/Src/main.o
                0x0000000020000728                runningFlag
 .bss.homingFlag
                0x0000000020000729        0x1 ./Core/Src/main.o
                0x0000000020000729                homingFlag
 .bss.endEffFlag
                0x000000002000072a        0x1 ./Core/Src/main.o
                0x000000002000072a                endEffFlag
 .bss.modeNo    0x000000002000072b        0x1 ./Core/Src/main.o
                0x000000002000072b                modeNo
 *fill*         0x000000002000072c        0x4 
 .bss._micro    0x0000000020000730        0x8 ./Core/Src/main.o
                0x0000000020000730                _micro
 .bss.EncoderRawData
                0x0000000020000738        0x8 ./Core/Src/main.o
                0x0000000020000738                EncoderRawData
 .bss.WrappingStep
                0x0000000020000740        0x4 ./Core/Src/main.o
                0x0000000020000740                WrappingStep
 .bss.PositionRaw
                0x0000000020000744        0x4 ./Core/Src/main.o
                0x0000000020000744                PositionRaw
 .bss.PositionDeg
                0x0000000020000748        0x8 ./Core/Src/main.o
                0x0000000020000748                PositionDeg
 .bss.VelocityDeg
                0x0000000020000750        0x4 ./Core/Src/main.o
                0x0000000020000750                VelocityDeg
 .bss.PWMCHECKER
                0x0000000020000754        0x4 ./Core/Src/main.o
                0x0000000020000754                PWMCHECKER
 .bss.flagT     0x0000000020000758        0x1 ./Core/Src/main.o
                0x0000000020000758                flagT
 *fill*         0x0000000020000759        0x7 
 .bss.StartTime
                0x0000000020000760        0x8 ./Core/Src/main.o
 .bss.CurrentTime
                0x0000000020000768        0x8 ./Core/Src/main.o
 .bss.CheckLoopStartTime
                0x0000000020000770        0x8 ./Core/Src/main.o
 .bss.CheckLoopStopTime
                0x0000000020000778        0x8 ./Core/Src/main.o
 .bss.CheckLoopDiffTime
                0x0000000020000780        0x8 ./Core/Src/main.o
 .bss.btncheck  0x0000000020000788        0x1 ./Core/Src/main.o
 *fill*         0x0000000020000789        0x3 
 .bss.uwTick    0x000000002000078c        0x4 ./Drivers/STM32F4xx_HAL_Driver/Src/stm32f4xx_hal.o
                0x000000002000078c                uwTick
 *(COMMON)
                0x0000000020000790                . = ALIGN (0x4)
                0x0000000020000790                _ebss = .
                0x0000000020000790                __bss_end__ = _ebss

._user_heap_stack
                0x0000000020000790      0x600 load address 0x000000000800a4b4
                0x0000000020000790                . = ALIGN (0x8)
                [!provide]                        PROVIDE (end = .)
                0x0000000020000790                PROVIDE (_end = .)
                0x0000000020000990                . = (. + _Min_Heap_Size)
 *fill*         0x0000000020000790      0x200 
                0x0000000020000d90                . = (. + _Min_Stack_Size)
 *fill*         0x0000000020000990      0x400 
                0x0000000020000d90                . = ALIGN (0x8)

/DISCARD/
 libc.a(*)
 libm.a(*)
 libgcc.a(*)

.ARM.attributes
                0x0000000000000000       0x30
 *(.ARM.attributes)
 .ARM.attributes
                0x0000000000000000       0x1e c:/st/stm32cubeide_1.8.0/stm32cubeide/plugins/com.st.stm32cube.ide.mcu.externaltools.gnu-tools-for-stm32.10.3-2021.10.win32_1.0.0.202111181127/tools/bin/../lib/gcc/arm-none-eabi/10.3.1/thumb/v7e-m+fp/hard/crti.o
 .ARM.attributes
                0x000000000000001e       0x34 c:/st/stm32cubeide_1.8.0/stm32cubeide/plugins/com.st.stm32cube.ide.mcu.externaltools.gnu-tools-for-stm32.10.3-2021.10.win32_1.0.0.202111181127/tools/bin/../lib/gcc/arm-none-eabi/10.3.1/thumb/v7e-m+fp/hard/crtbegin.o
 .ARM.attributes
                0x0000000000000052       0x34 ./Core/Src/Kalman.o
 .ARM.attributes
                0x0000000000000086       0x34 ./Core/Src/PIDVelocity.o
 .ARM.attributes
                0x00000000000000ba       0x34 ./Core/Src/Trajectory.o
 .ARM.attributes
                0x00000000000000ee       0x34 ./Core/Src/main.o
 .ARM.attributes
                0x0000000000000122       0x34 ./Core/Src/stm32f4xx_hal_msp.o
 .ARM.attributes
                0x0000000000000156       0x34 ./Core/Src/stm32f4xx_it.o
 .ARM.attributes
                0x000000000000018a       0x34 ./Core/Src/system_stm32f4xx.o
 .ARM.attributes
                0x00000000000001be       0x21 ./Core/Startup/startup_stm32f411retx.o
 .ARM.attributes
                0x00000000000001df       0x34 ./Drivers/STM32F4xx_HAL_Driver/Src/stm32f4xx_hal.o
 .ARM.attributes
                0x0000000000000213       0x34 ./Drivers/STM32F4xx_HAL_Driver/Src/stm32f4xx_hal_cortex.o
 .ARM.attributes
                0x0000000000000247       0x34 ./Drivers/STM32F4xx_HAL_Driver/Src/stm32f4xx_hal_dma.o
 .ARM.attributes
                0x000000000000027b       0x34 ./Drivers/STM32F4xx_HAL_Driver/Src/stm32f4xx_hal_gpio.o
 .ARM.attributes
                0x00000000000002af       0x34 ./Drivers/STM32F4xx_HAL_Driver/Src/stm32f4xx_hal_i2c.o
 .ARM.attributes
                0x00000000000002e3       0x34 ./Drivers/STM32F4xx_HAL_Driver/Src/stm32f4xx_hal_rcc.o
 .ARM.attributes
                0x0000000000000317       0x34 ./Drivers/STM32F4xx_HAL_Driver/Src/stm32f4xx_hal_tim.o
 .ARM.attributes
                0x000000000000034b       0x34 ./Drivers/STM32F4xx_HAL_Driver/Src/stm32f4xx_hal_tim_ex.o
 .ARM.attributes
                0x000000000000037f       0x34 ./Drivers/STM32F4xx_HAL_Driver/Src/stm32f4xx_hal_uart.o
 .ARM.attributes
                0x00000000000003b3       0x34 ../Middlewares/Third_Party/ARM_CMSIS/CMSIS/DSP/Lib/GCC\libarm_cortexM4lf_math.a(arm_mat_trans_f32.o)
 .ARM.attributes
                0x00000000000003e7       0x34 ../Middlewares/Third_Party/ARM_CMSIS/CMSIS/DSP/Lib/GCC\libarm_cortexM4lf_math.a(arm_mat_sub_f32.o)
 .ARM.attributes
                0x000000000000041b       0x34 ../Middlewares/Third_Party/ARM_CMSIS/CMSIS/DSP/Lib/GCC\libarm_cortexM4lf_math.a(arm_mat_mult_f32.o)
 .ARM.attributes
                0x000000000000044f       0x34 ../Middlewares/Third_Party/ARM_CMSIS/CMSIS/DSP/Lib/GCC\libarm_cortexM4lf_math.a(arm_mat_inverse_f32.o)
 .ARM.attributes
                0x0000000000000483       0x34 ../Middlewares/Third_Party/ARM_CMSIS/CMSIS/DSP/Lib/GCC\libarm_cortexM4lf_math.a(arm_mat_init_f32.o)
 .ARM.attributes
                0x00000000000004b7       0x34 ../Middlewares/Third_Party/ARM_CMSIS/CMSIS/DSP/Lib/GCC\libarm_cortexM4lf_math.a(arm_mat_add_f32.o)
 .ARM.attributes
                0x00000000000004eb       0x34 c:/st/stm32cubeide_1.8.0/stm32cubeide/plugins/com.st.stm32cube.ide.mcu.externaltools.gnu-tools-for-stm32.10.3-2021.10.win32_1.0.0.202111181127/tools/bin/../lib/gcc/arm-none-eabi/10.3.1/../../../../arm-none-eabi/lib/thumb/v7e-m+fp/hard\libc_nano.a(lib_a-init.o)
 .ARM.attributes
                0x000000000000051f       0x34 c:/st/stm32cubeide_1.8.0/stm32cubeide/plugins/com.st.stm32cube.ide.mcu.externaltools.gnu-tools-for-stm32.10.3-2021.10.win32_1.0.0.202111181127/tools/bin/../lib/gcc/arm-none-eabi/10.3.1/../../../../arm-none-eabi/lib/thumb/v7e-m+fp/hard\libc_nano.a(lib_a-memcpy-stub.o)
 .ARM.attributes
                0x0000000000000553       0x34 c:/st/stm32cubeide_1.8.0/stm32cubeide/plugins/com.st.stm32cube.ide.mcu.externaltools.gnu-tools-for-stm32.10.3-2021.10.win32_1.0.0.202111181127/tools/bin/../lib/gcc/arm-none-eabi/10.3.1/../../../../arm-none-eabi/lib/thumb/v7e-m+fp/hard\libc_nano.a(lib_a-memset.o)
 .ARM.attributes
                0x0000000000000587       0x1e c:/st/stm32cubeide_1.8.0/stm32cubeide/plugins/com.st.stm32cube.ide.mcu.externaltools.gnu-tools-for-stm32.10.3-2021.10.win32_1.0.0.202111181127/tools/bin/../lib/gcc/arm-none-eabi/10.3.1/thumb/v7e-m+fp/hard\libgcc.a(_arm_addsubdf3.o)
 .ARM.attributes
                0x00000000000005a5       0x1e c:/st/stm32cubeide_1.8.0/stm32cubeide/plugins/com.st.stm32cube.ide.mcu.externaltools.gnu-tools-for-stm32.10.3-2021.10.win32_1.0.0.202111181127/tools/bin/../lib/gcc/arm-none-eabi/10.3.1/thumb/v7e-m+fp/hard\libgcc.a(_arm_muldivdf3.o)
 .ARM.attributes
                0x00000000000005c3       0x1e c:/st/stm32cubeide_1.8.0/stm32cubeide/plugins/com.st.stm32cube.ide.mcu.externaltools.gnu-tools-for-stm32.10.3-2021.10.win32_1.0.0.202111181127/tools/bin/../lib/gcc/arm-none-eabi/10.3.1/thumb/v7e-m+fp/hard\libgcc.a(_arm_truncdfsf2.o)
 .ARM.attributes
                0x00000000000005e1       0x1e c:/st/stm32cubeide_1.8.0/stm32cubeide/plugins/com.st.stm32cube.ide.mcu.externaltools.gnu-tools-for-stm32.10.3-2021.10.win32_1.0.0.202111181127/tools/bin/../lib/gcc/arm-none-eabi/10.3.1/thumb/v7e-m+fp/hard\libgcc.a(_aeabi_uldivmod.o)
 .ARM.attributes
                0x00000000000005ff       0x34 c:/st/stm32cubeide_1.8.0/stm32cubeide/plugins/com.st.stm32cube.ide.mcu.externaltools.gnu-tools-for-stm32.10.3-2021.10.win32_1.0.0.202111181127/tools/bin/../lib/gcc/arm-none-eabi/10.3.1/thumb/v7e-m+fp/hard\libgcc.a(_udivmoddi4.o)
 .ARM.attributes
                0x0000000000000633       0x1e c:/st/stm32cubeide_1.8.0/stm32cubeide/plugins/com.st.stm32cube.ide.mcu.externaltools.gnu-tools-for-stm32.10.3-2021.10.win32_1.0.0.202111181127/tools/bin/../lib/gcc/arm-none-eabi/10.3.1/thumb/v7e-m+fp/hard\libgcc.a(_dvmd_tls.o)
 .ARM.attributes
                0x0000000000000651       0x1e c:/st/stm32cubeide_1.8.0/stm32cubeide/plugins/com.st.stm32cube.ide.mcu.externaltools.gnu-tools-for-stm32.10.3-2021.10.win32_1.0.0.202111181127/tools/bin/../lib/gcc/arm-none-eabi/10.3.1/thumb/v7e-m+fp/hard/crtn.o
OUTPUT(FRA262.elf elf32-littlearm)
LOAD linker stubs
LOAD c:/st/stm32cubeide_1.8.0/stm32cubeide/plugins/com.st.stm32cube.ide.mcu.externaltools.gnu-tools-for-stm32.10.3-2021.10.win32_1.0.0.202111181127/tools/bin/../lib/gcc/arm-none-eabi/10.3.1/../../../../arm-none-eabi/lib/thumb/v7e-m+fp/hard\libc.a
LOAD c:/st/stm32cubeide_1.8.0/stm32cubeide/plugins/com.st.stm32cube.ide.mcu.externaltools.gnu-tools-for-stm32.10.3-2021.10.win32_1.0.0.202111181127/tools/bin/../lib/gcc/arm-none-eabi/10.3.1/../../../../arm-none-eabi/lib/thumb/v7e-m+fp/hard\libm.a
LOAD c:/st/stm32cubeide_1.8.0/stm32cubeide/plugins/com.st.stm32cube.ide.mcu.externaltools.gnu-tools-for-stm32.10.3-2021.10.win32_1.0.0.202111181127/tools/bin/../lib/gcc/arm-none-eabi/10.3.1/thumb/v7e-m+fp/hard\libgcc.a

.debug_info     0x0000000000000000    0x16d5d
 .debug_info    0x0000000000000000      0x613 ./Core/Src/Kalman.o
 .debug_info    0x0000000000000613      0x1d7 ./Core/Src/PIDVelocity.o
 .debug_info    0x00000000000007ea      0x262 ./Core/Src/Trajectory.o
 .debug_info    0x0000000000000a4c     0x27be ./Core/Src/main.o
 .debug_info    0x000000000000320a     0x1485 ./Core/Src/stm32f4xx_hal_msp.o
 .debug_info    0x000000000000468f      0xdc0 ./Core/Src/stm32f4xx_it.o
 .debug_info    0x000000000000544f      0x54f ./Core/Src/system_stm32f4xx.o
 .debug_info    0x000000000000599e       0x22 ./Core/Startup/startup_stm32f411retx.o
 .debug_info    0x00000000000059c0      0x90d ./Drivers/STM32F4xx_HAL_Driver/Src/stm32f4xx_hal.o
 .debug_info    0x00000000000062cd      0xd8b ./Drivers/STM32F4xx_HAL_Driver/Src/stm32f4xx_hal_cortex.o
 .debug_info    0x0000000000007058      0x947 ./Drivers/STM32F4xx_HAL_Driver/Src/stm32f4xx_hal_dma.o
 .debug_info    0x000000000000799f      0x78e ./Drivers/STM32F4xx_HAL_Driver/Src/stm32f4xx_hal_gpio.o
 .debug_info    0x000000000000812d     0x260f ./Drivers/STM32F4xx_HAL_Driver/Src/stm32f4xx_hal_i2c.o
 .debug_info    0x000000000000a73c      0x98d ./Drivers/STM32F4xx_HAL_Driver/Src/stm32f4xx_hal_rcc.o
 .debug_info    0x000000000000b0c9     0x2bb6 ./Drivers/STM32F4xx_HAL_Driver/Src/stm32f4xx_hal_tim.o
 .debug_info    0x000000000000dc7f     0x15d8 ./Drivers/STM32F4xx_HAL_Driver/Src/stm32f4xx_hal_tim_ex.o
 .debug_info    0x000000000000f257     0x31b4 ./Drivers/STM32F4xx_HAL_Driver/Src/stm32f4xx_hal_uart.o
 .debug_info    0x000000000001240b      0xc1e ../Middlewares/Third_Party/ARM_CMSIS/CMSIS/DSP/Lib/GCC\libarm_cortexM4lf_math.a(arm_mat_trans_f32.o)
 .debug_info    0x0000000000013029      0xbf9 ../Middlewares/Third_Party/ARM_CMSIS/CMSIS/DSP/Lib/GCC\libarm_cortexM4lf_math.a(arm_mat_sub_f32.o)
 .debug_info    0x0000000000013c22      0xcb5 ../Middlewares/Third_Party/ARM_CMSIS/CMSIS/DSP/Lib/GCC\libarm_cortexM4lf_math.a(arm_mat_mult_f32.o)
 .debug_info    0x00000000000148d7      0xd81 ../Middlewares/Third_Party/ARM_CMSIS/CMSIS/DSP/Lib/GCC\libarm_cortexM4lf_math.a(arm_mat_inverse_f32.o)
 .debug_info    0x0000000000015658      0xb0c ../Middlewares/Third_Party/ARM_CMSIS/CMSIS/DSP/Lib/GCC\libarm_cortexM4lf_math.a(arm_mat_init_f32.o)
 .debug_info    0x0000000000016164      0xbf9 ../Middlewares/Third_Party/ARM_CMSIS/CMSIS/DSP/Lib/GCC\libarm_cortexM4lf_math.a(arm_mat_add_f32.o)

.debug_abbrev   0x0000000000000000     0x2ee6
 .debug_abbrev  0x0000000000000000      0x15d ./Core/Src/Kalman.o
 .debug_abbrev  0x000000000000015d       0xd0 ./Core/Src/PIDVelocity.o
 .debug_abbrev  0x000000000000022d       0xf3 ./Core/Src/Trajectory.o
 .debug_abbrev  0x0000000000000320      0x370 ./Core/Src/main.o
 .debug_abbrev  0x0000000000000690      0x263 ./Core/Src/stm32f4xx_hal_msp.o
 .debug_abbrev  0x00000000000008f3      0x1cb ./Core/Src/stm32f4xx_it.o
 .debug_abbrev  0x0000000000000abe      0x116 ./Core/Src/system_stm32f4xx.o
 .debug_abbrev  0x0000000000000bd4       0x12 ./Core/Startup/startup_stm32f411retx.o
 .debug_abbrev  0x0000000000000be6      0x23e ./Drivers/STM32F4xx_HAL_Driver/Src/stm32f4xx_hal.o
 .debug_abbrev  0x0000000000000e24      0x316 ./Drivers/STM32F4xx_HAL_Driver/Src/stm32f4xx_hal_cortex.o
 .debug_abbrev  0x000000000000113a      0x21b ./Drivers/STM32F4xx_HAL_Driver/Src/stm32f4xx_hal_dma.o
 .debug_abbrev  0x0000000000001355      0x1c4 ./Drivers/STM32F4xx_HAL_Driver/Src/stm32f4xx_hal_gpio.o
 .debug_abbrev  0x0000000000001519      0x2a8 ./Drivers/STM32F4xx_HAL_Driver/Src/stm32f4xx_hal_i2c.o
 .debug_abbrev  0x00000000000017c1      0x2aa ./Drivers/STM32F4xx_HAL_Driver/Src/stm32f4xx_hal_rcc.o
 .debug_abbrev  0x0000000000001a6b      0x26e ./Drivers/STM32F4xx_HAL_Driver/Src/stm32f4xx_hal_tim.o
 .debug_abbrev  0x0000000000001cd9      0x276 ./Drivers/STM32F4xx_HAL_Driver/Src/stm32f4xx_hal_tim_ex.o
 .debug_abbrev  0x0000000000001f4f      0x305 ./Drivers/STM32F4xx_HAL_Driver/Src/stm32f4xx_hal_uart.o
 .debug_abbrev  0x0000000000002254      0x216 ../Middlewares/Third_Party/ARM_CMSIS/CMSIS/DSP/Lib/GCC\libarm_cortexM4lf_math.a(arm_mat_trans_f32.o)
 .debug_abbrev  0x000000000000246a      0x202 ../Middlewares/Third_Party/ARM_CMSIS/CMSIS/DSP/Lib/GCC\libarm_cortexM4lf_math.a(arm_mat_sub_f32.o)
 .debug_abbrev  0x000000000000266c      0x225 ../Middlewares/Third_Party/ARM_CMSIS/CMSIS/DSP/Lib/GCC\libarm_cortexM4lf_math.a(arm_mat_mult_f32.o)
 .debug_abbrev  0x0000000000002891      0x26c ../Middlewares/Third_Party/ARM_CMSIS/CMSIS/DSP/Lib/GCC\libarm_cortexM4lf_math.a(arm_mat_inverse_f32.o)
 .debug_abbrev  0x0000000000002afd      0x1e7 ../Middlewares/Third_Party/ARM_CMSIS/CMSIS/DSP/Lib/GCC\libarm_cortexM4lf_math.a(arm_mat_init_f32.o)
 .debug_abbrev  0x0000000000002ce4      0x202 ../Middlewares/Third_Party/ARM_CMSIS/CMSIS/DSP/Lib/GCC\libarm_cortexM4lf_math.a(arm_mat_add_f32.o)

.debug_aranges  0x0000000000000000     0x10e8
 .debug_aranges
                0x0000000000000000       0x28 ./Core/Src/Kalman.o
 .debug_aranges
                0x0000000000000028       0x28 ./Core/Src/PIDVelocity.o
 .debug_aranges
                0x0000000000000050       0x30 ./Core/Src/Trajectory.o
 .debug_aranges
                0x0000000000000080       0xe8 ./Core/Src/main.o
 .debug_aranges
                0x0000000000000168       0x78 ./Core/Src/stm32f4xx_hal_msp.o
 .debug_aranges
                0x00000000000001e0       0xa8 ./Core/Src/stm32f4xx_it.o
 .debug_aranges
                0x0000000000000288       0x28 ./Core/Src/system_stm32f4xx.o
 .debug_aranges
                0x00000000000002b0       0x28 ./Core/Startup/startup_stm32f411retx.o
 .debug_aranges
                0x00000000000002d8       0xf0 ./Drivers/STM32F4xx_HAL_Driver/Src/stm32f4xx_hal.o
 .debug_aranges
                0x00000000000003c8      0x118 ./Drivers/STM32F4xx_HAL_Driver/Src/stm32f4xx_hal_cortex.o
 .debug_aranges
                0x00000000000004e0       0x90 ./Drivers/STM32F4xx_HAL_Driver/Src/stm32f4xx_hal_dma.o
 .debug_aranges
                0x0000000000000570       0x58 ./Drivers/STM32F4xx_HAL_Driver/Src/stm32f4xx_hal_gpio.o
 .debug_aranges
                0x00000000000005c8      0x2a0 ./Drivers/STM32F4xx_HAL_Driver/Src/stm32f4xx_hal_i2c.o
 .debug_aranges
                0x0000000000000868       0x88 ./Drivers/STM32F4xx_HAL_Driver/Src/stm32f4xx_hal_rcc.o
 .debug_aranges
                0x00000000000008f0      0x3d0 ./Drivers/STM32F4xx_HAL_Driver/Src/stm32f4xx_hal_tim.o
 .debug_aranges
                0x0000000000000cc0      0x168 ./Drivers/STM32F4xx_HAL_Driver/Src/stm32f4xx_hal_tim_ex.o
 .debug_aranges
                0x0000000000000e28      0x200 ./Drivers/STM32F4xx_HAL_Driver/Src/stm32f4xx_hal_uart.o
 .debug_aranges
                0x0000000000001028       0x20 ../Middlewares/Third_Party/ARM_CMSIS/CMSIS/DSP/Lib/GCC\libarm_cortexM4lf_math.a(arm_mat_trans_f32.o)
 .debug_aranges
                0x0000000000001048       0x20 ../Middlewares/Third_Party/ARM_CMSIS/CMSIS/DSP/Lib/GCC\libarm_cortexM4lf_math.a(arm_mat_sub_f32.o)
 .debug_aranges
                0x0000000000001068       0x20 ../Middlewares/Third_Party/ARM_CMSIS/CMSIS/DSP/Lib/GCC\libarm_cortexM4lf_math.a(arm_mat_mult_f32.o)
 .debug_aranges
                0x0000000000001088       0x20 ../Middlewares/Third_Party/ARM_CMSIS/CMSIS/DSP/Lib/GCC\libarm_cortexM4lf_math.a(arm_mat_inverse_f32.o)
 .debug_aranges
                0x00000000000010a8       0x20 ../Middlewares/Third_Party/ARM_CMSIS/CMSIS/DSP/Lib/GCC\libarm_cortexM4lf_math.a(arm_mat_init_f32.o)
 .debug_aranges
                0x00000000000010c8       0x20 ../Middlewares/Third_Party/ARM_CMSIS/CMSIS/DSP/Lib/GCC\libarm_cortexM4lf_math.a(arm_mat_add_f32.o)

.debug_ranges   0x0000000000000000      0xfc8
 .debug_ranges  0x0000000000000000       0x18 ./Core/Src/Kalman.o
 .debug_ranges  0x0000000000000018       0x18 ./Core/Src/PIDVelocity.o
 .debug_ranges  0x0000000000000030       0x20 ./Core/Src/Trajectory.o
 .debug_ranges  0x0000000000000050       0xd8 ./Core/Src/main.o
 .debug_ranges  0x0000000000000128       0x68 ./Core/Src/stm32f4xx_hal_msp.o
 .debug_ranges  0x0000000000000190       0x98 ./Core/Src/stm32f4xx_it.o
 .debug_ranges  0x0000000000000228       0x18 ./Core/Src/system_stm32f4xx.o
 .debug_ranges  0x0000000000000240       0x20 ./Core/Startup/startup_stm32f411retx.o
 .debug_ranges  0x0000000000000260       0xe0 ./Drivers/STM32F4xx_HAL_Driver/Src/stm32f4xx_hal.o
 .debug_ranges  0x0000000000000340      0x108 ./Drivers/STM32F4xx_HAL_Driver/Src/stm32f4xx_hal_cortex.o
 .debug_ranges  0x0000000000000448       0x80 ./Drivers/STM32F4xx_HAL_Driver/Src/stm32f4xx_hal_dma.o
 .debug_ranges  0x00000000000004c8       0x48 ./Drivers/STM32F4xx_HAL_Driver/Src/stm32f4xx_hal_gpio.o
 .debug_ranges  0x0000000000000510      0x2a8 ./Drivers/STM32F4xx_HAL_Driver/Src/stm32f4xx_hal_i2c.o
 .debug_ranges  0x00000000000007b8       0x78 ./Drivers/STM32F4xx_HAL_Driver/Src/stm32f4xx_hal_rcc.o
 .debug_ranges  0x0000000000000830      0x3c0 ./Drivers/STM32F4xx_HAL_Driver/Src/stm32f4xx_hal_tim.o
 .debug_ranges  0x0000000000000bf0      0x158 ./Drivers/STM32F4xx_HAL_Driver/Src/stm32f4xx_hal_tim_ex.o
 .debug_ranges  0x0000000000000d48      0x220 ./Drivers/STM32F4xx_HAL_Driver/Src/stm32f4xx_hal_uart.o
 .debug_ranges  0x0000000000000f68       0x10 ../Middlewares/Third_Party/ARM_CMSIS/CMSIS/DSP/Lib/GCC\libarm_cortexM4lf_math.a(arm_mat_trans_f32.o)
 .debug_ranges  0x0000000000000f78       0x10 ../Middlewares/Third_Party/ARM_CMSIS/CMSIS/DSP/Lib/GCC\libarm_cortexM4lf_math.a(arm_mat_sub_f32.o)
 .debug_ranges  0x0000000000000f88       0x10 ../Middlewares/Third_Party/ARM_CMSIS/CMSIS/DSP/Lib/GCC\libarm_cortexM4lf_math.a(arm_mat_mult_f32.o)
 .debug_ranges  0x0000000000000f98       0x10 ../Middlewares/Third_Party/ARM_CMSIS/CMSIS/DSP/Lib/GCC\libarm_cortexM4lf_math.a(arm_mat_inverse_f32.o)
 .debug_ranges  0x0000000000000fa8       0x10 ../Middlewares/Third_Party/ARM_CMSIS/CMSIS/DSP/Lib/GCC\libarm_cortexM4lf_math.a(arm_mat_init_f32.o)
 .debug_ranges  0x0000000000000fb8       0x10 ../Middlewares/Third_Party/ARM_CMSIS/CMSIS/DSP/Lib/GCC\libarm_cortexM4lf_math.a(arm_mat_add_f32.o)

.debug_macro    0x0000000000000000    0x17687
 .debug_macro   0x0000000000000000      0x302 ./Core/Src/Kalman.o
 .debug_macro   0x0000000000000302      0xa78 ./Core/Src/Kalman.o
 .debug_macro   0x0000000000000d7a      0x2a1 ./Core/Src/Kalman.o
 .debug_macro   0x000000000000101b       0x2e ./Core/Src/Kalman.o
 .debug_macro   0x0000000000001049       0x28 ./Core/Src/Kalman.o
 .debug_macro   0x0000000000001071       0x22 ./Core/Src/Kalman.o
 .debug_macro   0x0000000000001093       0x8e ./Core/Src/Kalman.o
 .debug_macro   0x0000000000001121       0x51 ./Core/Src/Kalman.o
 .debug_macro   0x0000000000001172      0x103 ./Core/Src/Kalman.o
 .debug_macro   0x0000000000001275       0x6a ./Core/Src/Kalman.o
 .debug_macro   0x00000000000012df      0x1df ./Core/Src/Kalman.o
 .debug_macro   0x00000000000014be       0x1c ./Core/Src/Kalman.o
 .debug_macro   0x00000000000014da       0x22 ./Core/Src/Kalman.o
 .debug_macro   0x00000000000014fc       0xd9 ./Core/Src/Kalman.o
 .debug_macro   0x00000000000015d5     0x102d ./Core/Src/Kalman.o
 .debug_macro   0x0000000000002602      0x11f ./Core/Src/Kalman.o
 .debug_macro   0x0000000000002721     0xb953 ./Core/Src/Kalman.o
 .debug_macro   0x000000000000e074       0x6d ./Core/Src/Kalman.o
 .debug_macro   0x000000000000e0e1     0x367e ./Core/Src/Kalman.o
 .debug_macro   0x000000000001175f      0x174 ./Core/Src/Kalman.o
 .debug_macro   0x00000000000118d3       0x5c ./Core/Src/Kalman.o
 .debug_macro   0x000000000001192f      0x447 ./Core/Src/Kalman.o
 .debug_macro   0x0000000000011d76      0x9fe ./Core/Src/Kalman.o
 .debug_macro   0x0000000000012774      0x115 ./Core/Src/Kalman.o
 .debug_macro   0x0000000000012889      0x11b ./Core/Src/Kalman.o
 .debug_macro   0x00000000000129a4       0xa5 ./Core/Src/Kalman.o
 .debug_macro   0x0000000000012a49      0x15f ./Core/Src/Kalman.o
 .debug_macro   0x0000000000012ba8      0x287 ./Core/Src/Kalman.o
 .debug_macro   0x0000000000012e2f       0x5f ./Core/Src/Kalman.o
 .debug_macro   0x0000000000012e8e      0x236 ./Core/Src/Kalman.o
 .debug_macro   0x00000000000130c4      0x132 ./Core/Src/Kalman.o
 .debug_macro   0x00000000000131f6      0x264 ./Core/Src/Kalman.o
 .debug_macro   0x000000000001345a       0x2e ./Core/Src/Kalman.o
 .debug_macro   0x0000000000013488      0x1b5 ./Core/Src/Kalman.o
 .debug_macro   0x000000000001363d       0x22 ./Core/Src/Kalman.o
 .debug_macro   0x000000000001365f       0xd6 ./Core/Src/Kalman.o
 .debug_macro   0x0000000000013735      0x11a ./Core/Src/Kalman.o
 .debug_macro   0x000000000001384f       0x85 ./Core/Src/Kalman.o
 .debug_macro   0x00000000000138d4       0x89 ./Core/Src/Kalman.o
 .debug_macro   0x000000000001395d      0x8e6 ./Core/Src/Kalman.o
 .debug_macro   0x0000000000014243       0x47 ./Core/Src/Kalman.o
 .debug_macro   0x000000000001428a      0x295 ./Core/Src/Kalman.o
 .debug_macro   0x000000000001451f      0x126 ./Core/Src/Kalman.o
 .debug_macro   0x0000000000014645       0x9a ./Core/Src/Kalman.o
 .debug_macro   0x00000000000146df       0x52 ./Core/Src/Kalman.o
 .debug_macro   0x0000000000014731       0x1e ./Core/Src/Kalman.o
 .debug_macro   0x000000000001474f       0x3c ./Core/Src/Kalman.o
 .debug_macro   0x000000000001478b       0x34 ./Core/Src/Kalman.o
 .debug_macro   0x00000000000147bf       0x16 ./Core/Src/Kalman.o
 .debug_macro   0x00000000000147d5       0x43 ./Core/Src/Kalman.o
 .debug_macro   0x0000000000014818       0x34 ./Core/Src/Kalman.o
 .debug_macro   0x000000000001484c       0x10 ./Core/Src/Kalman.o
 .debug_macro   0x000000000001485c       0x58 ./Core/Src/Kalman.o
 .debug_macro   0x00000000000148b4       0x71 ./Core/Src/Kalman.o
 .debug_macro   0x0000000000014925       0x1c ./Core/Src/Kalman.o
 .debug_macro   0x0000000000014941      0x12a ./Core/Src/Kalman.o
 .debug_macro   0x0000000000014a6b      0x341 ./Core/Src/Kalman.o
 .debug_macro   0x0000000000014dac       0x10 ./Core/Src/Kalman.o
 .debug_macro   0x0000000000014dbc       0x35 ./Core/Src/Kalman.o
 .debug_macro   0x0000000000014df1       0x20 ./Core/Src/Kalman.o
 .debug_macro   0x0000000000014e11      0x19b ./Core/Src/Kalman.o
 .debug_macro   0x0000000000014fac      0x201 ./Core/Src/Kalman.o
 .debug_macro   0x00000000000151ad       0xc8 ./Core/Src/Kalman.o
 .debug_macro   0x0000000000015275      0x20a ./Core/Src/PIDVelocity.o
 .debug_macro   0x000000000001547f      0x200 ./Core/Src/Trajectory.o
 .debug_macro   0x000000000001567f      0x46c ./Core/Src/main.o
 .debug_macro   0x0000000000015aeb       0x16 ./Core/Src/main.o
 .debug_macro   0x0000000000015b01       0x10 ./Core/Src/main.o
 .debug_macro   0x0000000000015b11       0x10 ./Core/Src/main.o
 .debug_macro   0x0000000000015b21       0x1c ./Core/Src/main.o
 .debug_macro   0x0000000000015b3d       0x52 ./Core/Src/main.o
 .debug_macro   0x0000000000015b8f       0x22 ./Core/Src/main.o
 .debug_macro   0x0000000000015bb1       0x10 ./Core/Src/main.o
 .debug_macro   0x0000000000015bc1       0x52 ./Core/Src/main.o
 .debug_macro   0x0000000000015c13       0xd5 ./Core/Src/main.o
 .debug_macro   0x0000000000015ce8       0x1c ./Core/Src/main.o
 .debug_macro   0x0000000000015d04       0x3d ./Core/Src/main.o
 .debug_macro   0x0000000000015d41       0x16 ./Core/Src/main.o
 .debug_macro   0x0000000000015d57      0x145 ./Core/Src/main.o
 .debug_macro   0x0000000000015e9c       0x16 ./Core/Src/main.o
 .debug_macro   0x0000000000015eb2      0x1f6 ./Core/Src/stm32f4xx_hal_msp.o
 .debug_macro   0x00000000000160a8      0x200 ./Core/Src/stm32f4xx_it.o
 .debug_macro   0x00000000000162a8      0x1e7 ./Core/Src/system_stm32f4xx.o
 .debug_macro   0x000000000001648f      0x247 ./Drivers/STM32F4xx_HAL_Driver/Src/stm32f4xx_hal.o
 .debug_macro   0x00000000000166d6      0x1e7 ./Drivers/STM32F4xx_HAL_Driver/Src/stm32f4xx_hal_cortex.o
 .debug_macro   0x00000000000168bd      0x1ed ./Drivers/STM32F4xx_HAL_Driver/Src/stm32f4xx_hal_dma.o
 .debug_macro   0x0000000000016aaa      0x1ed ./Drivers/STM32F4xx_HAL_Driver/Src/stm32f4xx_hal_gpio.o
 .debug_macro   0x0000000000016c97      0x22e ./Drivers/STM32F4xx_HAL_Driver/Src/stm32f4xx_hal_i2c.o
 .debug_macro   0x0000000000016ec5      0x20b ./Drivers/STM32F4xx_HAL_Driver/Src/stm32f4xx_hal_rcc.o
 .debug_macro   0x00000000000170d0      0x1e8 ./Drivers/STM32F4xx_HAL_Driver/Src/stm32f4xx_hal_tim.o
 .debug_macro   0x00000000000172b8      0x1e7 ./Drivers/STM32F4xx_HAL_Driver/Src/stm32f4xx_hal_tim_ex.o
 .debug_macro   0x000000000001749f      0x1e8 ./Drivers/STM32F4xx_HAL_Driver/Src/stm32f4xx_hal_uart.o

.debug_line     0x0000000000000000    0x15241
 .debug_line    0x0000000000000000      0xa7a ./Core/Src/Kalman.o
 .debug_line    0x0000000000000a7a      0x7c1 ./Core/Src/PIDVelocity.o
 .debug_line    0x000000000000123b     0x10d2 ./Core/Src/Trajectory.o
 .debug_line    0x000000000000230d     0x119f ./Core/Src/main.o
 .debug_line    0x00000000000034ac      0x8ef ./Core/Src/stm32f4xx_hal_msp.o
 .debug_line    0x0000000000003d9b      0x888 ./Core/Src/stm32f4xx_it.o
 .debug_line    0x0000000000004623      0x76a ./Core/Src/system_stm32f4xx.o
 .debug_line    0x0000000000004d8d       0x88 ./Core/Startup/startup_stm32f411retx.o
 .debug_line    0x0000000000004e15      0x9d0 ./Drivers/STM32F4xx_HAL_Driver/Src/stm32f4xx_hal.o
 .debug_line    0x00000000000057e5      0xc7f ./Drivers/STM32F4xx_HAL_Driver/Src/stm32f4xx_hal_cortex.o
 .debug_line    0x0000000000006464      0xf34 ./Drivers/STM32F4xx_HAL_Driver/Src/stm32f4xx_hal_dma.o
 .debug_line    0x0000000000007398      0xb08 ./Drivers/STM32F4xx_HAL_Driver/Src/stm32f4xx_hal_gpio.o
 .debug_line    0x0000000000007ea0     0x3985 ./Drivers/STM32F4xx_HAL_Driver/Src/stm32f4xx_hal_i2c.o
 .debug_line    0x000000000000b825      0xd4c ./Drivers/STM32F4xx_HAL_Driver/Src/stm32f4xx_hal_rcc.o
 .debug_line    0x000000000000c571     0x349e ./Drivers/STM32F4xx_HAL_Driver/Src/stm32f4xx_hal_tim.o
 .debug_line    0x000000000000fa0f     0x1968 ./Drivers/STM32F4xx_HAL_Driver/Src/stm32f4xx_hal_tim_ex.o
 .debug_line    0x0000000000011377     0x2a75 ./Drivers/STM32F4xx_HAL_Driver/Src/stm32f4xx_hal_uart.o
 .debug_line    0x0000000000013dec      0x330 ../Middlewares/Third_Party/ARM_CMSIS/CMSIS/DSP/Lib/GCC\libarm_cortexM4lf_math.a(arm_mat_trans_f32.o)
 .debug_line    0x000000000001411c      0x31e ../Middlewares/Third_Party/ARM_CMSIS/CMSIS/DSP/Lib/GCC\libarm_cortexM4lf_math.a(arm_mat_sub_f32.o)
 .debug_line    0x000000000001443a      0x39a ../Middlewares/Third_Party/ARM_CMSIS/CMSIS/DSP/Lib/GCC\libarm_cortexM4lf_math.a(arm_mat_mult_f32.o)
 .debug_line    0x00000000000147d4      0x4f6 ../Middlewares/Third_Party/ARM_CMSIS/CMSIS/DSP/Lib/GCC\libarm_cortexM4lf_math.a(arm_mat_inverse_f32.o)
 .debug_line    0x0000000000014cca      0x259 ../Middlewares/Third_Party/ARM_CMSIS/CMSIS/DSP/Lib/GCC\libarm_cortexM4lf_math.a(arm_mat_init_f32.o)
 .debug_line    0x0000000000014f23      0x31e ../Middlewares/Third_Party/ARM_CMSIS/CMSIS/DSP/Lib/GCC\libarm_cortexM4lf_math.a(arm_mat_add_f32.o)

.debug_str      0x0000000000000000    0x92c36
 .debug_str     0x0000000000000000    0x8c782 ./Core/Src/Kalman.o
                                      0x8cab8 (size before relaxing)
 .debug_str     0x000000000008c782      0x152 ./Core/Src/PIDVelocity.o
                                      0x88619 (size before relaxing)
 .debug_str     0x000000000008c8d4       0xb3 ./Core/Src/Trajectory.o
                                      0x885a7 (size before relaxing)
 .debug_str     0x000000000008c987     0x286c ./Core/Src/main.o
                                      0x8f5ca (size before relaxing)
 .debug_str     0x000000000008f1f3      0x17c ./Core/Src/stm32f4xx_hal_msp.o
                                      0x895aa (size before relaxing)
 .debug_str     0x000000000008f36f      0x1fe ./Core/Src/stm32f4xx_it.o
                                      0x890b4 (size before relaxing)
 .debug_str     0x000000000008f56d       0xdb ./Core/Src/system_stm32f4xx.o
                                      0x8846a (size before relaxing)
 .debug_str     0x000000000008f648       0x36 ./Core/Startup/startup_stm32f411retx.o
                                         0x7d (size before relaxing)
 .debug_str     0x000000000008f67e      0x5fa ./Drivers/STM32F4xx_HAL_Driver/Src/stm32f4xx_hal.o
                                      0x88e96 (size before relaxing)
 .debug_str     0x000000000008fc78      0x323 ./Drivers/STM32F4xx_HAL_Driver/Src/stm32f4xx_hal_cortex.o
                                      0x88bb7 (size before relaxing)
 .debug_str     0x000000000008ff9b      0x2ee ./Drivers/STM32F4xx_HAL_Driver/Src/stm32f4xx_hal_dma.o
                                      0x88872 (size before relaxing)
 .debug_str     0x0000000000090289       0xd5 ./Drivers/STM32F4xx_HAL_Driver/Src/stm32f4xx_hal_gpio.o
                                      0x885e5 (size before relaxing)
 .debug_str     0x000000000009035e      0xa6e ./Drivers/STM32F4xx_HAL_Driver/Src/stm32f4xx_hal_i2c.o
                                      0x89428 (size before relaxing)
 .debug_str     0x0000000000090dcc      0x208 ./Drivers/STM32F4xx_HAL_Driver/Src/stm32f4xx_hal_rcc.o
                                      0x8889e (size before relaxing)
 .debug_str     0x0000000000090fd4      0xbf2 ./Drivers/STM32F4xx_HAL_Driver/Src/stm32f4xx_hal_tim.o
                                      0x897d2 (size before relaxing)
 .debug_str     0x0000000000091bc6      0x3e1 ./Drivers/STM32F4xx_HAL_Driver/Src/stm32f4xx_hal_tim_ex.o
                                      0x88fee (size before relaxing)
 .debug_str     0x0000000000091fa7      0x586 ./Drivers/STM32F4xx_HAL_Driver/Src/stm32f4xx_hal_uart.o
                                      0x88e2b (size before relaxing)
 .debug_str     0x000000000009252d      0x547 ../Middlewares/Third_Party/ARM_CMSIS/CMSIS/DSP/Lib/GCC\libarm_cortexM4lf_math.a(arm_mat_trans_f32.o)
                                        0x755 (size before relaxing)
 .debug_str     0x0000000000092a74       0x57 ../Middlewares/Third_Party/ARM_CMSIS/CMSIS/DSP/Lib/GCC\libarm_cortexM4lf_math.a(arm_mat_sub_f32.o)
                                        0x768 (size before relaxing)
 .debug_str     0x0000000000092acb       0x5c ../Middlewares/Third_Party/ARM_CMSIS/CMSIS/DSP/Lib/GCC\libarm_cortexM4lf_math.a(arm_mat_mult_f32.o)
                                        0x784 (size before relaxing)
 .debug_str     0x0000000000092b27       0xa7 ../Middlewares/Third_Party/ARM_CMSIS/CMSIS/DSP/Lib/GCC\libarm_cortexM4lf_math.a(arm_mat_inverse_f32.o)
                                        0x7c8 (size before relaxing)
 .debug_str     0x0000000000092bce       0x39 ../Middlewares/Third_Party/ARM_CMSIS/CMSIS/DSP/Lib/GCC\libarm_cortexM4lf_math.a(arm_mat_init_f32.o)
                                        0x693 (size before relaxing)
 .debug_str     0x0000000000092c07       0x2f ../Middlewares/Third_Party/ARM_CMSIS/CMSIS/DSP/Lib/GCC\libarm_cortexM4lf_math.a(arm_mat_add_f32.o)
                                        0x768 (size before relaxing)

.comment        0x0000000000000000       0xc5
 .comment       0x0000000000000000       0x50 ./Core/Src/Kalman.o
                                         0x51 (size before relaxing)
 .comment       0x0000000000000050       0x51 ./Core/Src/PIDVelocity.o
 .comment       0x0000000000000050       0x51 ./Core/Src/Trajectory.o
 .comment       0x0000000000000050       0x51 ./Core/Src/main.o
 .comment       0x0000000000000050       0x51 ./Core/Src/stm32f4xx_hal_msp.o
 .comment       0x0000000000000050       0x51 ./Core/Src/stm32f4xx_it.o
 .comment       0x0000000000000050       0x51 ./Core/Src/system_stm32f4xx.o
 .comment       0x0000000000000050       0x51 ./Drivers/STM32F4xx_HAL_Driver/Src/stm32f4xx_hal.o
 .comment       0x0000000000000050       0x51 ./Drivers/STM32F4xx_HAL_Driver/Src/stm32f4xx_hal_cortex.o
 .comment       0x0000000000000050       0x51 ./Drivers/STM32F4xx_HAL_Driver/Src/stm32f4xx_hal_dma.o
 .comment       0x0000000000000050       0x51 ./Drivers/STM32F4xx_HAL_Driver/Src/stm32f4xx_hal_gpio.o
 .comment       0x0000000000000050       0x51 ./Drivers/STM32F4xx_HAL_Driver/Src/stm32f4xx_hal_i2c.o
 .comment       0x0000000000000050       0x51 ./Drivers/STM32F4xx_HAL_Driver/Src/stm32f4xx_hal_rcc.o
 .comment       0x0000000000000050       0x51 ./Drivers/STM32F4xx_HAL_Driver/Src/stm32f4xx_hal_tim.o
 .comment       0x0000000000000050       0x51 ./Drivers/STM32F4xx_HAL_Driver/Src/stm32f4xx_hal_tim_ex.o
 .comment       0x0000000000000050       0x51 ./Drivers/STM32F4xx_HAL_Driver/Src/stm32f4xx_hal_uart.o
 .comment       0x0000000000000050       0x75 ../Middlewares/Third_Party/ARM_CMSIS/CMSIS/DSP/Lib/GCC\libarm_cortexM4lf_math.a(arm_mat_trans_f32.o)
                                         0x76 (size before relaxing)
 .comment       0x00000000000000c5       0x76 ../Middlewares/Third_Party/ARM_CMSIS/CMSIS/DSP/Lib/GCC\libarm_cortexM4lf_math.a(arm_mat_sub_f32.o)
 .comment       0x00000000000000c5       0x76 ../Middlewares/Third_Party/ARM_CMSIS/CMSIS/DSP/Lib/GCC\libarm_cortexM4lf_math.a(arm_mat_mult_f32.o)
 .comment       0x00000000000000c5       0x76 ../Middlewares/Third_Party/ARM_CMSIS/CMSIS/DSP/Lib/GCC\libarm_cortexM4lf_math.a(arm_mat_inverse_f32.o)
 .comment       0x00000000000000c5       0x76 ../Middlewares/Third_Party/ARM_CMSIS/CMSIS/DSP/Lib/GCC\libarm_cortexM4lf_math.a(arm_mat_init_f32.o)
 .comment       0x00000000000000c5       0x76 ../Middlewares/Third_Party/ARM_CMSIS/CMSIS/DSP/Lib/GCC\libarm_cortexM4lf_math.a(arm_mat_add_f32.o)

.debug_frame    0x0000000000000000     0x4770
 .debug_frame   0x0000000000000000       0x60 ./Core/Src/Kalman.o
 .debug_frame   0x0000000000000060       0x64 ./Core/Src/PIDVelocity.o
 .debug_frame   0x00000000000000c4       0x90 ./Core/Src/Trajectory.o
 .debug_frame   0x0000000000000154      0x394 ./Core/Src/main.o
 .debug_frame   0x00000000000004e8      0x1c4 ./Core/Src/stm32f4xx_hal_msp.o
 .debug_frame   0x00000000000006ac      0x200 ./Core/Src/stm32f4xx_it.o
 .debug_frame   0x00000000000008ac       0x58 ./Core/Src/system_stm32f4xx.o
 .debug_frame   0x0000000000000904      0x374 ./Drivers/STM32F4xx_HAL_Driver/Src/stm32f4xx_hal.o
 .debug_frame   0x0000000000000c78      0x498 ./Drivers/STM32F4xx_HAL_Driver/Src/stm32f4xx_hal_cortex.o
 .debug_frame   0x0000000000001110      0x250 ./Drivers/STM32F4xx_HAL_Driver/Src/stm32f4xx_hal_dma.o
 .debug_frame   0x0000000000001360      0x14c ./Drivers/STM32F4xx_HAL_Driver/Src/stm32f4xx_hal_gpio.o
 .debug_frame   0x00000000000014ac      0xc5c ./Drivers/STM32F4xx_HAL_Driver/Src/stm32f4xx_hal_i2c.o
 .debug_frame   0x0000000000002108      0x1f4 ./Drivers/STM32F4xx_HAL_Driver/Src/stm32f4xx_hal_rcc.o
 .debug_frame   0x00000000000022fc     0x11bc ./Drivers/STM32F4xx_HAL_Driver/Src/stm32f4xx_hal_tim.o
 .debug_frame   0x00000000000034b8      0x638 ./Drivers/STM32F4xx_HAL_Driver/Src/stm32f4xx_hal_tim_ex.o
 .debug_frame   0x0000000000003af0      0x92c ./Drivers/STM32F4xx_HAL_Driver/Src/stm32f4xx_hal_uart.o
 .debug_frame   0x000000000000441c       0x40 ../Middlewares/Third_Party/ARM_CMSIS/CMSIS/DSP/Lib/GCC\libarm_cortexM4lf_math.a(arm_mat_trans_f32.o)
 .debug_frame   0x000000000000445c       0x38 ../Middlewares/Third_Party/ARM_CMSIS/CMSIS/DSP/Lib/GCC\libarm_cortexM4lf_math.a(arm_mat_sub_f32.o)
 .debug_frame   0x0000000000004494       0x44 ../Middlewares/Third_Party/ARM_CMSIS/CMSIS/DSP/Lib/GCC\libarm_cortexM4lf_math.a(arm_mat_mult_f32.o)
 .debug_frame   0x00000000000044d8       0x4c ../Middlewares/Third_Party/ARM_CMSIS/CMSIS/DSP/Lib/GCC\libarm_cortexM4lf_math.a(arm_mat_inverse_f32.o)
 .debug_frame   0x0000000000004524       0x20 ../Middlewares/Third_Party/ARM_CMSIS/CMSIS/DSP/Lib/GCC\libarm_cortexM4lf_math.a(arm_mat_init_f32.o)
 .debug_frame   0x0000000000004544       0x38 ../Middlewares/Third_Party/ARM_CMSIS/CMSIS/DSP/Lib/GCC\libarm_cortexM4lf_math.a(arm_mat_add_f32.o)
 .debug_frame   0x000000000000457c       0x2c c:/st/stm32cubeide_1.8.0/stm32cubeide/plugins/com.st.stm32cube.ide.mcu.externaltools.gnu-tools-for-stm32.10.3-2021.10.win32_1.0.0.202111181127/tools/bin/../lib/gcc/arm-none-eabi/10.3.1/../../../../arm-none-eabi/lib/thumb/v7e-m+fp/hard\libc_nano.a(lib_a-init.o)
 .debug_frame   0x00000000000045a8       0x28 c:/st/stm32cubeide_1.8.0/stm32cubeide/plugins/com.st.stm32cube.ide.mcu.externaltools.gnu-tools-for-stm32.10.3-2021.10.win32_1.0.0.202111181127/tools/bin/../lib/gcc/arm-none-eabi/10.3.1/../../../../arm-none-eabi/lib/thumb/v7e-m+fp/hard\libc_nano.a(lib_a-memcpy-stub.o)
 .debug_frame   0x00000000000045d0       0x20 c:/st/stm32cubeide_1.8.0/stm32cubeide/plugins/com.st.stm32cube.ide.mcu.externaltools.gnu-tools-for-stm32.10.3-2021.10.win32_1.0.0.202111181127/tools/bin/../lib/gcc/arm-none-eabi/10.3.1/../../../../arm-none-eabi/lib/thumb/v7e-m+fp/hard\libc_nano.a(lib_a-memset.o)
 .debug_frame   0x00000000000045f0       0xac c:/st/stm32cubeide_1.8.0/stm32cubeide/plugins/com.st.stm32cube.ide.mcu.externaltools.gnu-tools-for-stm32.10.3-2021.10.win32_1.0.0.202111181127/tools/bin/../lib/gcc/arm-none-eabi/10.3.1/thumb/v7e-m+fp/hard\libgcc.a(_arm_addsubdf3.o)