Archive member included to satisfy reference by file (symbol)

../Middlewares/Third_Party/ARM_CMSIS/CMSIS/DSP/Lib/GCC\libarm_cortexM4lf_math.a(arm_mat_trans_f32.o)
                              ./Core/Src/Kalman.o (arm_mat_trans_f32)
../Middlewares/Third_Party/ARM_CMSIS/CMSIS/DSP/Lib/GCC\libarm_cortexM4lf_math.a(arm_mat_sub_f32.o)
                              ./Core/Src/Kalman.o (arm_mat_sub_f32)
../Middlewares/Third_Party/ARM_CMSIS/CMSIS/DSP/Lib/GCC\libarm_cortexM4lf_math.a(arm_mat_mult_f32.o)
                              ./Core/Src/Kalman.o (arm_mat_mult_f32)
../Middlewares/Third_Party/ARM_CMSIS/CMSIS/DSP/Lib/GCC\libarm_cortexM4lf_math.a(arm_mat_inverse_f32.o)
                              ./Core/Src/Kalman.o (arm_mat_inverse_f32)
../Middlewares/Third_Party/ARM_CMSIS/CMSIS/DSP/Lib/GCC\libarm_cortexM4lf_math.a(arm_mat_init_f32.o)
                              ./Core/Src/Kalman.o (arm_mat_init_f32)
../Middlewares/Third_Party/ARM_CMSIS/CMSIS/DSP/Lib/GCC\libarm_cortexM4lf_math.a(arm_mat_add_f32.o)
                              ./Core/Src/Kalman.o (arm_mat_add_f32)
b:/stm32/stm32cubeide_1.9.0/stm32cubeide/plugins/com.st.stm32cube.ide.mcu.externaltools.gnu-tools-for-stm32.10.3-2021.10.win32_1.0.0.202111181127/tools/bin/../lib/gcc/arm-none-eabi/10.3.1/../../../../arm-none-eabi/lib/thumb/v7e-m+fp/hard\libc_nano.a(lib_a-errno.o)
                              ./Core/Src/syscalls.o (__errno)
b:/stm32/stm32cubeide_1.9.0/stm32cubeide/plugins/com.st.stm32cube.ide.mcu.externaltools.gnu-tools-for-stm32.10.3-2021.10.win32_1.0.0.202111181127/tools/bin/../lib/gcc/arm-none-eabi/10.3.1/../../../../arm-none-eabi/lib/thumb/v7e-m+fp/hard\libc_nano.a(lib_a-exit.o)
                              b:/stm32/stm32cubeide_1.9.0/stm32cubeide/plugins/com.st.stm32cube.ide.mcu.externaltools.gnu-tools-for-stm32.10.3-2021.10.win32_1.0.0.202111181127/tools/bin/../lib/gcc/arm-none-eabi/10.3.1/../../../../arm-none-eabi/lib/thumb/v7e-m+fp/hard/crt0.o (exit)
b:/stm32/stm32cubeide_1.9.0/stm32cubeide/plugins/com.st.stm32cube.ide.mcu.externaltools.gnu-tools-for-stm32.10.3-2021.10.win32_1.0.0.202111181127/tools/bin/../lib/gcc/arm-none-eabi/10.3.1/../../../../arm-none-eabi/lib/thumb/v7e-m+fp/hard\libc_nano.a(lib_a-impure.o)
                              b:/stm32/stm32cubeide_1.9.0/stm32cubeide/plugins/com.st.stm32cube.ide.mcu.externaltools.gnu-tools-for-stm32.10.3-2021.10.win32_1.0.0.202111181127/tools/bin/../lib/gcc/arm-none-eabi/10.3.1/../../../../arm-none-eabi/lib/thumb/v7e-m+fp/hard\libc_nano.a(lib_a-exit.o) (_global_impure_ptr)
b:/stm32/stm32cubeide_1.9.0/stm32cubeide/plugins/com.st.stm32cube.ide.mcu.externaltools.gnu-tools-for-stm32.10.3-2021.10.win32_1.0.0.202111181127/tools/bin/../lib/gcc/arm-none-eabi/10.3.1/../../../../arm-none-eabi/lib/thumb/v7e-m+fp/hard\libc_nano.a(lib_a-init.o)
                              b:/stm32/stm32cubeide_1.9.0/stm32cubeide/plugins/com.st.stm32cube.ide.mcu.externaltools.gnu-tools-for-stm32.10.3-2021.10.win32_1.0.0.202111181127/tools/bin/../lib/gcc/arm-none-eabi/10.3.1/../../../../arm-none-eabi/lib/thumb/v7e-m+fp/hard/crt0.o (__libc_init_array)
b:/stm32/stm32cubeide_1.9.0/stm32cubeide/plugins/com.st.stm32cube.ide.mcu.externaltools.gnu-tools-for-stm32.10.3-2021.10.win32_1.0.0.202111181127/tools/bin/../lib/gcc/arm-none-eabi/10.3.1/../../../../arm-none-eabi/lib/thumb/v7e-m+fp/hard\libc_nano.a(lib_a-memset.o)
                              b:/stm32/stm32cubeide_1.9.0/stm32cubeide/plugins/com.st.stm32cube.ide.mcu.externaltools.gnu-tools-for-stm32.10.3-2021.10.win32_1.0.0.202111181127/tools/bin/../lib/gcc/arm-none-eabi/10.3.1/../../../../arm-none-eabi/lib/thumb/v7e-m+fp/hard/crt0.o (memset)
b:/stm32/stm32cubeide_1.9.0/stm32cubeide/plugins/com.st.stm32cube.ide.mcu.externaltools.gnu-tools-for-stm32.10.3-2021.10.win32_1.0.0.202111181127/tools/bin/../lib/gcc/arm-none-eabi/10.3.1/thumb/v7e-m+fp/hard\libgcc.a(_arm_muldf3.o)
                              ./Core/Src/PIDVelocity.o (__aeabi_dmul)
b:/stm32/stm32cubeide_1.9.0/stm32cubeide/plugins/com.st.stm32cube.ide.mcu.externaltools.gnu-tools-for-stm32.10.3-2021.10.win32_1.0.0.202111181127/tools/bin/../lib/gcc/arm-none-eabi/10.3.1/thumb/v7e-m+fp/hard\libgcc.a(_arm_addsubdf3.o)
                              ./Core/Src/PIDVelocity.o (__aeabi_dsub)
b:/stm32/stm32cubeide_1.9.0/stm32cubeide/plugins/com.st.stm32cube.ide.mcu.externaltools.gnu-tools-for-stm32.10.3-2021.10.win32_1.0.0.202111181127/tools/bin/../lib/gcc/arm-none-eabi/10.3.1/thumb/v7e-m+fp/hard\libgcc.a(_arm_muldivdf3.o)
                              ./Core/Src/Trajectory.o (__aeabi_ddiv)
b:/stm32/stm32cubeide_1.9.0/stm32cubeide/plugins/com.st.stm32cube.ide.mcu.externaltools.gnu-tools-for-stm32.10.3-2021.10.win32_1.0.0.202111181127/tools/bin/../lib/gcc/arm-none-eabi/10.3.1/thumb/v7e-m+fp/hard\libgcc.a(_arm_cmpdf2.o)
                              ./Core/Src/main.o (__aeabi_dcmplt)
[...]
Memory Configuration

Name             Origin             Length             Attributes
RAM              0x0000000020000000 0x0000000000020000 xrw
FLASH            0x0000000008000000 0x0000000000080000 xr
*default*        0x0000000000000000 0xffffffffffffffff

Linker script and memory map

LOAD b:/stm32/stm32cubeide_1.9.0/stm32cubeide/plugins/com.st.stm32cube.ide.mcu.externaltools.gnu-tools-for-stm32.10.3-2021.10.win32_1.0.0.202111181127/tools/bin/../lib/gcc/arm-none-eabi/10.3.1/thumb/v7e-m+fp/hard/crti.o
LOAD b:/stm32/stm32cubeide_1.9.0/stm32cubeide/plugins/com.st.stm32cube.ide.mcu.externaltools.gnu-tools-for-stm32.10.3-2021.10.win32_1.0.0.202111181127/tools/bin/../lib/gcc/arm-none-eabi/10.3.1/thumb/v7e-m+fp/hard/crtbegin.o
LOAD b:/stm32/stm32cubeide_1.9.0/stm32cubeide/plugins/com.st.stm32cube.ide.mcu.externaltools.gnu-tools-for-stm32.10.3-2021.10.win32_1.0.0.202111181127/tools/bin/../lib/gcc/arm-none-eabi/10.3.1/../../../../arm-none-eabi/lib/thumb/v7e-m+fp/hard/crt0.o
LOAD ./Core/Src/Kalman.o
LOAD ./Core/Src/PID.o
LOAD ./Core/Src/PIDVelocity.o
LOAD ./Core/Src/Trajectory.o
LOAD ./Core/Src/main.o
LOAD ./Core/Src/stm32f4xx_hal_msp.o
LOAD ./Core/Src/stm32f4xx_it.o
LOAD ./Core/Src/syscalls.o
LOAD ./Core/Src/sysmem.o
LOAD ./Core/Src/system_stm32f4xx.o
LOAD ./Core/Startup/startup_stm32f411retx.o
LOAD ./Drivers/STM32F4xx_HAL_Driver/Src/stm32f4xx_hal.o
LOAD ./Drivers/STM32F4xx_HAL_Driver/Src/stm32f4xx_hal_cortex.o
LOAD ./Drivers/STM32F4xx_HAL_Driver/Src/stm32f4xx_hal_dma.o
LOAD ./Drivers/STM32F4xx_HAL_Driver/Src/stm32f4xx_hal_dma_ex.o
LOAD ./Drivers/STM32F4xx_HAL_Driver/Src/stm32f4xx_hal_exti.o
LOAD ./Drivers/STM32F4xx_HAL_Driver/Src/stm32f4xx_hal_flash.o
LOAD ./Drivers/STM32F4xx_HAL_Driver/Src/stm32f4xx_hal_flash_ex.o
LOAD ./Drivers/STM32F4xx_HAL_Driver/Src/stm32f4xx_hal_flash_ramfunc.o
LOAD ./Drivers/STM32F4xx_HAL_Driver/Src/stm32f4xx_hal_gpio.o
LOAD ./Drivers/STM32F4xx_HAL_Driver/Src/stm32f4xx_hal_pwr.o
LOAD ./Drivers/STM32F4xx_HAL_Driver/Src/stm32f4xx_hal_pwr_ex.o
LOAD ./Drivers/STM32F4xx_HAL_Driver/Src/stm32f4xx_hal_rcc.o
LOAD ./Drivers/STM32F4xx_HAL_Driver/Src/stm32f4xx_hal_rcc_ex.o
LOAD ./Drivers/STM32F4xx_HAL_Driver/Src/stm32f4xx_hal_tim.o
LOAD ./Drivers/STM32F4xx_HAL_Driver/Src/stm32f4xx_hal_tim_ex.o
LOAD ./Drivers/STM32F4xx_HAL_Driver/Src/stm32f4xx_hal_uart.o
LOAD ../Middlewares/Third_Party/ARM_CMSIS/CMSIS/DSP/Lib/GCC\libarm_cortexM4lf_math.a
START GROUP
LOAD b:/stm32/stm32cubeide_1.9.0/stm32cubeide/plugins/com.st.stm32cube.ide.mcu.externaltools.gnu-tools-for-stm32.10.3-2021.10.win32_1.0.0.202111181127/tools/bin/../lib/gcc/arm-none-eabi/10.3.1/../../../../arm-none-eabi/lib/thumb/v7e-m+fp/hard\libc_nano.a
LOAD b:/stm32/stm32cubeide_1.9.0/stm32cubeide/plugins/com.st.stm32cube.ide.mcu.externaltools.gnu-tools-for-stm32.10.3-2021.10.win32_1.0.0.202111181127/tools/bin/../lib/gcc/arm-none-eabi/10.3.1/../../../../arm-none-eabi/lib/thumb/v7e-m+fp/hard\libm.a
END GROUP
START GROUP
LOAD b:/stm32/stm32cubeide_1.9.0/stm32cubeide/plugins/com.st.stm32cube.ide.mcu.externaltools.gnu-tools-for-stm32.10.3-2021.10.win32_1.0.0.202111181127/tools/bin/../lib/gcc/arm-none-eabi/10.3.1/thumb/v7e-m+fp/hard\libgcc.a
LOAD b:/stm32/stm32cubeide_1.9.0/stm32cubeide/plugins/com.st.stm32cube.ide.mcu.externaltools.gnu-tools-for-stm32.10.3-2021.10.win32_1.0.0.202111181127/tools/bin/../lib/gcc/arm-none-eabi/10.3.1/../../../../arm-none-eabi/lib/thumb/v7e-m+fp/hard\libc_nano.a
END GROUP
START GROUP
LOAD b:/stm32/stm32cubeide_1.9.0/stm32cubeide/plugins/com.st.stm32cube.ide.mcu.externaltools.gnu-tools-for-stm32.10.3-2021.10.win32_1.0.0.202111181127/tools/bin/../lib/gcc/arm-none-eabi/10.3.1/thumb/v7e-m+fp/hard\libgcc.a
LOAD b:/stm32/stm32cubeide_1.9.0/stm32cubeide/plugins/com.st.stm32cube.ide.mcu.externaltools.gnu-tools-for-stm32.10.3-2021.10.win32_1.0.0.202111181127/tools/bin/../lib/gcc/arm-none-eabi/10.3.1/../../../../arm-none-eabi/lib/thumb/v7e-m+fp/hard\libc_nano.a
LOAD b:/stm32/stm32cubeide_1.9.0/stm32cubeide/plugins/com.st.stm32cube.ide.mcu.externaltools.gnu-tools-for-stm32.10.3-2021.10.win32_1.0.0.202111181127/tools/bin/../lib/gcc/arm-none-eabi/10.3.1/../../../../arm-none-eabi/lib/thumb/v7e-m+fp/hard\libnosys.a
END GROUP
START GROUP
LOAD b:/stm32/stm32cubeide_1.9.0/stm32cubeide/plugins/com.st.stm32cube.ide.mcu.externaltools.gnu-tools-for-stm32.10.3-2021.10.win32_1.0.0.202111181127/tools/bin/../lib/gcc/arm-none-eabi/10.3.1/thumb/v7e-m+fp/hard\libgcc.a
LOAD b:/stm32/stm32cubeide_1.9.0/stm32cubeide/plugins/com.st.stm32cube.ide.mcu.externaltools.gnu-tools-for-stm32.10.3-2021.10.win32_1.0.0.202111181127/tools/bin/../lib/gcc/arm-none-eabi/10.3.1/../../../../arm-none-eabi/lib/thumb/v7e-m+fp/hard\libc_nano.a
LOAD b:/stm32/stm32cubeide_1.9.0/stm32cubeide/plugins/com.st.stm32cube.ide.mcu.externaltools.gnu-tools-for-stm32.10.3-2021.10.win32_1.0.0.202111181127/tools/bin/../lib/gcc/arm-none-eabi/10.3.1/../../../../arm-none-eabi/lib/thumb/v7e-m+fp/hard\libnosys.a
END GROUP
LOAD b:/stm32/stm32cubeide_1.9.0/stm32cubeide/plugins/com.st.stm32cube.ide.mcu.externaltools.gnu-tools-for-stm32.10.3-2021.10.win32_1.0.0.202111181127/tools/bin/../lib/gcc/arm-none-eabi/10.3.1/thumb/v7e-m+fp/hard/crtend.o
LOAD b:/stm32/stm32cubeide_1.9.0/stm32cubeide/plugins/com.st.stm32cube.ide.mcu.externaltools.gnu-tools-for-stm32.10.3-2021.10.win32_1.0.0.202111181127/tools/bin/../lib/gcc/arm-none-eabi/10.3.1/thumb/v7e-m+fp/hard/crtn.o
                0x0000000020020000                _estack = (ORIGIN (RAM) + LENGTH (RAM))
                0x0000000000000200                _Min_Heap_Size = 0x200
                0x0000000000000400                _Min_Stack_Size = 0x400

.isr_vector     0x0000000008000000      0x198
                0x0000000008000000                . = ALIGN (0x4)
 *(.isr_vector)
 .isr_vector    0x0000000008000000      0x198 ./Core/Startup/startup_stm32f411retx.o
                0x0000000008000000                g_pfnVectors
                0x0000000008000198                . = ALIGN (0x4)

.text           0x0000000008000198     0x6ed0
                0x0000000008000198                . = ALIGN (0x4)
 *(.text)
 .text          0x0000000008000198       0x40 b:/stm32/stm32cubeide_1.9.0/stm32cubeide/plugins/com.st.stm32cube.ide.mcu.externaltools.gnu-tools-for-stm32.10.3-2021.10.win32_1.0.0.202111181127/tools/bin/../lib/gcc/arm-none-eabi/10.3.1/thumb/v7e-m+fp/hard/crtbegin.o
 .text          0x00000000080001d8      0x378 b:/stm32/stm32cubeide_1.9.0/stm32cubeide/plugins/com.st.stm32cube.ide.mcu.externaltools.gnu-tools-for-stm32.10.3-2021.10.win32_1.0.0.202111181127/tools/bin/../lib/gcc/arm-none-eabi/10.3.1/thumb/v7e-m+fp/hard\libgcc.a(_arm_addsubdf3.o)
                0x00000000080001d8                __aeabi_drsub
                0x00000000080001e0                __aeabi_dsub
                0x00000000080001e0                __subdf3
                0x00000000080001e4                __aeabi_dadd
                0x00000000080001e4                __adddf3
                0x000000000800045c                __floatunsidf
                0x000000000800045c                __aeabi_ui2d
                0x000000000800047c                __floatsidf
                0x000000000800047c                __aeabi_i2d
                0x00000000080004a0                __aeabi_f2d
                0x00000000080004a0                __extendsfdf2
                0x00000000080004e4                __floatundidf
                0x00000000080004e4                __aeabi_ul2d
                0x00000000080004f4                __floatdidf
                0x00000000080004f4                __aeabi_l2d
 .text          0x0000000008000550      0x424 b:/stm32/stm32cubeide_1.9.0/stm32cubeide/plugins/com.st.stm32cube.ide.mcu.externaltools.gnu-tools-for-stm32.10.3-2021.10.win32_1.0.0.202111181127/tools/bin/../lib/gcc/arm-none-eabi/10.3.1/thumb/v7e-m+fp/hard\libgcc.a(_arm_muldivdf3.o)
                0x0000000008000550                __aeabi_dmul
                0x0000000008000550                __muldf3
                0x00000000080007a4                __divdf3
                0x00000000080007a4                __aeabi_ddiv
 .text          0x0000000008000974      0x110 b:/stm32/stm32cubeide_1.9.0/stm32cubeide/plugins/com.st.stm32cube.ide.mcu.externaltools.gnu-tools-for-stm32.10.3-2021.10.win32_1.0.0.202111181127/tools/bin/../lib/gcc/arm-none-eabi/10.3.1/thumb/v7e-m+fp/hard\libgcc.a(_arm_cmpdf2.o)
                0x0000000008000974                __gtdf2
                0x0000000008000974                __gedf2
                0x000000000800097c                __ltdf2
                0x000000000800097c                __ledf2
                0x0000000008000984                __nedf2
                0x0000000008000984                __eqdf2
                0x0000000008000984                __cmpdf2
                0x0000000008000a00                __aeabi_cdrcmple
                0x0000000008000a10                __aeabi_cdcmpeq
                0x0000000008000a10                __aeabi_cdcmple
                0x0000000008000a20                __aeabi_dcmpeq
                0x0000000008000a34                __aeabi_dcmplt
                0x0000000008000a48                __aeabi_dcmple
                0x0000000008000a5c                __aeabi_dcmpge
                0x0000000008000a70                __aeabi_dcmpgt
 .text          0x0000000008000a84       0xa0 b:/stm32/stm32cubeide_1.9.0/stm32cubeide/plugins/com.st.stm32cube.ide.mcu.externaltools.gnu-tools-for-stm32.10.3-2021.10.win32_1.0.0.202111181127/tools/bin/../lib/gcc/arm-none-eabi/10.3.1/thumb/v7e-m+fp/hard\libgcc.a(_arm_truncdfsf2.o)
                0x0000000008000a84                __truncdfsf2
                0x0000000008000a84                __aeabi_d2f
 .text          0x0000000008000b24       0x30 b:/stm32/stm32cubeide_1.9.0/stm32cubeide/plugins/com.st.stm32cube.ide.mcu.externaltools.gnu-tools-for-stm32.10.3-2021.10.win32_1.0.0.202111181127/tools/bin/../lib/gcc/arm-none-eabi/10.3.1/thumb/v7e-m+fp/hard\libgcc.a(_aeabi_uldivmod.o)
                0x0000000008000b24                __aeabi_uldivmod
 .text          0x0000000008000b54      0x2d0 b:/stm32/stm32cubeide_1.9.0/stm32cubeide/plugins/com.st.stm32cube.ide.mcu.externaltools.gnu-tools-for-stm32.10.3-2021.10.win32_1.0.0.202111181127/tools/bin/../lib/gcc/arm-none-eabi/10.3.1/thumb/v7e-m+fp/hard\libgcc.a(_udivmoddi4.o)
                0x0000000008000b54                __udivmoddi4
 .text          0x0000000008000e24        0x4 b:/stm32/stm32cubeide_1.9.0/stm32cubeide/plugins/com.st.stm32cube.ide.mcu.externaltools.gnu-tools-for-stm32.10.3-2021.10.win32_1.0.0.202111181127/tools/bin/../lib/gcc/arm-none-eabi/10.3.1/thumb/v7e-m+fp/hard\libgcc.a(_dvmd_tls.o)
                0x0000000008000e24                __aeabi_idiv0
                0x0000000008000e24                __aeabi_ldiv0
 *(.text*)
 .text.KalmanMatrixInit
                0x0000000008000e28      0x2b4 ./Core/Src/Kalman.o
                0x0000000008000e28                KalmanMatrixInit
 .text.KalmanFilterFunction
                0x00000000080010dc      0x25a ./Core/Src/Kalman.o
                0x00000000080010dc                KalmanFilterFunction
 .text.PIDVelocityController_Init
                0x0000000008001336       0x4c ./Core/Src/PIDVelocity.o
                0x0000000008001336                PIDVelocityController_Init
 .text.PIDVelocityController_Update
                0x0000000008001382      0x184 ./Core/Src/PIDVelocity.o
                0x0000000008001382                PIDVelocityController_Update
 *fill*         0x0000000008001506        0x2 
 .text.VmaxOptimization
                0x0000000008001508      0x118 ./Core/Src/Trajectory.o
                0x0000000008001508                VmaxOptimization
 .text.CoefficientAndTimeCalculation
                0x0000000008001620      0xaa4 ./Core/Src/Trajectory.o
                0x0000000008001620                CoefficientAndTimeCalculation
 *fill*         0x00000000080020c4        0x4 
 .text.TrajectoryEvaluation
                0x00000000080020c8      0x82c ./Core/Src/Trajectory.o
                0x00000000080020c8                TrajectoryEvaluation
 .text.main     0x00000000080028f4       0xd0 ./Core/Src/main.o
                0x00000000080028f4                main
 .text.SystemClock_Config
                0x00000000080029c4       0xd0 ./Core/Src/main.o
                0x00000000080029c4                SystemClock_Config
 .text.MX_TIM1_Init
                0x0000000008002a94      0x108 ./Core/Src/main.o
 .text.MX_TIM2_Init
                0x0000000008002b9c       0xa8 ./Core/Src/main.o
 .text.MX_TIM3_Init
                0x0000000008002c44       0x9c ./Core/Src/main.o
 .text.MX_TIM11_Init
                0x0000000008002ce0       0x48 ./Core/Src/main.o
 .text.MX_USART2_UART_Init
                0x0000000008002d28       0x58 ./Core/Src/main.o
 .text.MX_GPIO_Init
                0x0000000008002d80       0xe0 ./Core/Src/main.o
 .text.EncoderRead
                0x0000000008002e60      0x120 ./Core/Src/main.o
                0x0000000008002e60                EncoderRead
 .text.PWMAbs   0x0000000008002f80       0x22 ./Core/Src/main.o
                0x0000000008002f80                PWMAbs
 *fill*         0x0000000008002fa2        0x2 
 .text.Drivemotor
                0x0000000008002fa4       0xb4 ./Core/Src/main.o
                0x0000000008002fa4                Drivemotor
 .text.AbsVal   0x0000000008003058       0x44 ./Core/Src/main.o
                0x0000000008003058                AbsVal
 *fill*         0x000000000800309c        0x4 
 .text.ControllLoopAndErrorHandler
                0x00000000080030a0      0x16c ./Core/Src/main.o
                0x00000000080030a0                ControllLoopAndErrorHandler
 .text.HAL_TIM_PeriodElapsedCallback
                0x000000000800320c       0x8c ./Core/Src/main.o
                0x000000000800320c                HAL_TIM_PeriodElapsedCallback
 .text.Micros   0x0000000008003298       0x30 ./Core/Src/main.o
                0x0000000008003298                Micros
 .text.UARTRecieveIT
                0x00000000080032c8       0xf0 ./Core/Src/main.o
                0x00000000080032c8                UARTRecieveIT
 .text.Error_Handler
                0x00000000080033b8        0xa ./Core/Src/main.o
                0x00000000080033b8                Error_Handler
 *fill*         0x00000000080033c2        0x2 
 .text.HAL_MspInit
                0x00000000080033c4       0x50 ./Core/Src/stm32f4xx_hal_msp.o
                0x00000000080033c4                HAL_MspInit
 .text.HAL_TIM_PWM_MspInit
                0x0000000008003414       0x50 ./Core/Src/stm32f4xx_hal_msp.o
                0x0000000008003414                HAL_TIM_PWM_MspInit
 .text.HAL_TIM_Encoder_MspInit
                0x0000000008003464       0x8c ./Core/Src/stm32f4xx_hal_msp.o
                0x0000000008003464                HAL_TIM_Encoder_MspInit
 .text.HAL_TIM_Base_MspInit
                0x00000000080034f0       0x8c ./Core/Src/stm32f4xx_hal_msp.o
                0x00000000080034f0                HAL_TIM_Base_MspInit
 .text.HAL_TIM_MspPostInit
                0x000000000800357c       0x74 ./Core/Src/stm32f4xx_hal_msp.o
                0x000000000800357c                HAL_TIM_MspPostInit
 .text.HAL_UART_MspInit
                0x00000000080035f0       0xa0 ./Core/Src/stm32f4xx_hal_msp.o
                0x00000000080035f0                HAL_UART_MspInit
 .text.NMI_Handler
                0x0000000008003690        0x6 ./Core/Src/stm32f4xx_it.o
                0x0000000008003690                NMI_Handler
 .text.HardFault_Handler
                0x0000000008003696        0x6 ./Core/Src/stm32f4xx_it.o
                0x0000000008003696                HardFault_Handler
 .text.MemManage_Handler
                0x000000000800369c        0x6 ./Core/Src/stm32f4xx_it.o
                0x000000000800369c                MemManage_Handler
 .text.BusFault_Handler
                0x00000000080036a2        0x6 ./Core/Src/stm32f4xx_it.o
                0x00000000080036a2                BusFault_Handler
 .text.UsageFault_Handler
                0x00000000080036a8        0x6 ./Core/Src/stm32f4xx_it.o
                0x00000000080036a8                UsageFault_Handler
 .text.SVC_Handler
                0x00000000080036ae        0xe ./Core/Src/stm32f4xx_it.o
                0x00000000080036ae                SVC_Handler
 .text.DebugMon_Handler
                0x00000000080036bc        0xe ./Core/Src/stm32f4xx_it.o
                0x00000000080036bc                DebugMon_Handler
 .text.PendSV_Handler
                0x00000000080036ca        0xe ./Core/Src/stm32f4xx_it.o
                0x00000000080036ca                PendSV_Handler
 .text.SysTick_Handler
                0x00000000080036d8        0xc ./Core/Src/stm32f4xx_it.o
                0x00000000080036d8                SysTick_Handler
 .text.TIM1_TRG_COM_TIM11_IRQHandler
                0x00000000080036e4       0x1c ./Core/Src/stm32f4xx_it.o
                0x00000000080036e4                TIM1_TRG_COM_TIM11_IRQHandler
 .text.TIM3_IRQHandler
                0x0000000008003700       0x14 ./Core/Src/stm32f4xx_it.o
                0x0000000008003700                TIM3_IRQHandler
 .text.USART2_IRQHandler
                0x0000000008003714       0x14 ./Core/Src/stm32f4xx_it.o
                0x0000000008003714                USART2_IRQHandler
 .text.SystemInit
                0x0000000008003728       0x24 ./Core/Src/system_stm32f4xx.o
                0x0000000008003728                SystemInit
 .text.Reset_Handler
                0x000000000800374c       0x50 ./Core/Startup/startup_stm32f411retx.o
                0x000000000800374c                Reset_Handler
 .text.Default_Handler
                0x000000000800379c        0x2 ./Core/Startup/startup_stm32f411retx.o
                0x000000000800379c                RTC_Alarm_IRQHandler
                0x000000000800379c                EXTI2_IRQHandler
                0x000000000800379c                SPI4_IRQHandler
                0x000000000800379c                TIM1_CC_IRQHandler
                0x000000000800379c                DMA2_Stream5_IRQHandler
                0x000000000800379c                DMA1_Stream5_IRQHandler
                0x000000000800379c                PVD_IRQHandler
                0x000000000800379c                SDIO_IRQHandler
                0x000000000800379c                TAMP_STAMP_IRQHandler
                0x000000000800379c                EXTI3_IRQHandler
                0x000000000800379c                TIM1_UP_TIM10_IRQHandler
                0x000000000800379c                I2C3_ER_IRQHandler
                0x000000000800379c                EXTI0_IRQHandler
                0x000000000800379c                I2C2_EV_IRQHandler
                0x000000000800379c                DMA1_Stream2_IRQHandler
                0x000000000800379c                FPU_IRQHandler
                0x000000000800379c                DMA2_Stream2_IRQHandler
                0x000000000800379c                SPI1_IRQHandler
                0x000000000800379c                TIM1_BRK_TIM9_IRQHandler
                0x000000000800379c                DMA2_Stream3_IRQHandler
                0x000000000800379c                USART6_IRQHandler
                0x000000000800379c                DMA2_Stream0_IRQHandler
                0x000000000800379c                TIM4_IRQHandler
                0x000000000800379c                I2C1_EV_IRQHandler
                0x000000000800379c                DMA1_Stream6_IRQHandler
                0x000000000800379c                DMA1_Stream1_IRQHandler
                0x000000000800379c                RCC_IRQHandler
                0x000000000800379c                Default_Handler
                0x000000000800379c                EXTI15_10_IRQHandler
                0x000000000800379c                ADC_IRQHandler
                0x000000000800379c                DMA1_Stream7_IRQHandler
                0x000000000800379c                SPI5_IRQHandler
                0x000000000800379c                TIM5_IRQHandler
                0x000000000800379c                DMA2_Stream7_IRQHandler
                0x000000000800379c                I2C3_EV_IRQHandler
                0x000000000800379c                EXTI9_5_IRQHandler
                0x000000000800379c                RTC_WKUP_IRQHandler
                0x000000000800379c                SPI2_IRQHandler
                0x000000000800379c                DMA1_Stream0_IRQHandler
                0x000000000800379c                EXTI4_IRQHandler
                0x000000000800379c                WWDG_IRQHandler
                0x000000000800379c                TIM2_IRQHandler
                0x000000000800379c                OTG_FS_WKUP_IRQHandler
                0x000000000800379c                EXTI1_IRQHandler
                0x000000000800379c                I2C2_ER_IRQHandler
                0x000000000800379c                DMA2_Stream1_IRQHandler
                0x000000000800379c                FLASH_IRQHandler
                0x000000000800379c                DMA2_Stream4_IRQHandler
                0x000000000800379c                USART1_IRQHandler
                0x000000000800379c                OTG_FS_IRQHandler
                0x000000000800379c                SPI3_IRQHandler
                0x000000000800379c                DMA1_Stream4_IRQHandler
                0x000000000800379c                I2C1_ER_IRQHandler
                0x000000000800379c                DMA2_Stream6_IRQHandler
                0x000000000800379c                DMA1_Stream3_IRQHandler
 *fill*         0x000000000800379e        0x2 
 .text.HAL_Init
                0x00000000080037a0       0x44 ./Drivers/STM32F4xx_HAL_Driver/Src/stm32f4xx_hal.o
                0x00000000080037a0                HAL_Init
 .text.HAL_InitTick
                0x00000000080037e4       0x60 ./Drivers/STM32F4xx_HAL_Driver/Src/stm32f4xx_hal.o
                0x00000000080037e4                HAL_InitTick
 .text.HAL_IncTick
                0x0000000008003844       0x28 ./Drivers/STM32F4xx_HAL_Driver/Src/stm32f4xx_hal.o
                0x0000000008003844                HAL_IncTick
 .text.HAL_GetTick
                0x000000000800386c       0x18 ./Drivers/STM32F4xx_HAL_Driver/Src/stm32f4xx_hal.o
                0x000000000800386c                HAL_GetTick
 .text.__NVIC_SetPriorityGrouping
                0x0000000008003884       0x48 ./Drivers/STM32F4xx_HAL_Driver/Src/stm32f4xx_hal_cortex.o
 .text.__NVIC_GetPriorityGrouping
                0x00000000080038cc       0x1c ./Drivers/STM32F4xx_HAL_Driver/Src/stm32f4xx_hal_cortex.o
 .text.__NVIC_EnableIRQ
                0x00000000080038e8       0x3c ./Drivers/STM32F4xx_HAL_Driver/Src/stm32f4xx_hal_cortex.o
 .text.__NVIC_SetPriority
                0x0000000008003924       0x54 ./Drivers/STM32F4xx_HAL_Driver/Src/stm32f4xx_hal_cortex.o
 .text.NVIC_EncodePriority
                0x0000000008003978       0x66 ./Drivers/STM32F4xx_HAL_Driver/Src/stm32f4xx_hal_cortex.o
 *fill*         0x00000000080039de        0x2 
 .text.SysTick_Config
                0x00000000080039e0       0x44 ./Drivers/STM32F4xx_HAL_Driver/Src/stm32f4xx_hal_cortex.o
 .text.HAL_NVIC_SetPriorityGrouping
                0x0000000008003a24       0x16 ./Drivers/STM32F4xx_HAL_Driver/Src/stm32f4xx_hal_cortex.o
                0x0000000008003a24                HAL_NVIC_SetPriorityGrouping
 .text.HAL_NVIC_SetPriority
                0x0000000008003a3a       0x38 ./Drivers/STM32F4xx_HAL_Driver/Src/stm32f4xx_hal_cortex.o
                0x0000000008003a3a                HAL_NVIC_SetPriority
 .text.HAL_NVIC_EnableIRQ
                0x0000000008003a72       0x1c ./Drivers/STM32F4xx_HAL_Driver/Src/stm32f4xx_hal_cortex.o
                0x0000000008003a72                HAL_NVIC_EnableIRQ
 .text.HAL_SYSTICK_Config
                0x0000000008003a8e       0x18 ./Drivers/STM32F4xx_HAL_Driver/Src/stm32f4xx_hal_cortex.o
                0x0000000008003a8e                HAL_SYSTICK_Config
 .text.HAL_DMA_Abort
                0x0000000008003aa6       0xe0 ./Drivers/STM32F4xx_HAL_Driver/Src/stm32f4xx_hal_dma.o
                0x0000000008003aa6                HAL_DMA_Abort
 .text.HAL_DMA_Abort_IT
                0x0000000008003b86       0x44 ./Drivers/STM32F4xx_HAL_Driver/Src/stm32f4xx_hal_dma.o
                0x0000000008003b86                HAL_DMA_Abort_IT
 *fill*         0x0000000008003bca        0x2 
 .text.HAL_GPIO_Init
                0x0000000008003bcc      0x308 ./Drivers/STM32F4xx_HAL_Driver/Src/stm32f4xx_hal_gpio.o
                0x0000000008003bcc                HAL_GPIO_Init
 .text.HAL_GPIO_WritePin
                0x0000000008003ed4       0x32 ./Drivers/STM32F4xx_HAL_Driver/Src/stm32f4xx_hal_gpio.o
                0x0000000008003ed4                HAL_GPIO_WritePin
 *fill*         0x0000000008003f06        0x2 
 .text.HAL_RCC_OscConfig
                0x0000000008003f08      0x4f0 ./Drivers/STM32F4xx_HAL_Driver/Src/stm32f4xx_hal_rcc.o
                0x0000000008003f08                HAL_RCC_OscConfig
 .text.HAL_RCC_ClockConfig
                0x00000000080043f8      0x1cc ./Drivers/STM32F4xx_HAL_Driver/Src/stm32f4xx_hal_rcc.o
                0x00000000080043f8                HAL_RCC_ClockConfig
 .text.HAL_RCC_GetSysClockFreq
                0x00000000080045c4      0x20c ./Drivers/STM32F4xx_HAL_Driver/Src/stm32f4xx_hal_rcc.o
                0x00000000080045c4                HAL_RCC_GetSysClockFreq
 .text.HAL_RCC_GetHCLKFreq
                0x00000000080047d0       0x18 ./Drivers/STM32F4xx_HAL_Driver/Src/stm32f4xx_hal_rcc.o
                0x00000000080047d0                HAL_RCC_GetHCLKFreq
 .text.HAL_RCC_GetPCLK1Freq
                0x00000000080047e8       0x28 ./Drivers/STM32F4xx_HAL_Driver/Src/stm32f4xx_hal_rcc.o
                0x00000000080047e8                HAL_RCC_GetPCLK1Freq
 .text.HAL_RCC_GetPCLK2Freq
                0x0000000008004810       0x28 ./Drivers/STM32F4xx_HAL_Driver/Src/stm32f4xx_hal_rcc.o
                0x0000000008004810                HAL_RCC_GetPCLK2Freq
 .text.HAL_TIM_Base_Init
                0x0000000008004838       0x9e ./Drivers/STM32F4xx_HAL_Driver/Src/stm32f4xx_hal_tim.o
                0x0000000008004838                HAL_TIM_Base_Init
 *fill*         0x00000000080048d6        0x2 
 .text.HAL_TIM_Base_Start_IT
                0x00000000080048d8       0xc4 ./Drivers/STM32F4xx_HAL_Driver/Src/stm32f4xx_hal_tim.o
                0x00000000080048d8                HAL_TIM_Base_Start_IT
 .text.HAL_TIM_PWM_Init
                0x000000000800499c       0x9e ./Drivers/STM32F4xx_HAL_Driver/Src/stm32f4xx_hal_tim.o
                0x000000000800499c                HAL_TIM_PWM_Init
 *fill*         0x0000000008004a3a        0x2 
 .text.HAL_TIM_PWM_Start
                0x0000000008004a3c      0x160 ./Drivers/STM32F4xx_HAL_Driver/Src/stm32f4xx_hal_tim.o
                0x0000000008004a3c                HAL_TIM_PWM_Start
 .text.HAL_TIM_Encoder_Init
                0x0000000008004b9c      0x14c ./Drivers/STM32F4xx_HAL_Driver/Src/stm32f4xx_hal_tim.o
                0x0000000008004b9c                HAL_TIM_Encoder_Init
 .text.HAL_TIM_Encoder_Start
                0x0000000008004ce8      0x11c ./Drivers/STM32F4xx_HAL_Driver/Src/stm32f4xx_hal_tim.o
                0x0000000008004ce8                HAL_TIM_Encoder_Start
 .text.HAL_TIM_IRQHandler
                0x0000000008004e04      0x210 ./Drivers/STM32F4xx_HAL_Driver/Src/stm32f4xx_hal_tim.o
                0x0000000008004e04                HAL_TIM_IRQHandler
 .text.HAL_TIM_PWM_ConfigChannel
                0x0000000008005014      0x184 ./Drivers/STM32F4xx_HAL_Driver/Src/stm32f4xx_hal_tim.o
                0x0000000008005014                HAL_TIM_PWM_ConfigChannel
 .text.HAL_TIM_ConfigClockSource
                0x0000000008005198      0x18e ./Drivers/STM32F4xx_HAL_Driver/Src/stm32f4xx_hal_tim.o
                0x0000000008005198                HAL_TIM_ConfigClockSource
 .text.HAL_TIM_OC_DelayElapsedCallback
                0x0000000008005326       0x14 ./Drivers/STM32F4xx_HAL_Driver/Src/stm32f4xx_hal_tim.o
                0x0000000008005326                HAL_TIM_OC_DelayElapsedCallback
 .text.HAL_TIM_IC_CaptureCallback
                0x000000000800533a       0x14 ./Drivers/STM32F4xx_HAL_Driver/Src/stm32f4xx_hal_tim.o
                0x000000000800533a                HAL_TIM_IC_CaptureCallback
 .text.HAL_TIM_PWM_PulseFinishedCallback
                0x000000000800534e       0x14 ./Drivers/STM32F4xx_HAL_Driver/Src/stm32f4xx_hal_tim.o
                0x000000000800534e                HAL_TIM_PWM_PulseFinishedCallback
 .text.HAL_TIM_TriggerCallback
                0x0000000008005362       0x14 ./Drivers/STM32F4xx_HAL_Driver/Src/stm32f4xx_hal_tim.o
                0x0000000008005362                HAL_TIM_TriggerCallback
 *fill*         0x0000000008005376        0x2 
 .text.TIM_Base_SetConfig
                0x0000000008005378      0x100 ./Drivers/STM32F4xx_HAL_Driver/Src/stm32f4xx_hal_tim.o
                0x0000000008005378                TIM_Base_SetConfig
 .text.TIM_OC1_SetConfig
                0x0000000008005478       0xcc ./Drivers/STM32F4xx_HAL_Driver/Src/stm32f4xx_hal_tim.o
 .text.TIM_OC2_SetConfig
                0x0000000008005544       0xd8 ./Drivers/STM32F4xx_HAL_Driver/Src/stm32f4xx_hal_tim.o
                0x0000000008005544                TIM_OC2_SetConfig
 .text.TIM_OC3_SetConfig
                0x000000000800561c       0xd4 ./Drivers/STM32F4xx_HAL_Driver/Src/stm32f4xx_hal_tim.o
 .text.TIM_OC4_SetConfig
                0x00000000080056f0       0xa0 ./Drivers/STM32F4xx_HAL_Driver/Src/stm32f4xx_hal_tim.o
 .text.TIM_TI1_ConfigInputStage
                0x0000000008005790       0x5e ./Drivers/STM32F4xx_HAL_Driver/Src/stm32f4xx_hal_tim.o
 .text.TIM_TI2_ConfigInputStage
                0x00000000080057ee       0x60 ./Drivers/STM32F4xx_HAL_Driver/Src/stm32f4xx_hal_tim.o
 .text.TIM_ITRx_SetConfig
                0x000000000800584e       0x36 ./Drivers/STM32F4xx_HAL_Driver/Src/stm32f4xx_hal_tim.o
 .text.TIM_ETR_SetConfig
                0x0000000008005884       0x40 ./Drivers/STM32F4xx_HAL_Driver/Src/stm32f4xx_hal_tim.o
                0x0000000008005884                TIM_ETR_SetConfig
 .text.TIM_CCxChannelCmd
                0x00000000080058c4       0x4a ./Drivers/STM32F4xx_HAL_Driver/Src/stm32f4xx_hal_tim.o
                0x00000000080058c4                TIM_CCxChannelCmd
 *fill*         0x000000000800590e        0x2 
 .text.HAL_TIMEx_MasterConfigSynchronization
                0x0000000008005910       0xdc ./Drivers/STM32F4xx_HAL_Driver/Src/stm32f4xx_hal_tim_ex.o
                0x0000000008005910                HAL_TIMEx_MasterConfigSynchronization
 .text.HAL_TIMEx_ConfigBreakDeadTime
                0x00000000080059ec       0xa4 ./Drivers/STM32F4xx_HAL_Driver/Src/stm32f4xx_hal_tim_ex.o
                0x00000000080059ec                HAL_TIMEx_ConfigBreakDeadTime
 .text.HAL_TIMEx_CommutCallback
                0x0000000008005a90       0x14 ./Drivers/STM32F4xx_HAL_Driver/Src/stm32f4xx_hal_tim_ex.o
                0x0000000008005a90                HAL_TIMEx_CommutCallback
 .text.HAL_TIMEx_BreakCallback
                0x0000000008005aa4       0x14 ./Drivers/STM32F4xx_HAL_Driver/Src/stm32f4xx_hal_tim_ex.o
                0x0000000008005aa4                HAL_TIMEx_BreakCallback
 .text.HAL_UART_Init
                0x0000000008005ab8       0x9a ./Drivers/STM32F4xx_HAL_Driver/Src/stm32f4xx_hal_uart.o
                0x0000000008005ab8                HAL_UART_Init
 .text.HAL_UART_Transmit_IT
                0x0000000008005b52       0x8a ./Drivers/STM32F4xx_HAL_Driver/Src/stm32f4xx_hal_uart.o
                0x0000000008005b52                HAL_UART_Transmit_IT
 .text.HAL_UART_Receive_IT
                0x0000000008005bdc       0x60 ./Drivers/STM32F4xx_HAL_Driver/Src/stm32f4xx_hal_uart.o
                0x0000000008005bdc                HAL_UART_Receive_IT
 .text.HAL_UART_IRQHandler
                0x0000000008005c3c      0x51c ./Drivers/STM32F4xx_HAL_Driver/Src/stm32f4xx_hal_uart.o
                0x0000000008005c3c                HAL_UART_IRQHandler
 .text.HAL_UART_TxCpltCallback
                0x0000000008006158       0x14 ./Drivers/STM32F4xx_HAL_Driver/Src/stm32f4xx_hal_uart.o
                0x0000000008006158                HAL_UART_TxCpltCallback
 .text.HAL_UART_RxCpltCallback
                0x000000000800616c       0x14 ./Drivers/STM32F4xx_HAL_Driver/Src/stm32f4xx_hal_uart.o
                0x000000000800616c                HAL_UART_RxCpltCallback
 .text.HAL_UART_ErrorCallback
                0x0000000008006180       0x14 ./Drivers/STM32F4xx_HAL_Driver/Src/stm32f4xx_hal_uart.o
                0x0000000008006180                HAL_UART_ErrorCallback
 .text.HAL_UARTEx_RxEventCallback
                0x0000000008006194       0x18 ./Drivers/STM32F4xx_HAL_Driver/Src/stm32f4xx_hal_uart.o
                0x0000000008006194                HAL_UARTEx_RxEventCallback
 .text.UART_Start_Receive_IT
                0x00000000080061ac       0x7c ./Drivers/STM32F4xx_HAL_Driver/Src/stm32f4xx_hal_uart.o
                0x00000000080061ac                UART_Start_Receive_IT
 .text.UART_EndRxTransfer
                0x0000000008006228       0xc6 ./Drivers/STM32F4xx_HAL_Driver/Src/stm32f4xx_hal_uart.o
 .text.UART_DMAAbortOnError
                0x00000000080062ee       0x28 ./Drivers/STM32F4xx_HAL_Driver/Src/stm32f4xx_hal_uart.o
 .text.UART_Transmit_IT
                0x0000000008006316       0xa0 ./Drivers/STM32F4xx_HAL_Driver/Src/stm32f4xx_hal_uart.o
 .text.UART_EndTransmit_IT
                0x00000000080063b6       0x30 ./Drivers/STM32F4xx_HAL_Driver/Src/stm32f4xx_hal_uart.o
 .text.UART_Receive_IT
                0x00000000080063e6      0x176 ./Drivers/STM32F4xx_HAL_Driver/Src/stm32f4xx_hal_uart.o
 .text.UART_SetConfig
                0x000000000800655c      0x4e8 ./Drivers/STM32F4xx_HAL_Driver/Src/stm32f4xx_hal_uart.o
 .text.arm_mat_trans_f32
                0x0000000008006a44       0xb8 ../Middlewares/Third_Party/ARM_CMSIS/CMSIS/DSP/Lib/GCC\libarm_cortexM4lf_math.a(arm_mat_trans_f32.o)
                0x0000000008006a44                arm_mat_trans_f32
 .text.arm_mat_sub_f32
                0x0000000008006afc       0xd4 ../Middlewares/Third_Party/ARM_CMSIS/CMSIS/DSP/Lib/GCC\libarm_cortexM4lf_math.a(arm_mat_sub_f32.o)
                0x0000000008006afc                arm_mat_sub_f32
 .text.arm_mat_mult_f32
                0x0000000008006bd0      0x140 ../Middlewares/Third_Party/ARM_CMSIS/CMSIS/DSP/Lib/GCC\libarm_cortexM4lf_math.a(arm_mat_mult_f32.o)
                0x0000000008006bd0                arm_mat_mult_f32
 .text.arm_mat_inverse_f32
                0x0000000008006d10      0x20c ../Middlewares/Third_Party/ARM_CMSIS/CMSIS/DSP/Lib/GCC\libarm_cortexM4lf_math.a(arm_mat_inverse_f32.o)
                0x0000000008006d10                arm_mat_inverse_f32
 .text.arm_mat_init_f32
                0x0000000008006f1c        0x8 ../Middlewares/Third_Party/ARM_CMSIS/CMSIS/DSP/Lib/GCC\libarm_cortexM4lf_math.a(arm_mat_init_f32.o)
                0x0000000008006f1c                arm_mat_init_f32
 .text.arm_mat_add_f32
                0x0000000008006f24       0xd4 ../Middlewares/Third_Party/ARM_CMSIS/CMSIS/DSP/Lib/GCC\libarm_cortexM4lf_math.a(arm_mat_add_f32.o)
                0x0000000008006f24                arm_mat_add_f32
 .text.__libc_init_array
                0x0000000008006ff8       0x48 b:/stm32/stm32cubeide_1.9.0/stm32cubeide/plugins/com.st.stm32cube.ide.mcu.externaltools.gnu-tools-for-stm32.10.3-2021.10.win32_1.0.0.202111181127/tools/bin/../lib/gcc/arm-none-eabi/10.3.1/../../../../arm-none-eabi/lib/thumb/v7e-m+fp/hard\libc_nano.a(lib_a-init.o)
                0x0000000008006ff8                __libc_init_array
 .text.memset   0x0000000008007040       0x10 b:/stm32/stm32cubeide_1.9.0/stm32cubeide/plugins/com.st.stm32cube.ide.mcu.externaltools.gnu-tools-for-stm32.10.3-2021.10.win32_1.0.0.202111181127/tools/bin/../lib/gcc/arm-none-eabi/10.3.1/../../../../arm-none-eabi/lib/thumb/v7e-m+fp/hard\libc_nano.a(lib_a-memset.o)
                0x0000000008007040                memset
 *(.glue_7)
 .glue_7        0x0000000008007050        0x0 linker stubs
 *(.glue_7t)
 .glue_7t       0x0000000008007050        0x0 linker stubs
 *(.eh_frame)
 .eh_frame      0x0000000008007050        0x0 b:/stm32/stm32cubeide_1.9.0/stm32cubeide/plugins/com.st.stm32cube.ide.mcu.externaltools.gnu-tools-for-stm32.10.3-2021.10.win32_1.0.0.202111181127/tools/bin/../lib/gcc/arm-none-eabi/10.3.1/thumb/v7e-m+fp/hard/crtbegin.o
 *(.init)
 .init          0x0000000008007050        0x4 b:/stm32/stm32cubeide_1.9.0/stm32cubeide/plugins/com.st.stm32cube.ide.mcu.externaltools.gnu-tools-for-stm32.10.3-2021.10.win32_1.0.0.202111181127/tools/bin/../lib/gcc/arm-none-eabi/10.3.1/thumb/v7e-m+fp/hard/crti.o
                0x0000000008007050                _init
 .init          0x0000000008007054        0x8 b:/stm32/stm32cubeide_1.9.0/stm32cubeide/plugins/com.st.stm32cube.ide.mcu.externaltools.gnu-tools-for-stm32.10.3-2021.10.win32_1.0.0.202111181127/tools/bin/../lib/gcc/arm-none-eabi/10.3.1/thumb/v7e-m+fp/hard/crtn.o
 *(.fini)
 .fini          0x000000000800705c        0x4 b:/stm32/stm32cubeide_1.9.0/stm32cubeide/plugins/com.st.stm32cube.ide.mcu.externaltools.gnu-tools-for-stm32.10.3-2021.10.win32_1.0.0.202111181127/tools/bin/../lib/gcc/arm-none-eabi/10.3.1/thumb/v7e-m+fp/hard/crti.o
                0x000000000800705c                _fini
 .fini          0x0000000008007060        0x8 b:/stm32/stm32cubeide_1.9.0/stm32cubeide/plugins/com.st.stm32cube.ide.mcu.externaltools.gnu-tools-for-stm32.10.3-2021.10.win32_1.0.0.202111181127/tools/bin/../lib/gcc/arm-none-eabi/10.3.1/thumb/v7e-m+fp/hard/crtn.o
                0x0000000008007068                . = ALIGN (0x4)
                0x0000000008007068                _etext = .

.vfp11_veneer   0x0000000008007068        0x0
 .vfp11_veneer  0x0000000008007068        0x0 linker stubs

.v4_bx          0x0000000008007068        0x0
 .v4_bx         0x0000000008007068        0x0 linker stubs

.iplt           0x0000000008007068        0x0
 .iplt          0x0000000008007068        0x0 b:/stm32/stm32cubeide_1.9.0/stm32cubeide/plugins/com.st.stm32cube.ide.mcu.externaltools.gnu-tools-for-stm32.10.3-2021.10.win32_1.0.0.202111181127/tools/bin/../lib/gcc/arm-none-eabi/10.3.1/thumb/v7e-m+fp/hard/crtbegin.o

.rodata         0x0000000008007068       0x18
                0x0000000008007068                . = ALIGN (0x4)
 *(.rodata)
 *(.rodata*)
 .rodata.AHBPrescTable
                0x0000000008007068       0x10 ./Core/Src/system_stm32f4xx.o
                0x0000000008007068                AHBPrescTable
 .rodata.APBPrescTable
                0x0000000008007078        0x8 ./Core/Src/system_stm32f4xx.o
                0x0000000008007078                APBPrescTable
                0x0000000008007080                . = ALIGN (0x4)

.ARM.extab      0x0000000008007080        0x0
                0x0000000008007080                . = ALIGN (0x4)
 *(.ARM.extab* .gnu.linkonce.armextab.*)
                0x0000000008007080                . = ALIGN (0x4)

.ARM            0x0000000008007080        0x8
                0x0000000008007080                . = ALIGN (0x4)
                0x0000000008007080                __exidx_start = .
 *(.ARM.exidx*)
 .ARM.exidx     0x0000000008007080        0x8 b:/stm32/stm32cubeide_1.9.0/stm32cubeide/plugins/com.st.stm32cube.ide.mcu.externaltools.gnu-tools-for-stm32.10.3-2021.10.win32_1.0.0.202111181127/tools/bin/../lib/gcc/arm-none-eabi/10.3.1/thumb/v7e-m+fp/hard\libgcc.a(_udivmoddi4.o)
                0x0000000008007088                __exidx_end = .
                0x0000000008007088                . = ALIGN (0x4)

.rel.dyn        0x0000000008007088        0x0
 .rel.iplt      0x0000000008007088        0x0 b:/stm32/stm32cubeide_1.9.0/stm32cubeide/plugins/com.st.stm32cube.ide.mcu.externaltools.gnu-tools-for-stm32.10.3-2021.10.win32_1.0.0.202111181127/tools/bin/../lib/gcc/arm-none-eabi/10.3.1/thumb/v7e-m+fp/hard/crtbegin.o

.preinit_array  0x0000000008007088        0x0
                0x0000000008007088                . = ALIGN (0x4)
                0x0000000008007088                PROVIDE (__preinit_array_start = .)
 *(.preinit_array*)
                0x0000000008007088                PROVIDE (__preinit_array_end = .)
                0x0000000008007088                . = ALIGN (0x4)

.init_array     0x0000000008007088        0x4
                0x0000000008007088                . = ALIGN (0x4)
                0x0000000008007088                PROVIDE (__init_array_start = .)
 *(SORT_BY_NAME(.init_array.*))
 *(.init_array*)
 .init_array    0x0000000008007088        0x4 b:/stm32/stm32cubeide_1.9.0/stm32cubeide/plugins/com.st.stm32cube.ide.mcu.externaltools.gnu-tools-for-stm32.10.3-2021.10.win32_1.0.0.202111181127/tools/bin/../lib/gcc/arm-none-eabi/10.3.1/thumb/v7e-m+fp/hard/crtbegin.o
                0x000000000800708c                PROVIDE (__init_array_end = .)
                0x000000000800708c                . = ALIGN (0x4)

.fini_array     0x000000000800708c        0x4
                0x000000000800708c                . = ALIGN (0x4)
                [!provide]                        PROVIDE (__fini_array_start = .)
 *(SORT_BY_NAME(.fini_array.*))
 *(.fini_array*)
 .fini_array    0x000000000800708c        0x4 b:/stm32/stm32cubeide_1.9.0/stm32cubeide/plugins/com.st.stm32cube.ide.mcu.externaltools.gnu-tools-for-stm32.10.3-2021.10.win32_1.0.0.202111181127/tools/bin/../lib/gcc/arm-none-eabi/10.3.1/thumb/v7e-m+fp/hard/crtbegin.o
                [!provide]                        PROVIDE (__fini_array_end = .)
                0x0000000008007090                . = ALIGN (0x4)
                0x0000000008007090                _sidata = LOADADDR (.data)

.data           0x0000000020000000      0x478 load address 0x0000000008007090
                0x0000000020000000                . = ALIGN (0x4)
                0x0000000020000000                _sdata = .
 *(.data)
 *(.data*)
 .data.ACK_1    0x0000000020000000        0x2 ./Core/Src/main.o
                0x0000000020000000                ACK_1
 *fill*         0x0000000020000002        0x2 
 .data.KalmanVar
                0x0000000020000004      0x354 ./Core/Src/main.o
                0x0000000020000004                KalmanVar
 .data.PidVelo  0x0000000020000358       0x30 ./Core/Src/main.o
                0x0000000020000358                PidVelo
 .data.PidPos   0x0000000020000388       0x30 ./Core/Src/main.o
                0x0000000020000388                PidPos
 .data.traject  0x00000000200003b8       0xb0 ./Core/Src/main.o
                0x00000000200003b8                traject
 .data.SignalThreshold.3
                0x0000000020000468        0x4 ./Core/Src/main.o
 .data.SystemCoreClock
                0x000000002000046c        0x4 ./Core/Src/system_stm32f4xx.o
                0x000000002000046c                SystemCoreClock
 .data.uwTickPrio
                0x0000000020000470        0x4 ./Drivers/STM32F4xx_HAL_Driver/Src/stm32f4xx_hal.o
                0x0000000020000470                uwTickPrio
 .data.uwTickFreq
                0x0000000020000474        0x1 ./Drivers/STM32F4xx_HAL_Driver/Src/stm32f4xx_hal.o
                0x0000000020000474                uwTickFreq
 *(.RamFunc)
 *(.RamFunc*)
                0x0000000020000478                . = ALIGN (0x4)
 *fill*         0x0000000020000475        0x3 
                0x0000000020000478                _edata = .

.igot.plt       0x0000000020000478        0x0 load address 0x0000000008007508
 .igot.plt      0x0000000020000478        0x0 b:/stm32/stm32cubeide_1.9.0/stm32cubeide/plugins/com.st.stm32cube.ide.mcu.externaltools.gnu-tools-for-stm32.10.3-2021.10.win32_1.0.0.202111181127/tools/bin/../lib/gcc/arm-none-eabi/10.3.1/thumb/v7e-m+fp/hard/crtbegin.o
                0x0000000020000478                . = ALIGN (0x4)

.bss            0x0000000020000478      0x20c load address 0x0000000008007508
                0x0000000020000478                _sbss = .
                0x0000000020000478                __bss_start__ = _sbss
 *(.bss)
 .bss           0x0000000020000478       0x1c b:/stm32/stm32cubeide_1.9.0/stm32cubeide/plugins/com.st.stm32cube.ide.mcu.externaltools.gnu-tools-for-stm32.10.3-2021.10.win32_1.0.0.202111181127/tools/bin/../lib/gcc/arm-none-eabi/10.3.1/thumb/v7e-m+fp/hard/crtbegin.o
 *(.bss*)
 .bss.t.0       0x0000000020000494        0x4 ./Core/Src/Trajectory.o
 .bss.htim1     0x0000000020000498       0x48 ./Core/Src/main.o
                0x0000000020000498                htim1
 .bss.htim2     0x00000000200004e0       0x48 ./Core/Src/main.o
                0x00000000200004e0                htim2
 .bss.htim3     0x0000000020000528       0x48 ./Core/Src/main.o
                0x0000000020000528                htim3
 .bss.htim11    0x0000000020000570       0x48 ./Core/Src/main.o
                0x0000000020000570                htim11
 .bss.huart2    0x00000000200005b8       0x44 ./Core/Src/main.o
                0x00000000200005b8                huart2
 .bss.RxDataBuffer
                0x00000000200005fc       0x20 ./Core/Src/main.o
                0x00000000200005fc                RxDataBuffer
 .bss.connected
                0x000000002000061c        0x1 ./Core/Src/main.o
                0x000000002000061c                connected
 *fill*         0x000000002000061d        0x1 
 .bss.inputchar
                0x000000002000061e        0x2 ./Core/Src/main.o
                0x000000002000061e                inputchar
 .bss._micro    0x0000000020000620        0x8 ./Core/Src/main.o
                0x0000000020000620                _micro
 .bss.EncoderRawData
                0x0000000020000628        0x8 ./Core/Src/main.o
                0x0000000020000628                EncoderRawData
 .bss.WrappingStep
                0x0000000020000630        0x4 ./Core/Src/main.o
                0x0000000020000630                WrappingStep
 .bss.PositionRaw
                0x0000000020000634        0x4 ./Core/Src/main.o
                0x0000000020000634                PositionRaw
 .bss.PositionDeg
                0x0000000020000638        0x4 ./Core/Src/main.o
                0x0000000020000638                PositionDeg
 .bss.VelocityDeg
                0x000000002000063c        0x4 ./Core/Src/main.o
                0x000000002000063c                VelocityDeg
 .bss.setpoint  0x0000000020000640        0x4 ./Core/Src/main.o
                0x0000000020000640                setpoint
 .bss.PWMCHECKER
                0x0000000020000644        0x4 ./Core/Src/main.o
                0x0000000020000644                PWMCHECKER
 .bss.flagT     0x0000000020000648        0x1 ./Core/Src/main.o
                0x0000000020000648                flagT
 *fill*         0x0000000020000649        0x7 
 .bss.StartTime
                0x0000000020000650        0x8 ./Core/Src/main.o
 .bss.CurrentTime
                0x0000000020000658        0x8 ./Core/Src/main.o
 .bss.CheckLoopStartTime
                0x0000000020000660        0x8 ./Core/Src/main.o
 .bss.CheckLoopStopTime
                0x0000000020000668        0x8 ./Core/Src/main.o
 .bss.CheckLoopDiffTime
                0x0000000020000670        0x8 ./Core/Src/main.o
 .bss.dataPos.2
                0x0000000020000678        0x4 ./Core/Src/main.o
 .bss.sum.1     0x000000002000067c        0x1 ./Core/Src/main.o
 .bss.str_idx.0
                0x000000002000067d        0x1 ./Core/Src/main.o
 *fill*         0x000000002000067e        0x2 
 .bss.uwTick    0x0000000020000680        0x4 ./Drivers/STM32F4xx_HAL_Driver/Src/stm32f4xx_hal.o
                0x0000000020000680                uwTick
 *(COMMON)
                0x0000000020000684                . = ALIGN (0x4)
                0x0000000020000684                _ebss = .
                0x0000000020000684                __bss_end__ = _ebss

._user_heap_stack
                0x0000000020000684      0x604 load address 0x0000000008007508
                0x0000000020000688                . = ALIGN (0x8)
 *fill*         0x0000000020000684        0x4 
                [!provide]                        PROVIDE (end = .)
                0x0000000020000688                PROVIDE (_end = .)
                0x0000000020000888                . = (. + _Min_Heap_Size)
 *fill*         0x0000000020000688      0x200 
                0x0000000020000c88                . = (. + _Min_Stack_Size)
 *fill*         0x0000000020000888      0x400 
                0x0000000020000c88                . = ALIGN (0x8)

/DISCARD/
 libc.a(*)
 libm.a(*)
 libgcc.a(*)

.ARM.attributes
                0x0000000000000000       0x30
 *(.ARM.attributes)
 .ARM.attributes
                0x0000000000000000       0x1e b:/stm32/stm32cubeide_1.9.0/stm32cubeide/plugins/com.st.stm32cube.ide.mcu.externaltools.gnu-tools-for-stm32.10.3-2021.10.win32_1.0.0.202111181127/tools/bin/../lib/gcc/arm-none-eabi/10.3.1/thumb/v7e-m+fp/hard/crti.o
 .ARM.attributes
                0x000000000000001e       0x34 b:/stm32/stm32cubeide_1.9.0/stm32cubeide/plugins/com.st.stm32cube.ide.mcu.externaltools.gnu-tools-for-stm32.10.3-2021.10.win32_1.0.0.202111181127/tools/bin/../lib/gcc/arm-none-eabi/10.3.1/thumb/v7e-m+fp/hard/crtbegin.o
 .ARM.attributes
                0x0000000000000052       0x34 ./Core/Src/Kalman.o
 .ARM.attributes
                0x0000000000000086       0x34 ./Core/Src/PIDVelocity.o
 .ARM.attributes
                0x00000000000000ba       0x34 ./Core/Src/Trajectory.o
 .ARM.attributes
                0x00000000000000ee       0x34 ./Core/Src/main.o
 .ARM.attributes
                0x0000000000000122       0x34 ./Core/Src/stm32f4xx_hal_msp.o
 .ARM.attributes
                0x0000000000000156       0x34 ./Core/Src/stm32f4xx_it.o
 .ARM.attributes
                0x000000000000018a       0x34 ./Core/Src/system_stm32f4xx.o
 .ARM.attributes
                0x00000000000001be       0x21 ./Core/Startup/startup_stm32f411retx.o
 .ARM.attributes
                0x00000000000001df       0x34 ./Drivers/STM32F4xx_HAL_Driver/Src/stm32f4xx_hal.o
 .ARM.attributes
                0x0000000000000213       0x34 ./Drivers/STM32F4xx_HAL_Driver/Src/stm32f4xx_hal_cortex.o
 .ARM.attributes
                0x0000000000000247       0x34 ./Drivers/STM32F4xx_HAL_Driver/Src/stm32f4xx_hal_dma.o
 .ARM.attributes
                0x000000000000027b       0x34 ./Drivers/STM32F4xx_HAL_Driver/Src/stm32f4xx_hal_gpio.o
 .ARM.attributes
                0x00000000000002af       0x34 ./Drivers/STM32F4xx_HAL_Driver/Src/stm32f4xx_hal_rcc.o
 .ARM.attributes
                0x00000000000002e3       0x34 ./Drivers/STM32F4xx_HAL_Driver/Src/stm32f4xx_hal_tim.o
 .ARM.attributes
                0x0000000000000317       0x34 ./Drivers/STM32F4xx_HAL_Driver/Src/stm32f4xx_hal_tim_ex.o
 .ARM.attributes
                0x000000000000034b       0x34 ./Drivers/STM32F4xx_HAL_Driver/Src/stm32f4xx_hal_uart.o
 .ARM.attributes
                0x000000000000037f       0x34 ../Middlewares/Third_Party/ARM_CMSIS/CMSIS/DSP/Lib/GCC\libarm_cortexM4lf_math.a(arm_mat_trans_f32.o)
 .ARM.attributes
                0x00000000000003b3       0x34 ../Middlewares/Third_Party/ARM_CMSIS/CMSIS/DSP/Lib/GCC\libarm_cortexM4lf_math.a(arm_mat_sub_f32.o)
 .ARM.attributes
                0x00000000000003e7       0x34 ../Middlewares/Third_Party/ARM_CMSIS/CMSIS/DSP/Lib/GCC\libarm_cortexM4lf_math.a(arm_mat_mult_f32.o)
 .ARM.attributes
                0x000000000000041b       0x34 ../Middlewares/Third_Party/ARM_CMSIS/CMSIS/DSP/Lib/GCC\libarm_cortexM4lf_math.a(arm_mat_inverse_f32.o)
 .ARM.attributes
                0x000000000000044f       0x34 ../Middlewares/Third_Party/ARM_CMSIS/CMSIS/DSP/Lib/GCC\libarm_cortexM4lf_math.a(arm_mat_init_f32.o)
 .ARM.attributes
                0x0000000000000483       0x34 ../Middlewares/Third_Party/ARM_CMSIS/CMSIS/DSP/Lib/GCC\libarm_cortexM4lf_math.a(arm_mat_add_f32.o)
 .ARM.attributes
                0x00000000000004b7       0x34 b:/stm32/stm32cubeide_1.9.0/stm32cubeide/plugins/com.st.stm32cube.ide.mcu.externaltools.gnu-tools-for-stm32.10.3-2021.10.win32_1.0.0.202111181127/tools/bin/../lib/gcc/arm-none-eabi/10.3.1/../../../../arm-none-eabi/lib/thumb/v7e-m+fp/hard\libc_nano.a(lib_a-init.o)
 .ARM.attributes
                0x00000000000004eb       0x34 b:/stm32/stm32cubeide_1.9.0/stm32cubeide/plugins/com.st.stm32cube.ide.mcu.externaltools.gnu-tools-for-stm32.10.3-2021.10.win32_1.0.0.202111181127/tools/bin/../lib/gcc/arm-none-eabi/10.3.1/../../../../arm-none-eabi/lib/thumb/v7e-m+fp/hard\libc_nano.a(lib_a-memset.o)
 .ARM.attributes
                0x000000000000051f       0x1e b:/stm32/stm32cubeide_1.9.0/stm32cubeide/plugins/com.st.stm32cube.ide.mcu.externaltools.gnu-tools-for-stm32.10.3-2021.10.win32_1.0.0.202111181127/tools/bin/../lib/gcc/arm-none-eabi/10.3.1/thumb/v7e-m+fp/hard\libgcc.a(_arm_addsubdf3.o)
 .ARM.attributes
                0x000000000000053d       0x1e b:/stm32/stm32cubeide_1.9.0/stm32cubeide/plugins/com.st.stm32cube.ide.mcu.externaltools.gnu-tools-for-stm32.10.3-2021.10.win32_1.0.0.202111181127/tools/bin/../lib/gcc/arm-none-eabi/10.3.1/thumb/v7e-m+fp/hard\libgcc.a(_arm_muldivdf3.o)
 .ARM.attributes
                0x000000000000055b       0x1e b:/stm32/stm32cubeide_1.9.0/stm32cubeide/plugins/com.st.stm32cube.ide.mcu.externaltools.gnu-tools-for-stm32.10.3-2021.10.win32_1.0.0.202111181127/tools/bin/../lib/gcc/arm-none-eabi/10.3.1/thumb/v7e-m+fp/hard\libgcc.a(_arm_cmpdf2.o)
 .ARM.attributes
                0x0000000000000579       0x1e b:/stm32/stm32cubeide_1.9.0/stm32cubeide/plugins/com.st.stm32cube.ide.mcu.externaltools.gnu-tools-for-stm32.10.3-2021.10.win32_1.0.0.202111181127/tools/bin/../lib/gcc/arm-none-eabi/10.3.1/thumb/v7e-m+fp/hard\libgcc.a(_arm_truncdfsf2.o)
 .ARM.attributes
                0x0000000000000597       0x1e b:/stm32/stm32cubeide_1.9.0/stm32cubeide/plugins/com.st.stm32cube.ide.mcu.externaltools.gnu-tools-for-stm32.10.3-2021.10.win32_1.0.0.202111181127/tools/bin/../lib/gcc/arm-none-eabi/10.3.1/thumb/v7e-m+fp/hard\libgcc.a(_aeabi_uldivmod.o)
 .ARM.attributes
                0x00000000000005b5       0x34 b:/stm32/stm32cubeide_1.9.0/stm32cubeide/plugins/com.st.stm32cube.ide.mcu.externaltools.gnu-tools-for-stm32.10.3-2021.10.win32_1.0.0.202111181127/tools/bin/../lib/gcc/arm-none-eabi/10.3.1/thumb/v7e-m+fp/hard\libgcc.a(_udivmoddi4.o)
 .ARM.attributes
                0x00000000000005e9       0x1e b:/stm32/stm32cubeide_1.9.0/stm32cubeide/plugins/com.st.stm32cube.ide.mcu.externaltools.gnu-tools-for-stm32.10.3-2021.10.win32_1.0.0.202111181127/tools/bin/../lib/gcc/arm-none-eabi/10.3.1/thumb/v7e-m+fp/hard\libgcc.a(_dvmd_tls.o)
 .ARM.attributes
                0x0000000000000607       0x1e b:/stm32/stm32cubeide_1.9.0/stm32cubeide/plugins/com.st.stm32cube.ide.mcu.externaltools.gnu-tools-for-stm32.10.3-2021.10.win32_1.0.0.202111181127/tools/bin/../lib/gcc/arm-none-eabi/10.3.1/thumb/v7e-m+fp/hard/crtn.o
OUTPUT(FRA262.elf elf32-littlearm)
LOAD linker stubs
LOAD b:/stm32/stm32cubeide_1.9.0/stm32cubeide/plugins/com.st.stm32cube.ide.mcu.externaltools.gnu-tools-for-stm32.10.3-2021.10.win32_1.0.0.202111181127/tools/bin/../lib/gcc/arm-none-eabi/10.3.1/../../../../arm-none-eabi/lib/thumb/v7e-m+fp/hard\libc.a
LOAD b:/stm32/stm32cubeide_1.9.0/stm32cubeide/plugins/com.st.stm32cube.ide.mcu.externaltools.gnu-tools-for-stm32.10.3-2021.10.win32_1.0.0.202111181127/tools/bin/../lib/gcc/arm-none-eabi/10.3.1/../../../../arm-none-eabi/lib/thumb/v7e-m+fp/hard\libm.a
LOAD b:/stm32/stm32cubeide_1.9.0/stm32cubeide/plugins/com.st.stm32cube.ide.mcu.externaltools.gnu-tools-for-stm32.10.3-2021.10.win32_1.0.0.202111181127/tools/bin/../lib/gcc/arm-none-eabi/10.3.1/thumb/v7e-m+fp/hard\libgcc.a

.debug_info     0x0000000000000000    0x135f7
 .debug_info    0x0000000000000000      0x5f9 ./Core/Src/Kalman.o
 .debug_info    0x00000000000005f9      0x15f ./Core/Src/PIDVelocity.o
 .debug_info    0x0000000000000758      0x268 ./Core/Src/Trajectory.o
 .debug_info    0x00000000000009c0     0x1e97 ./Core/Src/main.o
 .debug_info    0x0000000000002857     0x109f ./Core/Src/stm32f4xx_hal_msp.o
 .debug_info    0x00000000000038f6      0xa02 ./Core/Src/stm32f4xx_it.o
 .debug_info    0x00000000000042f8      0x54f ./Core/Src/system_stm32f4xx.o
 .debug_info    0x0000000000004847       0x22 ./Core/Startup/startup_stm32f411retx.o
 .debug_info    0x0000000000004869      0x90d ./Drivers/STM32F4xx_HAL_Driver/Src/stm32f4xx_hal.o
 .debug_info    0x0000000000005176      0xd8b ./Drivers/STM32F4xx_HAL_Driver/Src/stm32f4xx_hal_cortex.o
 .debug_info    0x0000000000005f01      0x947 ./Drivers/STM32F4xx_HAL_Driver/Src/stm32f4xx_hal_dma.o
 .debug_info    0x0000000000006848      0x78e ./Drivers/STM32F4xx_HAL_Driver/Src/stm32f4xx_hal_gpio.o
 .debug_info    0x0000000000006fd6      0x98d ./Drivers/STM32F4xx_HAL_Driver/Src/stm32f4xx_hal_rcc.o
 .debug_info    0x0000000000007963     0x2bb6 ./Drivers/STM32F4xx_HAL_Driver/Src/stm32f4xx_hal_tim.o
 .debug_info    0x000000000000a519     0x15d8 ./Drivers/STM32F4xx_HAL_Driver/Src/stm32f4xx_hal_tim_ex.o
 .debug_info    0x000000000000baf1     0x31b4 ./Drivers/STM32F4xx_HAL_Driver/Src/stm32f4xx_hal_uart.o
 .debug_info    0x000000000000eca5      0xc1e ../Middlewares/Third_Party/ARM_CMSIS/CMSIS/DSP/Lib/GCC\libarm_cortexM4lf_math.a(arm_mat_trans_f32.o)
 .debug_info    0x000000000000f8c3      0xbf9 ../Middlewares/Third_Party/ARM_CMSIS/CMSIS/DSP/Lib/GCC\libarm_cortexM4lf_math.a(arm_mat_sub_f32.o)
 .debug_info    0x00000000000104bc      0xcb5 ../Middlewares/Third_Party/ARM_CMSIS/CMSIS/DSP/Lib/GCC\libarm_cortexM4lf_math.a(arm_mat_mult_f32.o)
 .debug_info    0x0000000000011171      0xd81 ../Middlewares/Third_Party/ARM_CMSIS/CMSIS/DSP/Lib/GCC\libarm_cortexM4lf_math.a(arm_mat_inverse_f32.o)
 .debug_info    0x0000000000011ef2      0xb0c ../Middlewares/Third_Party/ARM_CMSIS/CMSIS/DSP/Lib/GCC\libarm_cortexM4lf_math.a(arm_mat_init_f32.o)
 .debug_info    0x00000000000129fe      0xbf9 ../Middlewares/Third_Party/ARM_CMSIS/CMSIS/DSP/Lib/GCC\libarm_cortexM4lf_math.a(arm_mat_add_f32.o)

.debug_abbrev   0x0000000000000000     0x2c07
 .debug_abbrev  0x0000000000000000      0x15d ./Core/Src/Kalman.o
 .debug_abbrev  0x000000000000015d       0xc5 ./Core/Src/PIDVelocity.o
 .debug_abbrev  0x0000000000000222      0x111 ./Core/Src/Trajectory.o
 .debug_abbrev  0x0000000000000333      0x392 ./Core/Src/main.o
 .debug_abbrev  0x00000000000006c5      0x226 ./Core/Src/stm32f4xx_hal_msp.o
 .debug_abbrev  0x00000000000008eb      0x19c ./Core/Src/stm32f4xx_it.o
 .debug_abbrev  0x0000000000000a87      0x116 ./Core/Src/system_stm32f4xx.o
 .debug_abbrev  0x0000000000000b9d       0x12 ./Core/Startup/startup_stm32f411retx.o
 .debug_abbrev  0x0000000000000baf      0x23e ./Drivers/STM32F4xx_HAL_Driver/Src/stm32f4xx_hal.o
 .debug_abbrev  0x0000000000000ded      0x316 ./Drivers/STM32F4xx_HAL_Driver/Src/stm32f4xx_hal_cortex.o
 .debug_abbrev  0x0000000000001103      0x21b ./Drivers/STM32F4xx_HAL_Driver/Src/stm32f4xx_hal_dma.o
 .debug_abbrev  0x000000000000131e      0x1c4 ./Drivers/STM32F4xx_HAL_Driver/Src/stm32f4xx_hal_gpio.o
 .debug_abbrev  0x00000000000014e2      0x2aa ./Drivers/STM32F4xx_HAL_Driver/Src/stm32f4xx_hal_rcc.o
 .debug_abbrev  0x000000000000178c      0x26e ./Drivers/STM32F4xx_HAL_Driver/Src/stm32f4xx_hal_tim.o
 .debug_abbrev  0x00000000000019fa      0x276 ./Drivers/STM32F4xx_HAL_Driver/Src/stm32f4xx_hal_tim_ex.o
 .debug_abbrev  0x0000000000001c70      0x305 ./Drivers/STM32F4xx_HAL_Driver/Src/stm32f4xx_hal_uart.o
 .debug_abbrev  0x0000000000001f75      0x216 ../Middlewares/Third_Party/ARM_CMSIS/CMSIS/DSP/Lib/GCC\libarm_cortexM4lf_math.a(arm_mat_trans_f32.o)
 .debug_abbrev  0x000000000000218b      0x202 ../Middlewares/Third_Party/ARM_CMSIS/CMSIS/DSP/Lib/GCC\libarm_cortexM4lf_math.a(arm_mat_sub_f32.o)
 .debug_abbrev  0x000000000000238d      0x225 ../Middlewares/Third_Party/ARM_CMSIS/CMSIS/DSP/Lib/GCC\libarm_cortexM4lf_math.a(arm_mat_mult_f32.o)
 .debug_abbrev  0x00000000000025b2      0x26c ../Middlewares/Third_Party/ARM_CMSIS/CMSIS/DSP/Lib/GCC\libarm_cortexM4lf_math.a(arm_mat_inverse_f32.o)
 .debug_abbrev  0x000000000000281e      0x1e7 ../Middlewares/Third_Party/ARM_CMSIS/CMSIS/DSP/Lib/GCC\libarm_cortexM4lf_math.a(arm_mat_init_f32.o)
 .debug_abbrev  0x0000000000002a05      0x202 ../Middlewares/Third_Party/ARM_CMSIS/CMSIS/DSP/Lib/GCC\libarm_cortexM4lf_math.a(arm_mat_add_f32.o)

.debug_aranges  0x0000000000000000      0xdc0
 .debug_aranges
                0x0000000000000000       0x28 ./Core/Src/Kalman.o
 .debug_aranges
                0x0000000000000028       0x28 ./Core/Src/PIDVelocity.o
 .debug_aranges
                0x0000000000000050       0x30 ./Core/Src/Trajectory.o
 .debug_aranges
                0x0000000000000080       0xa0 ./Core/Src/main.o
 .debug_aranges
                0x0000000000000120       0x68 ./Core/Src/stm32f4xx_hal_msp.o
 .debug_aranges
                0x0000000000000188       0x78 ./Core/Src/stm32f4xx_it.o
 .debug_aranges
                0x0000000000000200       0x28 ./Core/Src/system_stm32f4xx.o
 .debug_aranges
                0x0000000000000228       0x28 ./Core/Startup/startup_stm32f411retx.o
 .debug_aranges
                0x0000000000000250       0xf0 ./Drivers/STM32F4xx_HAL_Driver/Src/stm32f4xx_hal.o
 .debug_aranges
                0x0000000000000340      0x118 ./Drivers/STM32F4xx_HAL_Driver/Src/stm32f4xx_hal_cortex.o
 .debug_aranges
                0x0000000000000458       0x90 ./Drivers/STM32F4xx_HAL_Driver/Src/stm32f4xx_hal_dma.o
 .debug_aranges
                0x00000000000004e8       0x58 ./Drivers/STM32F4xx_HAL_Driver/Src/stm32f4xx_hal_gpio.o
 .debug_aranges
                0x0000000000000540       0x88 ./Drivers/STM32F4xx_HAL_Driver/Src/stm32f4xx_hal_rcc.o
 .debug_aranges
                0x00000000000005c8      0x3d0 ./Drivers/STM32F4xx_HAL_Driver/Src/stm32f4xx_hal_tim.o
 .debug_aranges
                0x0000000000000998      0x168 ./Drivers/STM32F4xx_HAL_Driver/Src/stm32f4xx_hal_tim_ex.o
 .debug_aranges
                0x0000000000000b00      0x200 ./Drivers/STM32F4xx_HAL_Driver/Src/stm32f4xx_hal_uart.o
 .debug_aranges
                0x0000000000000d00       0x20 ../Middlewares/Third_Party/ARM_CMSIS/CMSIS/DSP/Lib/GCC\libarm_cortexM4lf_math.a(arm_mat_trans_f32.o)
 .debug_aranges
                0x0000000000000d20       0x20 ../Middlewares/Third_Party/ARM_CMSIS/CMSIS/DSP/Lib/GCC\libarm_cortexM4lf_math.a(arm_mat_sub_f32.o)
 .debug_aranges
                0x0000000000000d40       0x20 ../Middlewares/Third_Party/ARM_CMSIS/CMSIS/DSP/Lib/GCC\libarm_cortexM4lf_math.a(arm_mat_mult_f32.o)
 .debug_aranges
                0x0000000000000d60       0x20 ../Middlewares/Third_Party/ARM_CMSIS/CMSIS/DSP/Lib/GCC\libarm_cortexM4lf_math.a(arm_mat_inverse_f32.o)
 .debug_aranges
                0x0000000000000d80       0x20 ../Middlewares/Third_Party/ARM_CMSIS/CMSIS/DSP/Lib/GCC\libarm_cortexM4lf_math.a(arm_mat_init_f32.o)
 .debug_aranges
                0x0000000000000da0       0x20 ../Middlewares/Third_Party/ARM_CMSIS/CMSIS/DSP/Lib/GCC\libarm_cortexM4lf_math.a(arm_mat_add_f32.o)

.debug_ranges   0x0000000000000000      0xc98
 .debug_ranges  0x0000000000000000       0x18 ./Core/Src/Kalman.o
 .debug_ranges  0x0000000000000018       0x18 ./Core/Src/PIDVelocity.o
 .debug_ranges  0x0000000000000030       0x20 ./Core/Src/Trajectory.o
 .debug_ranges  0x0000000000000050       0x90 ./Core/Src/main.o
 .debug_ranges  0x00000000000000e0       0x58 ./Core/Src/stm32f4xx_hal_msp.o
 .debug_ranges  0x0000000000000138       0x68 ./Core/Src/stm32f4xx_it.o
 .debug_ranges  0x00000000000001a0       0x18 ./Core/Src/system_stm32f4xx.o
 .debug_ranges  0x00000000000001b8       0x20 ./Core/Startup/startup_stm32f411retx.o
 .debug_ranges  0x00000000000001d8       0xe0 ./Drivers/STM32F4xx_HAL_Driver/Src/stm32f4xx_hal.o
 .debug_ranges  0x00000000000002b8      0x108 ./Drivers/STM32F4xx_HAL_Driver/Src/stm32f4xx_hal_cortex.o
 .debug_ranges  0x00000000000003c0       0x80 ./Drivers/STM32F4xx_HAL_Driver/Src/stm32f4xx_hal_dma.o
 .debug_ranges  0x0000000000000440       0x48 ./Drivers/STM32F4xx_HAL_Driver/Src/stm32f4xx_hal_gpio.o
 .debug_ranges  0x0000000000000488       0x78 ./Drivers/STM32F4xx_HAL_Driver/Src/stm32f4xx_hal_rcc.o
 .debug_ranges  0x0000000000000500      0x3c0 ./Drivers/STM32F4xx_HAL_Driver/Src/stm32f4xx_hal_tim.o
 .debug_ranges  0x00000000000008c0      0x158 ./Drivers/STM32F4xx_HAL_Driver/Src/stm32f4xx_hal_tim_ex.o
 .debug_ranges  0x0000000000000a18      0x220 ./Drivers/STM32F4xx_HAL_Driver/Src/stm32f4xx_hal_uart.o
 .debug_ranges  0x0000000000000c38       0x10 ../Middlewares/Third_Party/ARM_CMSIS/CMSIS/DSP/Lib/GCC\libarm_cortexM4lf_math.a(arm_mat_trans_f32.o)
 .debug_ranges  0x0000000000000c48       0x10 ../Middlewares/Third_Party/ARM_CMSIS/CMSIS/DSP/Lib/GCC\libarm_cortexM4lf_math.a(arm_mat_sub_f32.o)
 .debug_ranges  0x0000000000000c58       0x10 ../Middlewares/Third_Party/ARM_CMSIS/CMSIS/DSP/Lib/GCC\libarm_cortexM4lf_math.a(arm_mat_mult_f32.o)
 .debug_ranges  0x0000000000000c68       0x10 ../Middlewares/Third_Party/ARM_CMSIS/CMSIS/DSP/Lib/GCC\libarm_cortexM4lf_math.a(arm_mat_inverse_f32.o)
 .debug_ranges  0x0000000000000c78       0x10 ../Middlewares/Third_Party/ARM_CMSIS/CMSIS/DSP/Lib/GCC\libarm_cortexM4lf_math.a(arm_mat_init_f32.o)
 .debug_ranges  0x0000000000000c88       0x10 ../Middlewares/Third_Party/ARM_CMSIS/CMSIS/DSP/Lib/GCC\libarm_cortexM4lf_math.a(arm_mat_add_f32.o)

.debug_macro    0x0000000000000000    0x16def
 .debug_macro   0x0000000000000000      0x2e9 ./Core/Src/Kalman.o
 .debug_macro   0x00000000000002e9      0xa78 ./Core/Src/Kalman.o
 .debug_macro   0x0000000000000d61      0x29b ./Core/Src/Kalman.o
 .debug_macro   0x0000000000000ffc       0x2e ./Core/Src/Kalman.o
 .debug_macro   0x000000000000102a       0x28 ./Core/Src/Kalman.o
 .debug_macro   0x0000000000001052       0x22 ./Core/Src/Kalman.o
 .debug_macro   0x0000000000001074       0x8e ./Core/Src/Kalman.o
 .debug_macro   0x0000000000001102       0x51 ./Core/Src/Kalman.o
 .debug_macro   0x0000000000001153      0x103 ./Core/Src/Kalman.o
 .debug_macro   0x0000000000001256       0x6a ./Core/Src/Kalman.o
 .debug_macro   0x00000000000012c0      0x1df ./Core/Src/Kalman.o
 .debug_macro   0x000000000000149f       0x1c ./Core/Src/Kalman.o
 .debug_macro   0x00000000000014bb       0x22 ./Core/Src/Kalman.o
 .debug_macro   0x00000000000014dd       0xd9 ./Core/Src/Kalman.o
 .debug_macro   0x00000000000015b6     0x102d ./Core/Src/Kalman.o
 .debug_macro   0x00000000000025e3      0x11f ./Core/Src/Kalman.o
 .debug_macro   0x0000000000002702     0xb953 ./Core/Src/Kalman.o
 .debug_macro   0x000000000000e055       0x6d ./Core/Src/Kalman.o
 .debug_macro   0x000000000000e0c2     0x367e ./Core/Src/Kalman.o
 .debug_macro   0x0000000000011740      0x174 ./Core/Src/Kalman.o
 .debug_macro   0x00000000000118b4       0x5c ./Core/Src/Kalman.o
 .debug_macro   0x0000000000011910      0x447 ./Core/Src/Kalman.o
 .debug_macro   0x0000000000011d57      0x9fe ./Core/Src/Kalman.o
 .debug_macro   0x0000000000012755      0x115 ./Core/Src/Kalman.o
 .debug_macro   0x000000000001286a      0x11b ./Core/Src/Kalman.o
 .debug_macro   0x0000000000012985       0xa5 ./Core/Src/Kalman.o
 .debug_macro   0x0000000000012a2a      0x15f ./Core/Src/Kalman.o
 .debug_macro   0x0000000000012b89      0x287 ./Core/Src/Kalman.o
 .debug_macro   0x0000000000012e10       0x5f ./Core/Src/Kalman.o
 .debug_macro   0x0000000000012e6f      0x236 ./Core/Src/Kalman.o
 .debug_macro   0x00000000000130a5      0x132 ./Core/Src/Kalman.o
 .debug_macro   0x00000000000131d7      0x264 ./Core/Src/Kalman.o
 .debug_macro   0x000000000001343b       0x2e ./Core/Src/Kalman.o
 .debug_macro   0x0000000000013469      0x11a ./Core/Src/Kalman.o
 .debug_macro   0x0000000000013583       0x85 ./Core/Src/Kalman.o
 .debug_macro   0x0000000000013608       0x89 ./Core/Src/Kalman.o
 .debug_macro   0x0000000000013691      0x8e6 ./Core/Src/Kalman.o
 .debug_macro   0x0000000000013f77       0x47 ./Core/Src/Kalman.o
 .debug_macro   0x0000000000013fbe      0x295 ./Core/Src/Kalman.o
 .debug_macro   0x0000000000014253      0x126 ./Core/Src/Kalman.o
 .debug_macro   0x0000000000014379       0x64 ./Core/Src/Kalman.o
 .debug_macro   0x00000000000143dd       0x52 ./Core/Src/Kalman.o
 .debug_macro   0x000000000001442f       0x1e ./Core/Src/Kalman.o
 .debug_macro   0x000000000001444d       0x3c ./Core/Src/Kalman.o
 .debug_macro   0x0000000000014489       0x34 ./Core/Src/Kalman.o
 .debug_macro   0x00000000000144bd       0x16 ./Core/Src/Kalman.o
 .debug_macro   0x00000000000144d3       0x43 ./Core/Src/Kalman.o
 .debug_macro   0x0000000000014516       0x34 ./Core/Src/Kalman.o
 .debug_macro   0x000000000001454a       0x10 ./Core/Src/Kalman.o
 .debug_macro   0x000000000001455a       0x58 ./Core/Src/Kalman.o
 .debug_macro   0x00000000000145b2       0x71 ./Core/Src/Kalman.o
 .debug_macro   0x0000000000014623       0x1c ./Core/Src/Kalman.o
 .debug_macro   0x000000000001463f      0x12a ./Core/Src/Kalman.o
 .debug_macro   0x0000000000014769      0x341 ./Core/Src/Kalman.o
 .debug_macro   0x0000000000014aaa       0x10 ./Core/Src/Kalman.o
 .debug_macro   0x0000000000014aba       0x35 ./Core/Src/Kalman.o
 .debug_macro   0x0000000000014aef       0x20 ./Core/Src/Kalman.o
 .debug_macro   0x0000000000014b0f      0x19b ./Core/Src/Kalman.o
 .debug_macro   0x0000000000014caa      0x201 ./Core/Src/Kalman.o
 .debug_macro   0x0000000000014eab       0xc8 ./Core/Src/Kalman.o
 .debug_macro   0x0000000000014f73       0x1b ./Core/Src/PIDVelocity.o
 .debug_macro   0x0000000000014f8e      0x1e7 ./Core/Src/Trajectory.o
 .debug_macro   0x0000000000015175      0x41f ./Core/Src/main.o
 .debug_macro   0x0000000000015594       0x16 ./Core/Src/main.o
 .debug_macro   0x00000000000155aa       0x10 ./Core/Src/main.o
 .debug_macro   0x00000000000155ba       0x10 ./Core/Src/main.o
 .debug_macro   0x00000000000155ca       0x1c ./Core/Src/main.o
 .debug_macro   0x00000000000155e6       0x52 ./Core/Src/main.o
 .debug_macro   0x0000000000015638       0x22 ./Core/Src/main.o
 .debug_macro   0x000000000001565a       0x10 ./Core/Src/main.o
 .debug_macro   0x000000000001566a       0x52 ./Core/Src/main.o
 .debug_macro   0x00000000000156bc       0xd5 ./Core/Src/main.o
 .debug_macro   0x0000000000015791       0x1c ./Core/Src/main.o
 .debug_macro   0x00000000000157ad       0x3d ./Core/Src/main.o
 .debug_macro   0x00000000000157ea       0x16 ./Core/Src/main.o
 .debug_macro   0x0000000000015800      0x145 ./Core/Src/main.o
 .debug_macro   0x0000000000015945       0x16 ./Core/Src/main.o
 .debug_macro   0x000000000001595b      0x1dd ./Core/Src/stm32f4xx_hal_msp.o
 .debug_macro   0x0000000000015b38      0x1e7 ./Core/Src/stm32f4xx_it.o
 .debug_macro   0x0000000000015d1f      0x1ce ./Core/Src/system_stm32f4xx.o
 .debug_macro   0x0000000000015eed      0x22e ./Drivers/STM32F4xx_HAL_Driver/Src/stm32f4xx_hal.o
 .debug_macro   0x000000000001611b      0x1ce ./Drivers/STM32F4xx_HAL_Driver/Src/stm32f4xx_hal_cortex.o
 .debug_macro   0x00000000000162e9      0x1d4 ./Drivers/STM32F4xx_HAL_Driver/Src/stm32f4xx_hal_dma.o
 .debug_macro   0x00000000000164bd      0x1d4 ./Drivers/STM32F4xx_HAL_Driver/Src/stm32f4xx_hal_gpio.o
 .debug_macro   0x0000000000016691      0x1f2 ./Drivers/STM32F4xx_HAL_Driver/Src/stm32f4xx_hal_rcc.o
 .debug_macro   0x0000000000016883      0x1cf ./Drivers/STM32F4xx_HAL_Driver/Src/stm32f4xx_hal_tim.o
 .debug_macro   0x0000000000016a52      0x1ce ./Drivers/STM32F4xx_HAL_Driver/Src/stm32f4xx_hal_tim_ex.o
 .debug_macro   0x0000000000016c20      0x1cf ./Drivers/STM32F4xx_HAL_Driver/Src/stm32f4xx_hal_uart.o

.debug_line     0x0000000000000000    0x10afd
 .debug_line    0x0000000000000000      0xa51 ./Core/Src/Kalman.o
 .debug_line    0x0000000000000a51      0x11d ./Core/Src/PIDVelocity.o
 .debug_line    0x0000000000000b6e     0x1045 ./Core/Src/Trajectory.o
 .debug_line    0x0000000000001bb3      0xe03 ./Core/Src/main.o
 .debug_line    0x00000000000029b6      0x82c ./Core/Src/stm32f4xx_hal_msp.o
 .debug_line    0x00000000000031e2      0x7cf ./Core/Src/stm32f4xx_it.o
 .debug_line    0x00000000000039b1      0x745 ./Core/Src/system_stm32f4xx.o
 .debug_line    0x00000000000040f6       0x88 ./Core/Startup/startup_stm32f411retx.o
 .debug_line    0x000000000000417e      0x9ab ./Drivers/STM32F4xx_HAL_Driver/Src/stm32f4xx_hal.o
 .debug_line    0x0000000000004b29      0xc5a ./Drivers/STM32F4xx_HAL_Driver/Src/stm32f4xx_hal_cortex.o
 .debug_line    0x0000000000005783      0xf0f ./Drivers/STM32F4xx_HAL_Driver/Src/stm32f4xx_hal_dma.o
 .debug_line    0x0000000000006692      0xae3 ./Drivers/STM32F4xx_HAL_Driver/Src/stm32f4xx_hal_gpio.o
 .debug_line    0x0000000000007175      0xd27 ./Drivers/STM32F4xx_HAL_Driver/Src/stm32f4xx_hal_rcc.o
 .debug_line    0x0000000000007e9c     0x3479 ./Drivers/STM32F4xx_HAL_Driver/Src/stm32f4xx_hal_tim.o
 .debug_line    0x000000000000b315     0x1943 ./Drivers/STM32F4xx_HAL_Driver/Src/stm32f4xx_hal_tim_ex.o
 .debug_line    0x000000000000cc58     0x2a50 ./Drivers/STM32F4xx_HAL_Driver/Src/stm32f4xx_hal_uart.o
 .debug_line    0x000000000000f6a8      0x330 ../Middlewares/Third_Party/ARM_CMSIS/CMSIS/DSP/Lib/GCC\libarm_cortexM4lf_math.a(arm_mat_trans_f32.o)
 .debug_line    0x000000000000f9d8      0x31e ../Middlewares/Third_Party/ARM_CMSIS/CMSIS/DSP/Lib/GCC\libarm_cortexM4lf_math.a(arm_mat_sub_f32.o)
 .debug_line    0x000000000000fcf6      0x39a ../Middlewares/Third_Party/ARM_CMSIS/CMSIS/DSP/Lib/GCC\libarm_cortexM4lf_math.a(arm_mat_mult_f32.o)
 .debug_line    0x0000000000010090      0x4f6 ../Middlewares/Third_Party/ARM_CMSIS/CMSIS/DSP/Lib/GCC\libarm_cortexM4lf_math.a(arm_mat_inverse_f32.o)
 .debug_line    0x0000000000010586      0x259 ../Middlewares/Third_Party/ARM_CMSIS/CMSIS/DSP/Lib/GCC\libarm_cortexM4lf_math.a(arm_mat_init_f32.o)
 .debug_line    0x00000000000107df      0x31e ../Middlewares/Third_Party/ARM_CMSIS/CMSIS/DSP/Lib/GCC\libarm_cortexM4lf_math.a(arm_mat_add_f32.o)

.debug_str      0x0000000000000000    0x901bb
 .debug_str     0x0000000000000000    0x8ac61 ./Core/Src/Kalman.o
                                      0x8af97 (size before relaxing)
 .debug_str     0x000000000008ac61      0x126 ./Core/Src/PIDVelocity.o
                                       0x2deb (size before relaxing)
 .debug_str     0x000000000008ad87       0xc4 ./Core/Src/Trajectory.o
                                      0x86a8e (size before relaxing)
 .debug_str     0x000000000008ae4b     0x201a ./Core/Src/main.o
                                      0x8d1ba (size before relaxing)
 .debug_str     0x000000000008ce65      0x4fd ./Core/Src/stm32f4xx_hal_msp.o
                                      0x8778c (size before relaxing)
 .debug_str     0x000000000008d362      0x130 ./Core/Src/stm32f4xx_it.o
                                      0x8722b (size before relaxing)
 .debug_str     0x000000000008d492       0xdb ./Core/Src/system_stm32f4xx.o
                                      0x86a61 (size before relaxing)
 .debug_str     0x000000000008d56d       0x36 ./Core/Startup/startup_stm32f411retx.o
                                         0x6d (size before relaxing)
 .debug_str     0x000000000008d5a3      0x5fa ./Drivers/STM32F4xx_HAL_Driver/Src/stm32f4xx_hal.o
                                      0x8748d (size before relaxing)
 .debug_str     0x000000000008db9d      0x323 ./Drivers/STM32F4xx_HAL_Driver/Src/stm32f4xx_hal_cortex.o
                                      0x871ae (size before relaxing)
 .debug_str     0x000000000008dec0      0x31d ./Drivers/STM32F4xx_HAL_Driver/Src/stm32f4xx_hal_dma.o
                                      0x86e69 (size before relaxing)
 .debug_str     0x000000000008e1dd      0x121 ./Drivers/STM32F4xx_HAL_Driver/Src/stm32f4xx_hal_gpio.o
                                      0x86bdc (size before relaxing)
 .debug_str     0x000000000008e2fe      0x228 ./Drivers/STM32F4xx_HAL_Driver/Src/stm32f4xx_hal_rcc.o
                                      0x86e95 (size before relaxing)
 .debug_str     0x000000000008e526      0xbf2 ./Drivers/STM32F4xx_HAL_Driver/Src/stm32f4xx_hal_tim.o
                                      0x87dc9 (size before relaxing)
 .debug_str     0x000000000008f118      0x3e1 ./Drivers/STM32F4xx_HAL_Driver/Src/stm32f4xx_hal_tim_ex.o
                                      0x875e5 (size before relaxing)
 .debug_str     0x000000000008f4f9      0x5b9 ./Drivers/STM32F4xx_HAL_Driver/Src/stm32f4xx_hal_uart.o
                                      0x87422 (size before relaxing)
 .debug_str     0x000000000008fab2      0x547 ../Middlewares/Third_Party/ARM_CMSIS/CMSIS/DSP/Lib/GCC\libarm_cortexM4lf_math.a(arm_mat_trans_f32.o)
                                        0x755 (size before relaxing)
 .debug_str     0x000000000008fff9       0x57 ../Middlewares/Third_Party/ARM_CMSIS/CMSIS/DSP/Lib/GCC\libarm_cortexM4lf_math.a(arm_mat_sub_f32.o)
                                        0x768 (size before relaxing)
 .debug_str     0x0000000000090050       0x5c ../Middlewares/Third_Party/ARM_CMSIS/CMSIS/DSP/Lib/GCC\libarm_cortexM4lf_math.a(arm_mat_mult_f32.o)
                                        0x784 (size before relaxing)
 .debug_str     0x00000000000900ac       0xa7 ../Middlewares/Third_Party/ARM_CMSIS/CMSIS/DSP/Lib/GCC\libarm_cortexM4lf_math.a(arm_mat_inverse_f32.o)
                                        0x7c8 (size before relaxing)
 .debug_str     0x0000000000090153       0x39 ../Middlewares/Third_Party/ARM_CMSIS/CMSIS/DSP/Lib/GCC\libarm_cortexM4lf_math.a(arm_mat_init_f32.o)
                                        0x693 (size before relaxing)
 .debug_str     0x000000000009018c       0x2f ../Middlewares/Third_Party/ARM_CMSIS/CMSIS/DSP/Lib/GCC\libarm_cortexM4lf_math.a(arm_mat_add_f32.o)
                                        0x768 (size before relaxing)

.comment        0x0000000000000000       0xc5
 .comment       0x0000000000000000       0x50 ./Core/Src/Kalman.o
                                         0x51 (size before relaxing)
 .comment       0x0000000000000050       0x51 ./Core/Src/PIDVelocity.o
 .comment       0x0000000000000050       0x51 ./Core/Src/Trajectory.o
 .comment       0x0000000000000050       0x51 ./Core/Src/main.o
 .comment       0x0000000000000050       0x51 ./Core/Src/stm32f4xx_hal_msp.o
 .comment       0x0000000000000050       0x51 ./Core/Src/stm32f4xx_it.o
 .comment       0x0000000000000050       0x51 ./Core/Src/system_stm32f4xx.o
 .comment       0x0000000000000050       0x51 ./Drivers/STM32F4xx_HAL_Driver/Src/stm32f4xx_hal.o
 .comment       0x0000000000000050       0x51 ./Drivers/STM32F4xx_HAL_Driver/Src/stm32f4xx_hal_cortex.o
 .comment       0x0000000000000050       0x51 ./Drivers/STM32F4xx_HAL_Driver/Src/stm32f4xx_hal_dma.o
 .comment       0x0000000000000050       0x51 ./Drivers/STM32F4xx_HAL_Driver/Src/stm32f4xx_hal_gpio.o
 .comment       0x0000000000000050       0x51 ./Drivers/STM32F4xx_HAL_Driver/Src/stm32f4xx_hal_rcc.o
 .comment       0x0000000000000050       0x51 ./Drivers/STM32F4xx_HAL_Driver/Src/stm32f4xx_hal_tim.o
 .comment       0x0000000000000050       0x51 ./Drivers/STM32F4xx_HAL_Driver/Src/stm32f4xx_hal_tim_ex.o
 .comment       0x0000000000000050       0x51 ./Drivers/STM32F4xx_HAL_Driver/Src/stm32f4xx_hal_uart.o
 .comment       0x0000000000000050       0x75 ../Middlewares/Third_Party/ARM_CMSIS/CMSIS/DSP/Lib/GCC\libarm_cortexM4lf_math.a(arm_mat_trans_f32.o)
                                         0x76 (size before relaxing)
 .comment       0x00000000000000c5       0x76 ../Middlewares/Third_Party/ARM_CMSIS/CMSIS/DSP/Lib/GCC\libarm_cortexM4lf_math.a(arm_mat_sub_f32.o)
 .comment       0x00000000000000c5       0x76 ../Middlewares/Third_Party/ARM_CMSIS/CMSIS/DSP/Lib/GCC\libarm_cortexM4lf_math.a(arm_mat_mult_f32.o)
 .comment       0x00000000000000c5       0x76 ../Middlewares/Third_Party/ARM_CMSIS/CMSIS/DSP/Lib/GCC\libarm_cortexM4lf_math.a(arm_mat_inverse_f32.o)
 .comment       0x00000000000000c5       0x76 ../Middlewares/Third_Party/ARM_CMSIS/CMSIS/DSP/Lib/GCC\libarm_cortexM4lf_math.a(arm_mat_init_f32.o)
 .comment       0x00000000000000c5       0x76 ../Middlewares/Third_Party/ARM_CMSIS/CMSIS/DSP/Lib/GCC\libarm_cortexM4lf_math.a(arm_mat_add_f32.o)

.debug_frame    0x0000000000000000     0x397c
 .debug_frame   0x0000000000000000       0x60 ./Core/Src/Kalman.o
 .debug_frame   0x0000000000000060       0x64 ./Core/Src/PIDVelocity.o
 .debug_frame   0x00000000000000c4       0x8c ./Core/Src/Trajectory.o
 .debug_frame   0x0000000000000150      0x254 ./Core/Src/main.o
 .debug_frame   0x00000000000003a4      0x17c ./Core/Src/stm32f4xx_hal_msp.o
 .debug_frame   0x0000000000000520      0x158 ./Core/Src/stm32f4xx_it.o
 .debug_frame   0x0000000000000678       0x58 ./Core/Src/system_stm32f4xx.o
 .debug_frame   0x00000000000006d0      0x374 ./Drivers/STM32F4xx_HAL_Driver/Src/stm32f4xx_hal.o
 .debug_frame   0x0000000000000a44      0x498 ./Drivers/STM32F4xx_HAL_Driver/Src/stm32f4xx_hal_cortex.o
 .debug_frame   0x0000000000000edc      0x250 ./Drivers/STM32F4xx_HAL_Driver/Src/stm32f4xx_hal_dma.o
 .debug_frame   0x000000000000112c      0x14c ./Drivers/STM32F4xx_HAL_Driver/Src/stm32f4xx_hal_gpio.o
 .debug_frame   0x0000000000001278      0x1f4 ./Drivers/STM32F4xx_HAL_Driver/Src/stm32f4xx_hal_rcc.o
 .debug_frame   0x000000000000146c     0x11bc ./Drivers/STM32F4xx_HAL_Driver/Src/stm32f4xx_hal_tim.o
 .debug_frame   0x0000000000002628      0x638 ./Drivers/STM32F4xx_HAL_Driver/Src/stm32f4xx_hal_tim_ex.o
 .debug_frame   0x0000000000002c60      0x92c ./Drivers/STM32F4xx_HAL_Driver/Src/stm32f4xx_hal_uart.o
 .debug_frame   0x000000000000358c       0x40 ../Middlewares/Third_Party/ARM_CMSIS/CMSIS/DSP/Lib/GCC\libarm_cortexM4lf_math.a(arm_mat_trans_f32.o)
 .debug_frame   0x00000000000035cc       0x38 ../Middlewares/Third_Party/ARM_CMSIS/CMSIS/DSP/Lib/GCC\libarm_cortexM4lf_math.a(arm_mat_sub_f32.o)
 .debug_frame   0x0000000000003604       0x44 ../Middlewares/Third_Party/ARM_CMSIS/CMSIS/DSP/Lib/GCC\libarm_cortexM4lf_math.a(arm_mat_mult_f32.o)
 .debug_frame   0x0000000000003648       0x4c ../Middlewares/Third_Party/ARM_CMSIS/CMSIS/DSP/Lib/GCC\libarm_cortexM4lf_math.a(arm_mat_inverse_f32.o)
 .debug_frame   0x0000000000003694       0x20 ../Middlewares/Third_Party/ARM_CMSIS/CMSIS/DSP/Lib/GCC\libarm_cortexM4lf_math.a(arm_mat_init_f32.o)
 .debug_frame   0x00000000000036b4       0x38 ../Middlewares/Third_Party/ARM_CMSIS/CMSIS/DSP/Lib/GCC\libarm_cortexM4lf_math.a(arm_mat_add_f32.o)
 .debug_frame   0x00000000000036ec       0x2c b:/stm32/stm32cubeide_1.9.0/stm32cubeide/plugins/com.st.stm32cube.ide.mcu.externaltools.gnu-tools-for-stm32.10.3-2021.10.win32_1.0.0.202111181127/tools/bin/../lib/gcc/arm-none-eabi/10.3.1/../../../../arm-none-eabi/lib/thumb/v7e-m+fp/hard\libc_nano.a(lib_a-init.o)
 .debug_frame   0x0000000000003718       0x20 b:/stm32/stm32cubeide_1.9.0/stm32cubeide/plugins/com.st.stm32cube.ide.mcu.externaltools.gnu-tools-for-stm32.10.3-2021.10.win32_1.0.0.202111181127/tools/bin/../lib/gcc/arm-none-eabi/10.3.1/../../../../arm-none-eabi/lib/thumb/v7e-m+fp/hard\libc_nano.a(lib_a-memset.o)
 .debug_frame   0x0000000000003738       0xac b:/stm32/stm32cubeide_1.9.0/stm32cubeide/plugins/com.st.stm32cube.ide.mcu.externaltools.gnu-tools-for-stm32.10.3-2021.10.win32_1.0.0.202111181127/tools/bin/../lib/gcc/arm-none-eabi/10.3.1/thumb/v7e-m+fp/hard\libgcc.a(_arm_addsubdf3.o)
 .debug_frame   0x00000000000037e4       0x50 b:/stm32/stm32cubeide_1.9.0/stm32cubeide/plugins/com.st.stm32cube.ide.mcu.externaltools.gnu-tools-for-stm32.10.3-2021.10.win32_1.0.0.202111181127/tools/bin/../lib/gcc/arm-none-eabi/10.3.1/thumb/v7e-m+fp/hard\libgcc.a(_arm_muldivdf3.o)
 .debug_frame   0x0000000000003834       0xc4 b:/stm32/stm32cubeide_1.9.0/stm32cubeide/plugins/com.st.stm32cube.ide.mcu.externaltools.gnu-tools-for-stm32.10.3-2021.10.win32_1.0.0.202111181127/tools/bin/../lib/gcc/arm-none-eabi/10.3.1/thumb/v7e-m+fp/hard\libgcc.a(_arm_cmpdf2.o)
 .debug_frame   0x00000000000038f8       0x24 b:/stm32/stm32cubeide_1.9.0/stm32cubeide/plugins/com.st.stm32cube.ide.mcu.externaltools.gnu-tools-for-stm32.10.3-2021.10.win32_1.0.0.202111181127/tools/bin/../lib/gcc/arm-none-eabi/10.3.1/thumb/v7e-m+fp/hard\libgcc.a(_arm_truncdfsf2.o)
 .debug_frame   0x000000000000391c       0x2c b:/stm32/stm32cubeide_1.9.0/stm32cubeide/plugins/com.st.stm32cube.ide.mcu.externaltools.gnu-tools-for-stm32.10.3-2021.10.win32_1.0.0.202111181127/tools/bin/../lib/gcc/arm-none-eabi/10.3.1/thumb/v7e-m+fp/hard\libgcc.a(_aeabi_uldivmod.o)
 .debug_frame   0x0000000000003948       0x34 b:/stm32/stm32cubeide_1.9.0/stm32cubeide/plugins/com.st.stm32cube.ide.mcu.externaltools.gnu-tools-for-stm32.10.3-2021.10.win32_1.0.0.202111181127/tools/bin/../lib/gcc/arm-none-eabi/10.3.1/thumb/v7e-m+fp/hard\libgcc.a(_udivmoddi4.o)

.debug_loc      0x0000000000000000     0x16fd
 .debug_loc     0x0000000000000000      0x30f ../Middlewares/Third_Party/ARM_CMSIS/CMSIS/DSP/Lib/GCC\libarm_cortexM4lf_math.a(arm_mat_trans_f32.o)
 .debug_loc     0x000000000000030f      0x2e6 ../Middlewares/Third_Party/ARM_CMSIS/CMSIS/DSP/Lib/GCC\libarm_cortexM4lf_math.a(arm_mat_sub_f32.o)
 .debug_loc     0x00000000000005f5      0x62c ../Middlewares/Third_Party/ARM_CMSIS/CMSIS/DSP/Lib/GCC\libarm_cortexM4lf_math.a(arm_mat_mult_f32.o)
 .debug_loc     0x0000000000000c21      0x7f6 ../Middlewares/Third_Party/ARM_CMSIS/CMSIS/DSP/Lib/GCC\libarm_cortexM4lf_math.a(arm_mat_inverse_f32.o)
 .debug_loc     0x0000000000001417      0x2e6 ../Middlewares/Third_Party/ARM_CMSIS/CMSIS/DSP/Lib/GCC\libarm_cortexM4lf_math.a(arm_mat_add_f32.o)
